******************************************************************************
                  TI ARM Linker PC v5.2.2                      
******************************************************************************
>> Linked Thu Mar 17 18:17:32 2016

OUTPUT FILE NAME:   <ICOM5217EXP3B3.out>
ENTRY POINT SYMBOL: "_c_int00"  address: 00001179


MEMORY CONFIGURATION

         name            origin    length      used     unused   attr    fill
----------------------  --------  ---------  --------  --------  ----  --------
  FLASH                 00000000   00040000  00001702  0003e8fe  R  X
  SRAM                  20000000   00008000  000004c1  00007b3f  RW X


SEGMENT ALLOCATION MAP

run origin  load origin   length   init length attrs members
----------  ----------- ---------- ----------- ----- -------
00000000    00000000    00001708   00001708    r-x
  00000000    00000000    0000026c   0000026c    r-- .intvecs
  0000026c    0000026c    000011e2   000011e2    r-x .text
  00001450    00001450    0000025c   0000025c    r-- .const
  000016b0    000016b0    00000058   00000058    r-- .cinit
20000000    20000000    000004c4   00000000    rw-
  20000000    20000000    0000026c   00000000    rw- .vtable
  2000026c    2000026c    00000200   00000000    rw- .stack
  2000046c    2000046c    00000031   00000000    rw- .bss
  200004a0    200004a0    00000024   00000000    rw- .data


SECTION ALLOCATION MAP

 output                                  attributes/
section   page    origin      length       input sections
--------  ----  ----------  ----------   ----------------
.intvecs   0    00000000    0000026c     
                  00000000    0000026c     tm4c123gh6pm_startup_ccs.obj (.intvecs)

.text      0    0000026c    000011e2     
                  0000026c    000008d0     main.obj (.text)
                  00000b3c    00000130     driverlib.lib : gpio.obj (.text:GPIOPadConfigSet)
                  00000c6c    0000010c                   : sysctl.obj (.text:SysCtlClockGet)
                  00000d78    000000f0                   : sysctl.obj (.text:SysCtlClockSet)
                  00000e68    0000009c     rtsv7M4_T_le_v4SPD16_eabi.lib : memcpy_t2.obj (.text)
                  00000f04    0000007a                                   : memset_t2.obj (.text)
                  00000f7e    00000002     --HOLE-- [fill = 0]
                  00000f80    0000006c                                   : autoinit.obj (.text)
                  00000fec    0000006a                                   : copy_decompress_rle.obj (.text)
                  00001056    00000002     --HOLE-- [fill = 0]
                  00001058    00000068     driverlib.lib : interrupt.obj (.text:IntEnable)
                  000010c0    00000060                   : timer.obj (.text:TimerConfigure)
                  00001120    00000056                   : gpio.obj (.text:GPIOIntTypeSet)
                  00001176    00000002     --HOLE-- [fill = 0]
                  00001178    00000050     rtsv7M4_T_le_v4SPD16_eabi.lib : boot.obj (.text)
                  000011c8    0000004c                                   : cpy_tbl.obj (.text)
                  00001214    00000044                                   : exit.obj (.text)
                  00001258    00000040     driverlib.lib : gpio.obj (.text:_GPIOIntNumberGet)
                  00001298    00000034                   : interrupt.obj (.text:IntRegister)
                  000012cc    00000034                   : sysctl.obj (.text:SysCtlPeripheralEnable)
                  00001300    0000002a                   : gpio.obj (.text:GPIODirModeSet)
                  0000132a    00000018                   : gpio.obj (.text:GPIOIntRegister)
                  00001342    00000018                   : gpio.obj (.text:GPIOPinTypeGPIOOutput)
                  0000135a    00000002     --HOLE-- [fill = 0]
                  0000135c    00000018     rtsv7M4_T_le_v4SPD16_eabi.lib : args_main.obj (.text)
                  00001374    00000014                                   : _lock.obj (.text)
                  00001388    00000012     driverlib.lib : gpio.obj (.text:GPIOPinTypeGPIOInput)
                  0000139a    00000012                   : timer.obj (.text:TimerLoadSet)
                  000013ac    00000010                   : interrupt.obj (.text:IntMasterEnable)
                  000013bc    0000000e                   : gpio.obj (.text:GPIOIntDisable)
                  000013ca    0000000e                   : timer.obj (.text:TimerEnable)
                  000013d8    0000000e     rtsv7M4_T_le_v4SPD16_eabi.lib : copy_decompress_none.obj (.text:decompress:none)
                  000013e6    0000000c     driverlib.lib : cpu.obj (.text:CPUcpsie)
                  000013f2    0000000c                   : gpio.obj (.text:GPIOIntEnable)
                  000013fe    0000000c     rtsv7M4_T_le_v4SPD16_eabi.lib : copy_zero_init.obj (.text:decompress:ZI)
                  0000140a    0000000c     tm4c123gh6pm_startup_ccs.obj (.text)
                  00001416    0000000a     driverlib.lib : timer.obj (.text:TimerValueGet)
                  00001420    00000008                   : timer.obj (.text:TimerIntEnable)
                  00001428    00000006                   : gpio.obj (.text:GPIOIntClear)
                  0000142e    00000006                   : gpio.obj (.text:GPIOPinRead)
                  00001434    00000006                   : gpio.obj (.text:GPIOPinWrite)
                  0000143a    00000006                   : sysctl.obj (.text:SysCtlDelay)
                  00001440    00000006     rtsv7M4_T_le_v4SPD16_eabi.lib : copy_decompress_rle.obj (.text:decompress:rle24)
                  00001446    00000004     driverlib.lib : timer.obj (.text:TimerIntClear)
                  0000144a    00000004     rtsv7M4_T_le_v4SPD16_eabi.lib : pre_init.obj (.text)

.const     0    00001450    0000025c     
                  00001450    000000c0     driverlib.lib : gpio.obj (.const:g_ppui32GPIOIntMapBlizzard)
                  00001510    000000c0                   : gpio.obj (.const:g_ppui32GPIOIntMapSnowflake)
                  000015d0    00000070                   : interrupt.obj (.const)
                  00001640    0000006c                   : sysctl.obj (.const:g_pui32Xtals)

.cinit     0    000016b0    00000058     
                  000016b0    0000001f     (.cinit..data.load) [load image, compression = rle]
                  000016cf    00000001     --HOLE-- [fill = 0]
                  000016d0    0000000c     (__TI_handler_table)
                  000016dc    00000004     --HOLE-- [fill = 0]
                  000016e0    00000008     (.cinit..bss.load) [load image, compression = zero_init]
                  000016e8    00000008     (.cinit..vtable.load) [load image, compression = zero_init]
                  000016f0    00000018     (__TI_cinit_table)

.init_array 
*          0    00000000    00000000     UNINITIALIZED

.vtable    0    20000000    0000026c     UNINITIALIZED
                  20000000    0000026c     driverlib.lib : interrupt.obj (.vtable)

.stack     0    2000026c    00000200     UNINITIALIZED
                  2000026c    00000200     --HOLE--

.bss       0    2000046c    00000031     UNINITIALIZED
                  2000046c    00000004     (.common:debounceCounter)
                  20000470    00000004     (.common:depress)
                  20000474    00000004     (.common:depress1)
                  20000478    00000004     (.common:frequency)
                  2000047c    00000004     (.common:gameOver)
                  20000480    00000004     (.common:gameStatus)
                  20000484    00000004     (.common:guessValue)
                  20000488    00000004     (.common:pressDown)
                  2000048c    00000004     (.common:pressUp)
                  20000490    00000004     (.common:restartGame)
                  20000494    00000004     (.common:timerValue)
                  20000498    00000004     (.common:ui32Period)
                  2000049c    00000001     (.common:buzzerValue)

.TI.noinit 
*          0    2000046c    00000000     UNINITIALIZED

.data      0    200004a0    00000024     UNINITIALIZED
                  200004a0    0000000e     main.obj (.data)
                  200004ae    00000002     --HOLE--
                  200004b0    00000008     rtsv7M4_T_le_v4SPD16_eabi.lib : _lock.obj (.data)
                  200004b8    00000008                                   : exit.obj (.data)
                  200004c0    00000004                                   : stkdepth_vars.obj (.data)

.TI.persistent 
*          0    200004a0    00000000     UNINITIALIZED


LINKER GENERATED COPY TABLES

__TI_cinit_table @ 000016f0 records: 3, size/record: 8, table size: 24
	.data: load addr=000016b0, load size=0000001f bytes, run addr=200004a0, run size=00000024 bytes, compression=rle
	.bss: load addr=000016e0, load size=00000008 bytes, run addr=2000046c, run size=00000031 bytes, compression=zero_init
	.vtable: load addr=000016e8, load size=00000008 bytes, run addr=20000000, run size=0000026c bytes, compression=zero_init


LINKER GENERATED HANDLER TABLE

__TI_handler_table @ 000016d0 records: 3, size/record: 4, table size: 12
	index: 0, handler: __TI_zero_init
	index: 1, handler: __TI_decompress_rle24
	index: 2, handler: __TI_decompress_none


GLOBAL SYMBOLS: SORTED ALPHABETICALLY BY Name 

address   name                    
-------   ----                    
00001215  C$$EXIT                 
000013e7  CPUcpsie                
200004a1  E                       
200004a8  EHigh                   
000006f5  FourBitInitialize       
00001301  GPIODirModeSet          
00001429  GPIOIntClear            
000013bd  GPIOIntDisable          
000013f3  GPIOIntEnable           
0000132b  GPIOIntRegister         
00001121  GPIOIntTypeSet          
00000b3d  GPIOPadConfigSet        
0000142f  GPIOPinRead             
00001389  GPIOPinTypeGPIOInput    
00001343  GPIOPinTypeGPIOOutput   
00001435  GPIOPinWrite            
00001059  IntEnable               
000013ad  IntMasterEnable         
00001299  IntRegister             
200004a0  RS                      
200004a7  RSHigh                  
200004a2  RW                      
200004a9  RWHigh                  
0000140b  ResetISR                
UNDEFED   SHT$$INIT_ARRAY$$Base   
UNDEFED   SHT$$INIT_ARRAY$$Limit  
00000c6d  SysCtlClockGet          
00000d79  SysCtlClockSet          
0000143b  SysCtlDelay             
000012cd  SysCtlPeripheralEnable  
0000054d  Timer0IntHandler        
000010c1  TimerConfigure          
000013cb  TimerEnable             
00001447  TimerIntClear           
00001421  TimerIntEnable          
0000139b  TimerLoadSet            
00001417  TimerValueGet           
2000046c  __STACK_END             
00000200  __STACK_SIZE            
2000046c  __STACK_TOP             
000016f0  __TI_CINIT_Base         
00001708  __TI_CINIT_Limit        
000016d0  __TI_Handler_Table_Base 
000016dc  __TI_Handler_Table_Limit
00000f81  __TI_auto_init          
200004b8  __TI_cleanup_ptr        
000013d9  __TI_decompress_none    
00001441  __TI_decompress_rle24   
200004bc  __TI_dtors_ptr          
00000000  __TI_static_base__      
000013ff  __TI_zero_init          
00000f05  __aeabi_memclr          
00000f05  __aeabi_memclr4         
00000f05  __aeabi_memclr8         
00000e69  __aeabi_memcpy          
00000e69  __aeabi_memcpy4         
00000e69  __aeabi_memcpy8         
00000f07  __aeabi_memset          
00000f07  __aeabi_memset4         
00000f07  __aeabi_memset8         
ffffffff  __binit__               
ffffffff  __c_args__              
2000026c  __stack                 
0000135d  _args_main              
00001179  _c_int00                
200004b0  _lock                   
00001383  _nop                    
0000137b  _register_lock          
00001375  _register_unlock        
0000144b  _system_pre_init        
200004b4  _unlock                 
00001219  abort                   
ffffffff  binit                   
200004a3  bit4                    
200004aa  bit4High                
200004a4  bit5                    
200004ab  bit5High                
200004a5  bit6                    
200004ac  bit6High                
200004a6  bit7                    
200004ad  bit7High                
2000049c  buzzerValue             
000011c9  copy_in                 
2000046c  debounceCounter         
20000470  depress                 
20000474  depress1                
00001221  exit                    
20000478  frequency               
0000051f  frequencyLess           
000004f1  frequencyPlus           
20000000  g_pfnRAMVectors         
00000000  g_pfnVectors            
2000047c  gameOver                
0000087d  gameOverMessage         
20000480  gameStatus              
000008c5  gameStatus1             
20000484  guessValue              
00000a13  guessValueDecrease      
000009f1  guessValueIncrease      
0000026d  main                    
200004c0  main_func_sp            
00000e69  memcpy                  
00000f0d  memset                  
000007a1  millisDelay             
00000475  portAISR                
000004b7  portCISR                
20000488  pressDown               
2000048c  pressUp                 
00000a3d  printGuessValue         
000007b1  printRandom             
20000490  restartGame             
00000849  restartMessage          
00000639  send4BitCommand         
00000595  send6BitCommand         
00000771  sendCharacter           
20000494  timerValue              
00000af9  timerValuePrint         
20000498  ui32Period              
00000ad1  winMessage              


GLOBAL SYMBOLS: SORTED BY Symbol Address 

address   name                    
-------   ----                    
00000000  __TI_static_base__      
00000000  g_pfnVectors            
00000200  __STACK_SIZE            
0000026d  main                    
00000475  portAISR                
000004b7  portCISR                
000004f1  frequencyPlus           
0000051f  frequencyLess           
0000054d  Timer0IntHandler        
00000595  send6BitCommand         
00000639  send4BitCommand         
000006f5  FourBitInitialize       
00000771  sendCharacter           
000007a1  millisDelay             
000007b1  printRandom             
00000849  restartMessage          
0000087d  gameOverMessage         
000008c5  gameStatus1             
000009f1  guessValueIncrease      
00000a13  guessValueDecrease      
00000a3d  printGuessValue         
00000ad1  winMessage              
00000af9  timerValuePrint         
00000b3d  GPIOPadConfigSet        
00000c6d  SysCtlClockGet          
00000d79  SysCtlClockSet          
00000e69  __aeabi_memcpy          
00000e69  __aeabi_memcpy4         
00000e69  __aeabi_memcpy8         
00000e69  memcpy                  
00000f05  __aeabi_memclr          
00000f05  __aeabi_memclr4         
00000f05  __aeabi_memclr8         
00000f07  __aeabi_memset          
00000f07  __aeabi_memset4         
00000f07  __aeabi_memset8         
00000f0d  memset                  
00000f81  __TI_auto_init          
00001059  IntEnable               
000010c1  TimerConfigure          
00001121  GPIOIntTypeSet          
00001179  _c_int00                
000011c9  copy_in                 
00001215  C$$EXIT                 
00001219  abort                   
00001221  exit                    
00001299  IntRegister             
000012cd  SysCtlPeripheralEnable  
00001301  GPIODirModeSet          
0000132b  GPIOIntRegister         
00001343  GPIOPinTypeGPIOOutput   
0000135d  _args_main              
00001375  _register_unlock        
0000137b  _register_lock          
00001383  _nop                    
00001389  GPIOPinTypeGPIOInput    
0000139b  TimerLoadSet            
000013ad  IntMasterEnable         
000013bd  GPIOIntDisable          
000013cb  TimerEnable             
000013d9  __TI_decompress_none    
000013e7  CPUcpsie                
000013f3  GPIOIntEnable           
000013ff  __TI_zero_init          
0000140b  ResetISR                
00001417  TimerValueGet           
00001421  TimerIntEnable          
00001429  GPIOIntClear            
0000142f  GPIOPinRead             
00001435  GPIOPinWrite            
0000143b  SysCtlDelay             
00001441  __TI_decompress_rle24   
00001447  TimerIntClear           
0000144b  _system_pre_init        
000016d0  __TI_Handler_Table_Base 
000016dc  __TI_Handler_Table_Limit
000016f0  __TI_CINIT_Base         
00001708  __TI_CINIT_Limit        
20000000  g_pfnRAMVectors         
2000026c  __stack                 
2000046c  __STACK_END             
2000046c  __STACK_TOP             
2000046c  debounceCounter         
20000470  depress                 
20000474  depress1                
20000478  frequency               
2000047c  gameOver                
20000480  gameStatus              
20000484  guessValue              
20000488  pressDown               
2000048c  pressUp                 
20000490  restartGame             
20000494  timerValue              
20000498  ui32Period              
2000049c  buzzerValue             
200004a0  RS                      
200004a1  E                       
200004a2  RW                      
200004a3  bit4                    
200004a4  bit5                    
200004a5  bit6                    
200004a6  bit7                    
200004a7  RSHigh                  
200004a8  EHigh                   
200004a9  RWHigh                  
200004aa  bit4High                
200004ab  bit5High                
200004ac  bit6High                
200004ad  bit7High                
200004b0  _lock                   
200004b4  _unlock                 
200004b8  __TI_cleanup_ptr        
200004bc  __TI_dtors_ptr          
200004c0  main_func_sp            
ffffffff  __binit__               
ffffffff  __c_args__              
ffffffff  binit                   
UNDEFED   SHT$$INIT_ARRAY$$Base   
UNDEFED   SHT$$INIT_ARRAY$$Limit  

[119 symbols]
