******************************************************************************
                  TI ARM Linker PC v5.2.2                      
******************************************************************************
>> Linked Thu Mar 31 16:39:23 2016

OUTPUT FILE NAME:   <ICOM5217EXP3B3.out>
ENTRY POINT SYMBOL: "_c_int00"  address: 000011a1


MEMORY CONFIGURATION

         name            origin    length      used     unused   attr    fill
----------------------  --------  ---------  --------  --------  ----  --------
  FLASH                 00000000   00040000  00001746  0003e8ba  R  X
  SRAM                  20000000   00008000  000004c1  00007b3f  RW X


SEGMENT ALLOCATION MAP

run origin  load origin   length   init length attrs members
----------  ----------- ---------- ----------- ----- -------
00000000    00000000    00001748   00001748    r-x
  00000000    00000000    0000026c   0000026c    r-- .intvecs
  0000026c    0000026c    00001226   00001226    r-x .text
  00001494    00001494    0000025c   0000025c    r-- .const
  000016f0    000016f0    00000058   00000058    r-- .cinit
20000000    20000000    000004c4   00000000    rw-
  20000000    20000000    0000026c   00000000    rw- .vtable
  2000026c    2000026c    00000200   00000000    rw- .stack
  2000046c    2000046c    00000031   00000000    rw- .bss
  200004a0    200004a0    00000024   00000000    rw- .data


SECTION ALLOCATION MAP

 output                                  attributes/
section   page    origin      length       input sections
--------  ----  ----------  ----------   ----------------
.intvecs   0    00000000    0000026c     
                  00000000    0000026c     tm4c123gh6pm_startup_ccs.obj (.intvecs)

.text      0    0000026c    00001226     
                  0000026c    000008f8     main.obj (.text)
                  00000b64    00000130     driverlib.lib : gpio.obj (.text:GPIOPadConfigSet)
                  00000c94    0000010c                   : sysctl.obj (.text:SysCtlClockGet)
                  00000da0    000000f0                   : sysctl.obj (.text:SysCtlClockSet)
                  00000e90    0000009c     rtsv7M4_T_le_v4SPD16_eabi.lib : memcpy_t2.obj (.text)
                  00000f2c    0000007a                                   : memset_t2.obj (.text)
                  00000fa6    00000002     --HOLE-- [fill = 0]
                  00000fa8    0000006c                                   : autoinit.obj (.text)
                  00001014    0000006a                                   : copy_decompress_rle.obj (.text)
                  0000107e    00000002     --HOLE-- [fill = 0]
                  00001080    00000068     driverlib.lib : interrupt.obj (.text:IntEnable)
                  000010e8    00000060                   : timer.obj (.text:TimerConfigure)
                  00001148    00000056                   : gpio.obj (.text:GPIOIntTypeSet)
                  0000119e    00000002     --HOLE-- [fill = 0]
                  000011a0    00000050     rtsv7M4_T_le_v4SPD16_eabi.lib : boot.obj (.text)
                  000011f0    0000004c                                   : cpy_tbl.obj (.text)
                  0000123c    00000044                                   : exit.obj (.text)
                  00001280    00000040     driverlib.lib : gpio.obj (.text:_GPIOIntNumberGet)
                  000012c0    00000034                   : interrupt.obj (.text:IntRegister)
                  000012f4    00000034                   : sysctl.obj (.text:SysCtlPeripheralEnable)
                  00001328    0000002a                   : gpio.obj (.text:GPIODirModeSet)
                  00001352    00000018                   : gpio.obj (.text:GPIOIntRegister)
                  0000136a    00000018                   : gpio.obj (.text:GPIOPinTypeGPIOOutput)
                  00001382    00000002     --HOLE-- [fill = 0]
                  00001384    00000018     rtsv7M4_T_le_v4SPD16_eabi.lib : args_main.obj (.text)
                  0000139c    00000014                                   : _lock.obj (.text)
                  000013b0    00000012     driverlib.lib : gpio.obj (.text:GPIOPinTypeGPIOInput)
                  000013c2    00000012                   : timer.obj (.text:TimerLoadSet)
                  000013d4    00000010                   : interrupt.obj (.text:IntMasterDisable)
                  000013e4    00000010                   : interrupt.obj (.text:IntMasterEnable)
                  000013f4    0000000e                   : gpio.obj (.text:GPIOIntDisable)
                  00001402    0000000e                   : timer.obj (.text:TimerEnable)
                  00001410    0000000e     rtsv7M4_T_le_v4SPD16_eabi.lib : copy_decompress_none.obj (.text:decompress:none)
                  0000141e    0000000c     driverlib.lib : cpu.obj (.text:CPUcpsid)
                  0000142a    0000000c                   : cpu.obj (.text:CPUcpsie)
                  00001436    0000000c                   : gpio.obj (.text:GPIOIntEnable)
                  00001442    0000000c     rtsv7M4_T_le_v4SPD16_eabi.lib : copy_zero_init.obj (.text:decompress:ZI)
                  0000144e    0000000c     tm4c123gh6pm_startup_ccs.obj (.text)
                  0000145a    0000000a     driverlib.lib : timer.obj (.text:TimerValueGet)
                  00001464    00000008                   : timer.obj (.text:TimerIntEnable)
                  0000146c    00000006                   : gpio.obj (.text:GPIOIntClear)
                  00001472    00000006                   : gpio.obj (.text:GPIOPinRead)
                  00001478    00000006                   : gpio.obj (.text:GPIOPinWrite)
                  0000147e    00000006                   : sysctl.obj (.text:SysCtlDelay)
                  00001484    00000006     rtsv7M4_T_le_v4SPD16_eabi.lib : copy_decompress_rle.obj (.text:decompress:rle24)
                  0000148a    00000004     driverlib.lib : timer.obj (.text:TimerIntClear)
                  0000148e    00000004     rtsv7M4_T_le_v4SPD16_eabi.lib : pre_init.obj (.text)

.const     0    00001494    0000025c     
                  00001494    000000c0     driverlib.lib : gpio.obj (.const:g_ppui32GPIOIntMapBlizzard)
                  00001554    000000c0                   : gpio.obj (.const:g_ppui32GPIOIntMapSnowflake)
                  00001614    00000070                   : interrupt.obj (.const)
                  00001684    0000006c                   : sysctl.obj (.const:g_pui32Xtals)

.cinit     0    000016f0    00000058     
                  000016f0    0000001f     (.cinit..data.load) [load image, compression = rle]
                  0000170f    00000001     --HOLE-- [fill = 0]
                  00001710    0000000c     (__TI_handler_table)
                  0000171c    00000004     --HOLE-- [fill = 0]
                  00001720    00000008     (.cinit..bss.load) [load image, compression = zero_init]
                  00001728    00000008     (.cinit..vtable.load) [load image, compression = zero_init]
                  00001730    00000018     (__TI_cinit_table)

.init_array 
*          0    00000000    00000000     UNINITIALIZED

.vtable    0    20000000    0000026c     UNINITIALIZED
                  20000000    0000026c     driverlib.lib : interrupt.obj (.vtable)

.stack     0    2000026c    00000200     UNINITIALIZED
                  2000026c    00000200     --HOLE--

.bss       0    2000046c    00000031     UNINITIALIZED
                  2000046c    00000004     (.common:debounceCounter)
                  20000470    00000004     (.common:depress)
                  20000474    00000004     (.common:depress1)
                  20000478    00000004     (.common:frequency)
                  2000047c    00000004     (.common:gameOver)
                  20000480    00000004     (.common:gameStatus)
                  20000484    00000004     (.common:guessValue)
                  20000488    00000004     (.common:pressDown)
                  2000048c    00000004     (.common:pressUp)
                  20000490    00000004     (.common:restartGame)
                  20000494    00000004     (.common:timerValue)
                  20000498    00000004     (.common:ui32Period)
                  2000049c    00000001     (.common:buzzerValue)

.TI.noinit 
*          0    2000046c    00000000     UNINITIALIZED

.data      0    200004a0    00000024     UNINITIALIZED
                  200004a0    0000000e     main.obj (.data)
                  200004ae    00000002     --HOLE--
                  200004b0    00000008     rtsv7M4_T_le_v4SPD16_eabi.lib : _lock.obj (.data)
                  200004b8    00000008                                   : exit.obj (.data)
                  200004c0    00000004                                   : stkdepth_vars.obj (.data)

.TI.persistent 
*          0    200004a0    00000000     UNINITIALIZED


LINKER GENERATED COPY TABLES

__TI_cinit_table @ 00001730 records: 3, size/record: 8, table size: 24
	.data: load addr=000016f0, load size=0000001f bytes, run addr=200004a0, run size=00000024 bytes, compression=rle
	.bss: load addr=00001720, load size=00000008 bytes, run addr=2000046c, run size=00000031 bytes, compression=zero_init
	.vtable: load addr=00001728, load size=00000008 bytes, run addr=20000000, run size=0000026c bytes, compression=zero_init


LINKER GENERATED HANDLER TABLE

__TI_handler_table @ 00001710 records: 3, size/record: 4, table size: 12
	index: 0, handler: __TI_zero_init
	index: 1, handler: __TI_decompress_rle24
	index: 2, handler: __TI_decompress_none


GLOBAL SYMBOLS: SORTED ALPHABETICALLY BY Name 

address   name                    
-------   ----                    
0000123d  C$$EXIT                 
0000141f  CPUcpsid                
0000142b  CPUcpsie                
200004a1  E                       
200004a8  EHigh                   
00000705  FourBitInitialize       
00001329  GPIODirModeSet          
0000146d  GPIOIntClear            
000013f5  GPIOIntDisable          
00001437  GPIOIntEnable           
00001353  GPIOIntRegister         
00001149  GPIOIntTypeSet          
00000b65  GPIOPadConfigSet        
00001473  GPIOPinRead             
000013b1  GPIOPinTypeGPIOInput    
0000136b  GPIOPinTypeGPIOOutput   
00001479  GPIOPinWrite            
00001081  IntEnable               
000013d5  IntMasterDisable        
000013e5  IntMasterEnable         
000012c1  IntRegister             
200004a0  RS                      
200004a7  RSHigh                  
200004a2  RW                      
200004a9  RWHigh                  
0000144f  ResetISR                
UNDEFED   SHT$$INIT_ARRAY$$Base   
UNDEFED   SHT$$INIT_ARRAY$$Limit  
00000c95  SysCtlClockGet          
00000da1  SysCtlClockSet          
0000147f  SysCtlDelay             
000012f5  SysCtlPeripheralEnable  
0000055f  Timer0IntHandler        
000010e9  TimerConfigure          
00001403  TimerEnable             
0000148b  TimerIntClear           
00001465  TimerIntEnable          
000013c3  TimerLoadSet            
0000145b  TimerValueGet           
2000046c  __STACK_END             
00000200  __STACK_SIZE            
2000046c  __STACK_TOP             
00001730  __TI_CINIT_Base         
00001748  __TI_CINIT_Limit        
00001710  __TI_Handler_Table_Base 
0000171c  __TI_Handler_Table_Limit
00000fa9  __TI_auto_init          
200004b8  __TI_cleanup_ptr        
00001411  __TI_decompress_none    
00001485  __TI_decompress_rle24   
200004bc  __TI_dtors_ptr          
00000000  __TI_static_base__      
00001443  __TI_zero_init          
00000f2d  __aeabi_memclr          
00000f2d  __aeabi_memclr4         
00000f2d  __aeabi_memclr8         
00000e91  __aeabi_memcpy          
00000e91  __aeabi_memcpy4         
00000e91  __aeabi_memcpy8         
00000f2f  __aeabi_memset          
00000f2f  __aeabi_memset4         
00000f2f  __aeabi_memset8         
ffffffff  __binit__               
ffffffff  __c_args__              
2000026c  __stack                 
00001385  _args_main              
000011a1  _c_int00                
200004b0  _lock                   
000013ab  _nop                    
000013a3  _register_lock          
0000139d  _register_unlock        
0000148f  _system_pre_init        
200004b4  _unlock                 
00001241  abort                   
ffffffff  binit                   
200004a3  bit4                    
200004aa  bit4High                
200004a4  bit5                    
200004ab  bit5High                
200004a5  bit6                    
200004ac  bit6High                
200004a6  bit7                    
200004ad  bit7High                
2000049c  buzzerValue             
000011f1  copy_in                 
2000046c  debounceCounter         
20000470  depress                 
20000474  depress1                
00001249  exit                    
20000478  frequency               
00000531  frequencyLess           
00000503  frequencyPlus           
20000000  g_pfnRAMVectors         
00000000  g_pfnVectors            
2000047c  gameOver                
0000088d  gameOverMessage         
20000480  gameStatus              
000008e9  gameStatus1             
20000484  guessValue              
00000a3d  guessValueDecrease      
00000a1b  guessValueIncrease      
0000026d  main                    
200004c0  main_func_sp            
00000e91  memcpy                  
00000f35  memset                  
000007b1  millisDelay             
00000477  portAISR                
000004c1  portCISR                
20000488  pressDown               
2000048c  pressUp                 
00000a69  printGuessValue         
000007c1  printRandom             
20000490  restartGame             
00000859  restartMessage          
00000649  send4BitCommand         
000005c1  send6BitCommand         
00000781  sendCharacter           
20000494  timerValue              
00000b1f  timerValuePrint         
20000498  ui32Period              
00000af7  winMessage              


GLOBAL SYMBOLS: SORTED BY Symbol Address 

address   name                    
-------   ----                    
00000000  __TI_static_base__      
00000000  g_pfnVectors            
00000200  __STACK_SIZE            
0000026d  main                    
00000477  portAISR                
000004c1  portCISR                
00000503  frequencyPlus           
00000531  frequencyLess           
0000055f  Timer0IntHandler        
000005c1  send6BitCommand         
00000649  send4BitCommand         
00000705  FourBitInitialize       
00000781  sendCharacter           
000007b1  millisDelay             
000007c1  printRandom             
00000859  restartMessage          
0000088d  gameOverMessage         
000008e9  gameStatus1             
00000a1b  guessValueIncrease      
00000a3d  guessValueDecrease      
00000a69  printGuessValue         
00000af7  winMessage              
00000b1f  timerValuePrint         
00000b65  GPIOPadConfigSet        
00000c95  SysCtlClockGet          
00000da1  SysCtlClockSet          
00000e91  __aeabi_memcpy          
00000e91  __aeabi_memcpy4         
00000e91  __aeabi_memcpy8         
00000e91  memcpy                  
00000f2d  __aeabi_memclr          
00000f2d  __aeabi_memclr4         
00000f2d  __aeabi_memclr8         
00000f2f  __aeabi_memset          
00000f2f  __aeabi_memset4         
00000f2f  __aeabi_memset8         
00000f35  memset                  
00000fa9  __TI_auto_init          
00001081  IntEnable               
000010e9  TimerConfigure          
00001149  GPIOIntTypeSet          
000011a1  _c_int00                
000011f1  copy_in                 
0000123d  C$$EXIT                 
00001241  abort                   
00001249  exit                    
000012c1  IntRegister             
000012f5  SysCtlPeripheralEnable  
00001329  GPIODirModeSet          
00001353  GPIOIntRegister         
0000136b  GPIOPinTypeGPIOOutput   
00001385  _args_main              
0000139d  _register_unlock        
000013a3  _register_lock          
000013ab  _nop                    
000013b1  GPIOPinTypeGPIOInput    
000013c3  TimerLoadSet            
000013d5  IntMasterDisable        
000013e5  IntMasterEnable         
000013f5  GPIOIntDisable          
00001403  TimerEnable             
00001411  __TI_decompress_none    
0000141f  CPUcpsid                
0000142b  CPUcpsie                
00001437  GPIOIntEnable           
00001443  __TI_zero_init          
0000144f  ResetISR                
0000145b  TimerValueGet           
00001465  TimerIntEnable          
0000146d  GPIOIntClear            
00001473  GPIOPinRead             
00001479  GPIOPinWrite            
0000147f  SysCtlDelay             
00001485  __TI_decompress_rle24   
0000148b  TimerIntClear           
0000148f  _system_pre_init        
00001710  __TI_Handler_Table_Base 
0000171c  __TI_Handler_Table_Limit
00001730  __TI_CINIT_Base         
00001748  __TI_CINIT_Limit        
20000000  g_pfnRAMVectors         
2000026c  __stack                 
2000046c  __STACK_END             
2000046c  __STACK_TOP             
2000046c  debounceCounter         
20000470  depress                 
20000474  depress1                
20000478  frequency               
2000047c  gameOver                
20000480  gameStatus              
20000484  guessValue              
20000488  pressDown               
2000048c  pressUp                 
20000490  restartGame             
20000494  timerValue              
20000498  ui32Period              
2000049c  buzzerValue             
200004a0  RS                      
200004a1  E                       
200004a2  RW                      
200004a3  bit4                    
200004a4  bit5                    
200004a5  bit6                    
200004a6  bit7                    
200004a7  RSHigh                  
200004a8  EHigh                   
200004a9  RWHigh                  
200004aa  bit4High                
200004ab  bit5High                
200004ac  bit6High                
200004ad  bit7High                
200004b0  _lock                   
200004b4  _unlock                 
200004b8  __TI_cleanup_ptr        
200004bc  __TI_dtors_ptr          
200004c0  main_func_sp            
ffffffff  __binit__               
ffffffff  __c_args__              
ffffffff  binit                   
UNDEFED   SHT$$INIT_ARRAY$$Base   
UNDEFED   SHT$$INIT_ARRAY$$Limit  

[121 symbols]
