******************************************************************************
                  TI ARM Linker PC v5.2.2                      
******************************************************************************
>> Linked Thu Mar 31 17:21:20 2016

OUTPUT FILE NAME:   <ICOM5217EXP3B3.out>
ENTRY POINT SYMBOL: "_c_int00"  address: 00000ff9


MEMORY CONFIGURATION

         name            origin    length      used     unused   attr    fill
----------------------  --------  ---------  --------  --------  ----  --------
  FLASH                 00000000   00040000  0000152e  0003ead2  R  X
  SRAM                  20000000   00008000  000004b9  00007b47  RW X


SEGMENT ALLOCATION MAP

run origin  load origin   length   init length attrs members
----------  ----------- ---------- ----------- ----- -------
00000000    00000000    00001530   00001530    r-x
  00000000    00000000    0000026c   0000026c    r-- .intvecs
  0000026c    0000026c    0000107a   0000107a    r-x .text
  000012e8    000012e8    000001f0   000001f0    r-- .const
  000014d8    000014d8    00000058   00000058    r-- .cinit
20000000    20000000    000004bc   00000000    rw-
  20000000    20000000    0000026c   00000000    rw- .vtable
  2000026c    2000026c    00000200   00000000    rw- .stack
  2000046c    2000046c    00000029   00000000    rw- .bss
  20000498    20000498    00000024   00000000    rw- .data


SECTION ALLOCATION MAP

 output                                  attributes/
section   page    origin      length       input sections
--------  ----  ----------  ----------   ----------------
.intvecs   0    00000000    0000026c     
                  00000000    0000026c     tm4c123gh6pm_startup_ccs.obj (.intvecs)

.text      0    0000026c    0000107a     
                  0000026c    0000085c     main.obj (.text)
                  00000ac8    00000130     driverlib.lib : gpio.obj (.text:GPIOPadConfigSet)
                  00000bf8    000000f0                   : sysctl.obj (.text:SysCtlClockSet)
                  00000ce8    0000009c     rtsv7M4_T_le_v4SPD16_eabi.lib : memcpy_t2.obj (.text)
                  00000d84    0000007a                                   : memset_t2.obj (.text)
                  00000dfe    00000002     --HOLE-- [fill = 0]
                  00000e00    0000006c                                   : autoinit.obj (.text)
                  00000e6c    0000006a                                   : copy_decompress_rle.obj (.text)
                  00000ed6    00000002     --HOLE-- [fill = 0]
                  00000ed8    00000068     driverlib.lib : interrupt.obj (.text:IntEnable)
                  00000f40    00000060                   : timer.obj (.text:TimerConfigure)
                  00000fa0    00000056                   : gpio.obj (.text:GPIOIntTypeSet)
                  00000ff6    00000002     --HOLE-- [fill = 0]
                  00000ff8    00000050     rtsv7M4_T_le_v4SPD16_eabi.lib : boot.obj (.text)
                  00001048    0000004c                                   : cpy_tbl.obj (.text)
                  00001094    00000044                                   : exit.obj (.text)
                  000010d8    00000040     driverlib.lib : gpio.obj (.text:_GPIOIntNumberGet)
                  00001118    00000034                   : interrupt.obj (.text:IntRegister)
                  0000114c    00000034                   : sysctl.obj (.text:SysCtlPeripheralEnable)
                  00001180    0000002a                   : gpio.obj (.text:GPIODirModeSet)
                  000011aa    00000018                   : gpio.obj (.text:GPIOIntRegister)
                  000011c2    00000018                   : gpio.obj (.text:GPIOPinTypeGPIOOutput)
                  000011da    00000002     --HOLE-- [fill = 0]
                  000011dc    00000018     rtsv7M4_T_le_v4SPD16_eabi.lib : args_main.obj (.text)
                  000011f4    00000014                                   : _lock.obj (.text)
                  00001208    00000012     driverlib.lib : gpio.obj (.text:GPIOPinTypeGPIOInput)
                  0000121a    00000012                   : timer.obj (.text:TimerLoadSet)
                  0000122c    00000010                   : interrupt.obj (.text:IntMasterDisable)
                  0000123c    00000010                   : interrupt.obj (.text:IntMasterEnable)
                  0000124c    0000000e                   : gpio.obj (.text:GPIOIntDisable)
                  0000125a    0000000e                   : timer.obj (.text:TimerEnable)
                  00001268    0000000e     rtsv7M4_T_le_v4SPD16_eabi.lib : copy_decompress_none.obj (.text:decompress:none)
                  00001276    0000000c     driverlib.lib : cpu.obj (.text:CPUcpsid)
                  00001282    0000000c                   : cpu.obj (.text:CPUcpsie)
                  0000128e    0000000c                   : gpio.obj (.text:GPIOIntEnable)
                  0000129a    0000000c     rtsv7M4_T_le_v4SPD16_eabi.lib : copy_zero_init.obj (.text:decompress:ZI)
                  000012a6    0000000c     tm4c123gh6pm_startup_ccs.obj (.text)
                  000012b2    0000000a     driverlib.lib : timer.obj (.text:TimerValueGet)
                  000012bc    00000008                   : timer.obj (.text:TimerIntEnable)
                  000012c4    00000006                   : gpio.obj (.text:GPIOIntClear)
                  000012ca    00000006                   : gpio.obj (.text:GPIOPinRead)
                  000012d0    00000006                   : gpio.obj (.text:GPIOPinWrite)
                  000012d6    00000006                   : sysctl.obj (.text:SysCtlDelay)
                  000012dc    00000006     rtsv7M4_T_le_v4SPD16_eabi.lib : copy_decompress_rle.obj (.text:decompress:rle24)
                  000012e2    00000004                                   : pre_init.obj (.text)

.const     0    000012e8    000001f0     
                  000012e8    000000c0     driverlib.lib : gpio.obj (.const:g_ppui32GPIOIntMapBlizzard)
                  000013a8    000000c0                   : gpio.obj (.const:g_ppui32GPIOIntMapSnowflake)
                  00001468    00000070                   : interrupt.obj (.const)

.cinit     0    000014d8    00000058     
                  000014d8    0000001f     (.cinit..data.load) [load image, compression = rle]
                  000014f7    00000001     --HOLE-- [fill = 0]
                  000014f8    0000000c     (__TI_handler_table)
                  00001504    00000004     --HOLE-- [fill = 0]
                  00001508    00000008     (.cinit..bss.load) [load image, compression = zero_init]
                  00001510    00000008     (.cinit..vtable.load) [load image, compression = zero_init]
                  00001518    00000018     (__TI_cinit_table)

.init_array 
*          0    00000000    00000000     UNINITIALIZED

.vtable    0    20000000    0000026c     UNINITIALIZED
                  20000000    0000026c     driverlib.lib : interrupt.obj (.vtable)

.stack     0    2000026c    00000200     UNINITIALIZED
                  2000026c    00000200     --HOLE--

.bss       0    2000046c    00000029     UNINITIALIZED
                  2000046c    00000004     (.common:debounceCounter)
                  20000470    00000004     (.common:depress)
                  20000474    00000004     (.common:depress1)
                  20000478    00000004     (.common:gameOver)
                  2000047c    00000004     (.common:gameStatus)
                  20000480    00000004     (.common:guessValue)
                  20000484    00000004     (.common:pressDown)
                  20000488    00000004     (.common:pressUp)
                  2000048c    00000004     (.common:restartGame)
                  20000490    00000004     (.common:timerValue)
                  20000494    00000001     (.common:buzzerValue)

.TI.noinit 
*          0    2000046c    00000000     UNINITIALIZED

.data      0    20000498    00000024     UNINITIALIZED
                  20000498    0000000e     main.obj (.data)
                  200004a6    00000002     --HOLE--
                  200004a8    00000008     rtsv7M4_T_le_v4SPD16_eabi.lib : _lock.obj (.data)
                  200004b0    00000008                                   : exit.obj (.data)
                  200004b8    00000004                                   : stkdepth_vars.obj (.data)

.TI.persistent 
*          0    20000498    00000000     UNINITIALIZED


LINKER GENERATED COPY TABLES

__TI_cinit_table @ 00001518 records: 3, size/record: 8, table size: 24
	.data: load addr=000014d8, load size=0000001f bytes, run addr=20000498, run size=00000024 bytes, compression=rle
	.bss: load addr=00001508, load size=00000008 bytes, run addr=2000046c, run size=00000029 bytes, compression=zero_init
	.vtable: load addr=00001510, load size=00000008 bytes, run addr=20000000, run size=0000026c bytes, compression=zero_init


LINKER GENERATED HANDLER TABLE

__TI_handler_table @ 000014f8 records: 3, size/record: 4, table size: 12
	index: 0, handler: __TI_zero_init
	index: 1, handler: __TI_decompress_rle24
	index: 2, handler: __TI_decompress_none


GLOBAL SYMBOLS: SORTED ALPHABETICALLY BY Name 

address   name                    
-------   ----                    
00001095  C$$EXIT                 
00001277  CPUcpsid                
00001283  CPUcpsie                
20000499  E                       
200004a0  EHigh                   
00000681  FourBitInitialize       
00001181  GPIODirModeSet          
000012c5  GPIOIntClear            
0000124d  GPIOIntDisable          
0000128f  GPIOIntEnable           
000011ab  GPIOIntRegister         
00000fa1  GPIOIntTypeSet          
00000ac9  GPIOPadConfigSet        
000012cb  GPIOPinRead             
00001209  GPIOPinTypeGPIOInput    
000011c3  GPIOPinTypeGPIOOutput   
000012d1  GPIOPinWrite            
00000ed9  IntEnable               
0000122d  IntMasterDisable        
0000123d  IntMasterEnable         
00001119  IntRegister             
20000498  RS                      
2000049f  RSHigh                  
2000049a  RW                      
200004a1  RWHigh                  
000012a7  ResetISR                
UNDEFED   SHT$$INIT_ARRAY$$Base   
UNDEFED   SHT$$INIT_ARRAY$$Limit  
00000bf9  SysCtlClockSet          
000012d7  SysCtlDelay             
0000114d  SysCtlPeripheralEnable  
00000f41  TimerConfigure          
0000125b  TimerEnable             
000012bd  TimerIntEnable          
0000121b  TimerLoadSet            
000012b3  TimerValueGet           
2000046c  __STACK_END             
00000200  __STACK_SIZE            
2000046c  __STACK_TOP             
00001518  __TI_CINIT_Base         
00001530  __TI_CINIT_Limit        
000014f8  __TI_Handler_Table_Base 
00001504  __TI_Handler_Table_Limit
00000e01  __TI_auto_init          
200004b0  __TI_cleanup_ptr        
00001269  __TI_decompress_none    
000012dd  __TI_decompress_rle24   
200004b4  __TI_dtors_ptr          
00000000  __TI_static_base__      
0000129b  __TI_zero_init          
00000d85  __aeabi_memclr          
00000d85  __aeabi_memclr4         
00000d85  __aeabi_memclr8         
00000ce9  __aeabi_memcpy          
00000ce9  __aeabi_memcpy4         
00000ce9  __aeabi_memcpy8         
00000d87  __aeabi_memset          
00000d87  __aeabi_memset4         
00000d87  __aeabi_memset8         
ffffffff  __binit__               
ffffffff  __c_args__              
2000026c  __stack                 
000011dd  _args_main              
00000ff9  _c_int00                
200004a8  _lock                   
00001203  _nop                    
000011fb  _register_lock          
000011f5  _register_unlock        
000012e3  _system_pre_init        
200004ac  _unlock                 
00001099  abort                   
ffffffff  binit                   
2000049b  bit4                    
200004a2  bit4High                
2000049c  bit5                    
200004a3  bit5High                
2000049d  bit6                    
200004a4  bit6High                
2000049e  bit7                    
200004a5  bit7High                
20000494  buzzerValue             
00001049  copy_in                 
2000046c  debounceCounter         
20000470  depress                 
20000474  depress1                
000010a1  exit                    
20000000  g_pfnRAMVectors         
00000000  g_pfnVectors            
20000478  gameOver                
00000803  gameOverMessage         
2000047c  gameStatus              
00000849  gameStatus1             
20000480  guessValue              
0000099d  guessValueDecrease      
0000097b  guessValueIncrease      
0000026d  main                    
200004b8  main_func_sp            
00000ce9  memcpy                  
00000d8d  memset                  
0000072d  millisDelay             
00000477  portAISR                
000004c1  portCISR                
20000484  pressDown               
20000488  pressUp                 
000009cd  printGuessValue         
00000741  printRandom             
2000048c  restartGame             
000007cf  restartMessage          
000005ad  send4BitCommand         
00000503  send6BitCommand         
000006fd  sendCharacter           
20000490  timerValue              
00000a83  timerValuePrint         
00000a5b  winMessage              


GLOBAL SYMBOLS: SORTED BY Symbol Address 

address   name                    
-------   ----                    
00000000  __TI_static_base__      
00000000  g_pfnVectors            
00000200  __STACK_SIZE            
0000026d  main                    
00000477  portAISR                
000004c1  portCISR                
00000503  send6BitCommand         
000005ad  send4BitCommand         
00000681  FourBitInitialize       
000006fd  sendCharacter           
0000072d  millisDelay             
00000741  printRandom             
000007cf  restartMessage          
00000803  gameOverMessage         
00000849  gameStatus1             
0000097b  guessValueIncrease      
0000099d  guessValueDecrease      
000009cd  printGuessValue         
00000a5b  winMessage              
00000a83  timerValuePrint         
00000ac9  GPIOPadConfigSet        
00000bf9  SysCtlClockSet          
00000ce9  __aeabi_memcpy          
00000ce9  __aeabi_memcpy4         
00000ce9  __aeabi_memcpy8         
00000ce9  memcpy                  
00000d85  __aeabi_memclr          
00000d85  __aeabi_memclr4         
00000d85  __aeabi_memclr8         
00000d87  __aeabi_memset          
00000d87  __aeabi_memset4         
00000d87  __aeabi_memset8         
00000d8d  memset                  
00000e01  __TI_auto_init          
00000ed9  IntEnable               
00000f41  TimerConfigure          
00000fa1  GPIOIntTypeSet          
00000ff9  _c_int00                
00001049  copy_in                 
00001095  C$$EXIT                 
00001099  abort                   
000010a1  exit                    
00001119  IntRegister             
0000114d  SysCtlPeripheralEnable  
00001181  GPIODirModeSet          
000011ab  GPIOIntRegister         
000011c3  GPIOPinTypeGPIOOutput   
000011dd  _args_main              
000011f5  _register_unlock        
000011fb  _register_lock          
00001203  _nop                    
00001209  GPIOPinTypeGPIOInput    
0000121b  TimerLoadSet            
0000122d  IntMasterDisable        
0000123d  IntMasterEnable         
0000124d  GPIOIntDisable          
0000125b  TimerEnable             
00001269  __TI_decompress_none    
00001277  CPUcpsid                
00001283  CPUcpsie                
0000128f  GPIOIntEnable           
0000129b  __TI_zero_init          
000012a7  ResetISR                
000012b3  TimerValueGet           
000012bd  TimerIntEnable          
000012c5  GPIOIntClear            
000012cb  GPIOPinRead             
000012d1  GPIOPinWrite            
000012d7  SysCtlDelay             
000012dd  __TI_decompress_rle24   
000012e3  _system_pre_init        
000014f8  __TI_Handler_Table_Base 
00001504  __TI_Handler_Table_Limit
00001518  __TI_CINIT_Base         
00001530  __TI_CINIT_Limit        
20000000  g_pfnRAMVectors         
2000026c  __stack                 
2000046c  __STACK_END             
2000046c  __STACK_TOP             
2000046c  debounceCounter         
20000470  depress                 
20000474  depress1                
20000478  gameOver                
2000047c  gameStatus              
20000480  guessValue              
20000484  pressDown               
20000488  pressUp                 
2000048c  restartGame             
20000490  timerValue              
20000494  buzzerValue             
20000498  RS                      
20000499  E                       
2000049a  RW                      
2000049b  bit4                    
2000049c  bit5                    
2000049d  bit6                    
2000049e  bit7                    
2000049f  RSHigh                  
200004a0  EHigh                   
200004a1  RWHigh                  
200004a2  bit4High                
200004a3  bit5High                
200004a4  bit6High                
200004a5  bit7High                
200004a8  _lock                   
200004ac  _unlock                 
200004b0  __TI_cleanup_ptr        
200004b4  __TI_dtors_ptr          
200004b8  main_func_sp            
ffffffff  __binit__               
ffffffff  __c_args__              
ffffffff  binit                   
UNDEFED   SHT$$INIT_ARRAY$$Base   
UNDEFED   SHT$$INIT_ARRAY$$Limit  

[114 symbols]
