******************************************************************************
                  TI ARM Linker PC v5.2.2                      
******************************************************************************
>> Linked Fri Mar 11 05:30:25 2016

OUTPUT FILE NAME:   <ICOM5217EXP3A.out>
ENTRY POINT SYMBOL: "_c_int00"  address: 00000a61


MEMORY CONFIGURATION

         name            origin    length      used     unused   attr    fill
----------------------  --------  ---------  --------  --------  ----  --------
  FLASH                 00000000   00040000  00000fd8  0003f028  R  X
  SRAM                  20000000   00008000  00000489  00007b77  RW X


SEGMENT ALLOCATION MAP

run origin  load origin   length   init length attrs members
----------  ----------- ---------- ----------- ----- -------
00000000    00000000    00000fd8   00000fd8    r-x
  00000000    00000000    0000026c   0000026c    r-- .intvecs
  0000026c    0000026c    00000ac8   00000ac8    r-x .text
  00000d34    00000d34    0000025c   0000025c    r-- .const
  00000f90    00000f90    00000048   00000048    r-- .cinit
20000000    20000000    00000489   00000000    rw-
  20000000    20000000    0000026c   00000000    rw- .vtable
  2000026c    2000026c    00000200   00000000    rw- .stack
  2000046c    2000046c    00000014   00000000    rw- .data
  20000480    20000480    00000009   00000000    rw- .bss


SECTION ALLOCATION MAP

 output                                  attributes/
section   page    origin      length       input sections
--------  ----  ----------  ----------   ----------------
.intvecs   0    00000000    0000026c     
                  00000000    0000026c     tm4c123gh6pm_startup_ccs.obj (.intvecs)

.text      0    0000026c    00000ac8     
                  0000026c    000001b8     main.obj (.text)
                  00000424    00000130     driverlib.lib : gpio.obj (.text:GPIOPadConfigSet)
                  00000554    0000010c                   : sysctl.obj (.text:SysCtlClockGet)
                  00000660    000000f0                   : sysctl.obj (.text:SysCtlClockSet)
                  00000750    0000009c     rtsv7M4_T_le_v4SPD16_eabi.lib : memcpy_t2.obj (.text)
                  000007ec    0000007a                                   : memset_t2.obj (.text)
                  00000866    00000002     --HOLE-- [fill = 0]
                  00000868    0000006c                                   : autoinit.obj (.text)
                  000008d4    0000006a                                   : copy_decompress_rle.obj (.text)
                  0000093e    00000002     --HOLE-- [fill = 0]
                  00000940    00000068     driverlib.lib : interrupt.obj (.text:IntEnable)
                  000009a8    00000060                   : timer.obj (.text:TimerConfigure)
                  00000a08    00000056                   : gpio.obj (.text:GPIOIntTypeSet)
                  00000a5e    00000002     --HOLE-- [fill = 0]
                  00000a60    00000050     rtsv7M4_T_le_v4SPD16_eabi.lib : boot.obj (.text)
                  00000ab0    0000004c                                   : cpy_tbl.obj (.text)
                  00000afc    00000044                                   : exit.obj (.text)
                  00000b40    00000040     driverlib.lib : gpio.obj (.text:_GPIOIntNumberGet)
                  00000b80    00000034                   : interrupt.obj (.text:IntRegister)
                  00000bb4    00000034                   : sysctl.obj (.text:SysCtlPeripheralEnable)
                  00000be8    0000002a                   : gpio.obj (.text:GPIODirModeSet)
                  00000c12    00000018                   : gpio.obj (.text:GPIOIntRegister)
                  00000c2a    00000018                   : gpio.obj (.text:GPIOPinTypeGPIOOutput)
                  00000c42    00000002     --HOLE-- [fill = 0]
                  00000c44    00000018     rtsv7M4_T_le_v4SPD16_eabi.lib : args_main.obj (.text)
                  00000c5c    00000014                                   : _lock.obj (.text)
                  00000c70    00000012     driverlib.lib : gpio.obj (.text:GPIOPinTypeGPIOInput)
                  00000c82    00000012                   : timer.obj (.text:TimerLoadSet)
                  00000c94    00000010                   : interrupt.obj (.text:IntMasterEnable)
                  00000ca4    0000000e                   : gpio.obj (.text:GPIOIntDisable)
                  00000cb2    0000000e                   : gpio.obj (.text:GPIOIntStatus)
                  00000cc0    0000000e                   : timer.obj (.text:TimerEnable)
                  00000cce    0000000e     rtsv7M4_T_le_v4SPD16_eabi.lib : copy_decompress_none.obj (.text:decompress:none)
                  00000cdc    0000000c     driverlib.lib : cpu.obj (.text:CPUcpsie)
                  00000ce8    0000000c                   : gpio.obj (.text:GPIOIntEnable)
                  00000cf4    0000000c     rtsv7M4_T_le_v4SPD16_eabi.lib : copy_zero_init.obj (.text:decompress:ZI)
                  00000d00    0000000c     tm4c123gh6pm_startup_ccs.obj (.text)
                  00000d0c    00000008     driverlib.lib : timer.obj (.text:TimerIntEnable)
                  00000d14    00000006                   : gpio.obj (.text:GPIOIntClear)
                  00000d1a    00000006                   : gpio.obj (.text:GPIOPinWrite)
                  00000d20    00000006                   : sysctl.obj (.text:SysCtlDelay)
                  00000d26    00000006     rtsv7M4_T_le_v4SPD16_eabi.lib : copy_decompress_rle.obj (.text:decompress:rle24)
                  00000d2c    00000004     driverlib.lib : timer.obj (.text:TimerIntClear)
                  00000d30    00000004     rtsv7M4_T_le_v4SPD16_eabi.lib : pre_init.obj (.text)

.const     0    00000d34    0000025c     
                  00000d34    000000c0     driverlib.lib : gpio.obj (.const:g_ppui32GPIOIntMapBlizzard)
                  00000df4    000000c0                   : gpio.obj (.const:g_ppui32GPIOIntMapSnowflake)
                  00000eb4    00000070                   : interrupt.obj (.const)
                  00000f24    0000006c                   : sysctl.obj (.const:g_pui32Xtals)

.cinit     0    00000f90    00000048     
                  00000f90    0000000f     (.cinit..data.load) [load image, compression = rle]
                  00000f9f    00000001     --HOLE-- [fill = 0]
                  00000fa0    0000000c     (__TI_handler_table)
                  00000fac    00000004     --HOLE-- [fill = 0]
                  00000fb0    00000008     (.cinit..bss.load) [load image, compression = zero_init]
                  00000fb8    00000008     (.cinit..vtable.load) [load image, compression = zero_init]
                  00000fc0    00000018     (__TI_cinit_table)

.init_array 
*          0    00000000    00000000     UNINITIALIZED

.vtable    0    20000000    0000026c     UNINITIALIZED
                  20000000    0000026c     driverlib.lib : interrupt.obj (.vtable)

.stack     0    2000026c    00000200     UNINITIALIZED
                  2000026c    00000200     --HOLE--

.data      0    2000046c    00000014     UNINITIALIZED
                  2000046c    00000008     rtsv7M4_T_le_v4SPD16_eabi.lib : _lock.obj (.data)
                  20000474    00000008                                   : exit.obj (.data)
                  2000047c    00000004                                   : stkdepth_vars.obj (.data)

.bss       0    20000480    00000009     UNINITIALIZED
                  20000480    00000004     (.common:frequency)
                  20000484    00000004     (.common:ui32Period)
                  20000488    00000001     (.common:buzzerValue)

.TI.persistent 
*          0    2000046c    00000000     UNINITIALIZED

.TI.noinit 
*          0    20000480    00000000     UNINITIALIZED


LINKER GENERATED COPY TABLES

__TI_cinit_table @ 00000fc0 records: 3, size/record: 8, table size: 24
	.data: load addr=00000f90, load size=0000000f bytes, run addr=2000046c, run size=00000014 bytes, compression=rle
	.bss: load addr=00000fb0, load size=00000008 bytes, run addr=20000480, run size=00000009 bytes, compression=zero_init
	.vtable: load addr=00000fb8, load size=00000008 bytes, run addr=20000000, run size=0000026c bytes, compression=zero_init


LINKER GENERATED HANDLER TABLE

__TI_handler_table @ 00000fa0 records: 3, size/record: 4, table size: 12
	index: 0, handler: __TI_zero_init
	index: 1, handler: __TI_decompress_rle24
	index: 2, handler: __TI_decompress_none


GLOBAL SYMBOLS: SORTED ALPHABETICALLY BY Name 

address   name                    
-------   ----                    
00000afd  C$$EXIT                 
00000cdd  CPUcpsie                
00000be9  GPIODirModeSet          
00000d15  GPIOIntClear            
00000ca5  GPIOIntDisable          
00000ce9  GPIOIntEnable           
00000c13  GPIOIntRegister         
00000cb3  GPIOIntStatus           
00000a09  GPIOIntTypeSet          
00000425  GPIOPadConfigSet        
00000c71  GPIOPinTypeGPIOInput    
00000c2b  GPIOPinTypeGPIOOutput   
00000d1b  GPIOPinWrite            
00000941  IntEnable               
00000c95  IntMasterEnable         
00000b81  IntRegister             
00000d01  ResetISR                
UNDEFED   SHT$$INIT_ARRAY$$Base   
UNDEFED   SHT$$INIT_ARRAY$$Limit  
00000555  SysCtlClockGet          
00000661  SysCtlClockSet          
00000d21  SysCtlDelay             
00000bb5  SysCtlPeripheralEnable  
00000387  Timer0IntHandler        
000009a9  TimerConfigure          
00000cc1  TimerEnable             
00000d2d  TimerIntClear           
00000d0d  TimerIntEnable          
00000c83  TimerLoadSet            
2000046c  __STACK_END             
00000200  __STACK_SIZE            
2000046c  __STACK_TOP             
00000fc0  __TI_CINIT_Base         
00000fd8  __TI_CINIT_Limit        
00000fa0  __TI_Handler_Table_Base 
00000fac  __TI_Handler_Table_Limit
00000869  __TI_auto_init          
20000474  __TI_cleanup_ptr        
00000ccf  __TI_decompress_none    
00000d27  __TI_decompress_rle24   
20000478  __TI_dtors_ptr          
00000000  __TI_static_base__      
00000cf5  __TI_zero_init          
000007ed  __aeabi_memclr          
000007ed  __aeabi_memclr4         
000007ed  __aeabi_memclr8         
00000751  __aeabi_memcpy          
00000751  __aeabi_memcpy4         
00000751  __aeabi_memcpy8         
000007ef  __aeabi_memset          
000007ef  __aeabi_memset4         
000007ef  __aeabi_memset8         
ffffffff  __binit__               
ffffffff  __c_args__              
2000026c  __stack                 
00000c45  _args_main              
00000a61  _c_int00                
2000046c  _lock                   
00000c6b  _nop                    
00000c63  _register_lock          
00000c5d  _register_unlock        
00000d31  _system_pre_init        
20000470  _unlock                 
00000b01  abort                   
ffffffff  binit                   
20000488  buzzerValue             
00000ab1  copy_in                 
00000b09  exit                    
20000480  frequency               
00000359  frequencyLess           
0000032b  frequencyPlus           
20000000  g_pfnRAMVectors         
00000000  g_pfnVectors            
0000026d  main                    
2000047c  main_func_sp            
00000751  memcpy                  
000007f5  memset                  
000003a9  portAISR                
20000484  ui32Period              


GLOBAL SYMBOLS: SORTED BY Symbol Address 

address   name                    
-------   ----                    
00000000  __TI_static_base__      
00000000  g_pfnVectors            
00000200  __STACK_SIZE            
0000026d  main                    
0000032b  frequencyPlus           
00000359  frequencyLess           
00000387  Timer0IntHandler        
000003a9  portAISR                
00000425  GPIOPadConfigSet        
00000555  SysCtlClockGet          
00000661  SysCtlClockSet          
00000751  __aeabi_memcpy          
00000751  __aeabi_memcpy4         
00000751  __aeabi_memcpy8         
00000751  memcpy                  
000007ed  __aeabi_memclr          
000007ed  __aeabi_memclr4         
000007ed  __aeabi_memclr8         
000007ef  __aeabi_memset          
000007ef  __aeabi_memset4         
000007ef  __aeabi_memset8         
000007f5  memset                  
00000869  __TI_auto_init          
00000941  IntEnable               
000009a9  TimerConfigure          
00000a09  GPIOIntTypeSet          
00000a61  _c_int00                
00000ab1  copy_in                 
00000afd  C$$EXIT                 
00000b01  abort                   
00000b09  exit                    
00000b81  IntRegister             
00000bb5  SysCtlPeripheralEnable  
00000be9  GPIODirModeSet          
00000c13  GPIOIntRegister         
00000c2b  GPIOPinTypeGPIOOutput   
00000c45  _args_main              
00000c5d  _register_unlock        
00000c63  _register_lock          
00000c6b  _nop                    
00000c71  GPIOPinTypeGPIOInput    
00000c83  TimerLoadSet            
00000c95  IntMasterEnable         
00000ca5  GPIOIntDisable          
00000cb3  GPIOIntStatus           
00000cc1  TimerEnable             
00000ccf  __TI_decompress_none    
00000cdd  CPUcpsie                
00000ce9  GPIOIntEnable           
00000cf5  __TI_zero_init          
00000d01  ResetISR                
00000d0d  TimerIntEnable          
00000d15  GPIOIntClear            
00000d1b  GPIOPinWrite            
00000d21  SysCtlDelay             
00000d27  __TI_decompress_rle24   
00000d2d  TimerIntClear           
00000d31  _system_pre_init        
00000fa0  __TI_Handler_Table_Base 
00000fac  __TI_Handler_Table_Limit
00000fc0  __TI_CINIT_Base         
00000fd8  __TI_CINIT_Limit        
20000000  g_pfnRAMVectors         
2000026c  __stack                 
2000046c  __STACK_END             
2000046c  __STACK_TOP             
2000046c  _lock                   
20000470  _unlock                 
20000474  __TI_cleanup_ptr        
20000478  __TI_dtors_ptr          
2000047c  main_func_sp            
20000480  frequency               
20000484  ui32Period              
20000488  buzzerValue             
ffffffff  __binit__               
ffffffff  __c_args__              
ffffffff  binit                   
UNDEFED   SHT$$INIT_ARRAY$$Base   
UNDEFED   SHT$$INIT_ARRAY$$Limit  

[79 symbols]
