<?xml version="1.0"?>
<link_info>
   <banner>TI ARM Linker PC v5.2.2</banner>
   <copyright>Copyright (c) 1996-2015 Texas Instruments Incorporated</copyright>
   <link_time>0x56f04d1d</link_time>
   <link_errors>0x0</link_errors>
   <output_file>ICOM5217EXP3C.out</output_file>
   <entry_point>
      <name>_c_int00</name>
      <address>0x2b4d</address>
   </entry_point>
   <input_file_list>
      <input_file id="fl-2">
         <path>.\</path>
         <kind>object</kind>
         <file>main.obj</file>
         <name>main.obj</name>
      </input_file>
      <input_file id="fl-3">
         <path>.\</path>
         <kind>object</kind>
         <file>tm4c123gh6pm_startup_ccs.obj</file>
         <name>tm4c123gh6pm_startup_ccs.obj</name>
      </input_file>
      <input_file id="fl-9">
         <path>..\</path>
         <kind>archive</kind>
         <file>driverlib.lib</file>
         <name>gpio.obj</name>
      </input_file>
      <input_file id="fl-a">
         <path>..\</path>
         <kind>archive</kind>
         <file>driverlib.lib</file>
         <name>interrupt.obj</name>
      </input_file>
      <input_file id="fl-b">
         <path>..\</path>
         <kind>archive</kind>
         <file>driverlib.lib</file>
         <name>sysctl.obj</name>
      </input_file>
      <input_file id="fl-c">
         <path>..\</path>
         <kind>archive</kind>
         <file>driverlib.lib</file>
         <name>timer.obj</name>
      </input_file>
      <input_file id="fl-d">
         <path>..\</path>
         <kind>archive</kind>
         <file>driverlib.lib</file>
         <name>cpu.obj</name>
      </input_file>
      <input_file id="fl-130">
         <path>C:\ti\ccsv6\tools\compiler\ti-cgt-arm_5.2.2\lib\</path>
         <kind>archive</kind>
         <file>rtsv7M4_T_le_v4SPD16_eabi.lib</file>
         <name>boot.obj</name>
      </input_file>
      <input_file id="fl-131">
         <path>C:\ti\ccsv6\tools\compiler\ti-cgt-arm_5.2.2\lib\</path>
         <kind>archive</kind>
         <file>rtsv7M4_T_le_v4SPD16_eabi.lib</file>
         <name>copy_decompress_none.obj</name>
      </input_file>
      <input_file id="fl-132">
         <path>C:\ti\ccsv6\tools\compiler\ti-cgt-arm_5.2.2\lib\</path>
         <kind>archive</kind>
         <file>rtsv7M4_T_le_v4SPD16_eabi.lib</file>
         <name>copy_decompress_rle.obj</name>
      </input_file>
      <input_file id="fl-133">
         <path>C:\ti\ccsv6\tools\compiler\ti-cgt-arm_5.2.2\lib\</path>
         <kind>archive</kind>
         <file>rtsv7M4_T_le_v4SPD16_eabi.lib</file>
         <name>copy_zero_init.obj</name>
      </input_file>
      <input_file id="fl-134">
         <path>C:\ti\ccsv6\tools\compiler\ti-cgt-arm_5.2.2\lib\</path>
         <kind>archive</kind>
         <file>rtsv7M4_T_le_v4SPD16_eabi.lib</file>
         <name>exit.obj</name>
      </input_file>
      <input_file id="fl-135">
         <path>C:\ti\ccsv6\tools\compiler\ti-cgt-arm_5.2.2\lib\</path>
         <kind>archive</kind>
         <file>rtsv7M4_T_le_v4SPD16_eabi.lib</file>
         <name>memcpy_t2.obj</name>
      </input_file>
      <input_file id="fl-136">
         <path>C:\ti\ccsv6\tools\compiler\ti-cgt-arm_5.2.2\lib\</path>
         <kind>archive</kind>
         <file>rtsv7M4_T_le_v4SPD16_eabi.lib</file>
         <name>memset_t2.obj</name>
      </input_file>
      <input_file id="fl-137">
         <path>C:\ti\ccsv6\tools\compiler\ti-cgt-arm_5.2.2\lib\</path>
         <kind>archive</kind>
         <file>rtsv7M4_T_le_v4SPD16_eabi.lib</file>
         <name>pre_init.obj</name>
      </input_file>
      <input_file id="fl-138">
         <path>C:\ti\ccsv6\tools\compiler\ti-cgt-arm_5.2.2\lib\</path>
         <kind>archive</kind>
         <file>rtsv7M4_T_le_v4SPD16_eabi.lib</file>
         <name>sprintf.obj</name>
      </input_file>
      <input_file id="fl-139">
         <path>C:\ti\ccsv6\tools\compiler\ti-cgt-arm_5.2.2\lib\</path>
         <kind>archive</kind>
         <file>rtsv7M4_T_le_v4SPD16_eabi.lib</file>
         <name>stkdepth_vars.obj</name>
      </input_file>
      <input_file id="fl-13a">
         <path>C:\ti\ccsv6\tools\compiler\ti-cgt-arm_5.2.2\lib\</path>
         <kind>archive</kind>
         <file>rtsv7M4_T_le_v4SPD16_eabi.lib</file>
         <name>_lock.obj</name>
      </input_file>
      <input_file id="fl-13b">
         <path>C:\ti\ccsv6\tools\compiler\ti-cgt-arm_5.2.2\lib\</path>
         <kind>archive</kind>
         <file>rtsv7M4_T_le_v4SPD16_eabi.lib</file>
         <name>_printfi.obj</name>
      </input_file>
      <input_file id="fl-13c">
         <path>C:\ti\ccsv6\tools\compiler\ti-cgt-arm_5.2.2\lib\</path>
         <kind>archive</kind>
         <file>rtsv7M4_T_le_v4SPD16_eabi.lib</file>
         <name>args_main.obj</name>
      </input_file>
      <input_file id="fl-13d">
         <path>C:\ti\ccsv6\tools\compiler\ti-cgt-arm_5.2.2\lib\</path>
         <kind>archive</kind>
         <file>rtsv7M4_T_le_v4SPD16_eabi.lib</file>
         <name>atoi.obj</name>
      </input_file>
      <input_file id="fl-13e">
         <path>C:\ti\ccsv6\tools\compiler\ti-cgt-arm_5.2.2\lib\</path>
         <kind>archive</kind>
         <file>rtsv7M4_T_le_v4SPD16_eabi.lib</file>
         <name>autoinit.obj</name>
      </input_file>
      <input_file id="fl-13f">
         <path>C:\ti\ccsv6\tools\compiler\ti-cgt-arm_5.2.2\lib\</path>
         <kind>archive</kind>
         <file>rtsv7M4_T_le_v4SPD16_eabi.lib</file>
         <name>cpy_tbl.obj</name>
      </input_file>
      <input_file id="fl-140">
         <path>C:\ti\ccsv6\tools\compiler\ti-cgt-arm_5.2.2\lib\</path>
         <kind>archive</kind>
         <file>rtsv7M4_T_le_v4SPD16_eabi.lib</file>
         <name>ctype.obj</name>
      </input_file>
      <input_file id="fl-141">
         <path>C:\ti\ccsv6\tools\compiler\ti-cgt-arm_5.2.2\lib\</path>
         <kind>archive</kind>
         <file>rtsv7M4_T_le_v4SPD16_eabi.lib</file>
         <name>fd_add_t2.obj</name>
      </input_file>
      <input_file id="fl-142">
         <path>C:\ti\ccsv6\tools\compiler\ti-cgt-arm_5.2.2\lib\</path>
         <kind>archive</kind>
         <file>rtsv7M4_T_le_v4SPD16_eabi.lib</file>
         <name>fd_cmp_t2.obj</name>
      </input_file>
      <input_file id="fl-143">
         <path>C:\ti\ccsv6\tools\compiler\ti-cgt-arm_5.2.2\lib\</path>
         <kind>archive</kind>
         <file>rtsv7M4_T_le_v4SPD16_eabi.lib</file>
         <name>fd_div_t2.obj</name>
      </input_file>
      <input_file id="fl-144">
         <path>C:\ti\ccsv6\tools\compiler\ti-cgt-arm_5.2.2\lib\</path>
         <kind>archive</kind>
         <file>rtsv7M4_T_le_v4SPD16_eabi.lib</file>
         <name>fd_mul_t2.obj</name>
      </input_file>
      <input_file id="fl-145">
         <path>C:\ti\ccsv6\tools\compiler\ti-cgt-arm_5.2.2\lib\</path>
         <kind>archive</kind>
         <file>rtsv7M4_T_le_v4SPD16_eabi.lib</file>
         <name>fd_toi_t2.obj</name>
      </input_file>
      <input_file id="fl-146">
         <path>C:\ti\ccsv6\tools\compiler\ti-cgt-arm_5.2.2\lib\</path>
         <kind>archive</kind>
         <file>rtsv7M4_T_le_v4SPD16_eabi.lib</file>
         <name>frexp.obj</name>
      </input_file>
      <input_file id="fl-147">
         <path>C:\ti\ccsv6\tools\compiler\ti-cgt-arm_5.2.2\lib\</path>
         <kind>archive</kind>
         <file>rtsv7M4_T_le_v4SPD16_eabi.lib</file>
         <name>i_tofd_t2.obj</name>
      </input_file>
      <input_file id="fl-148">
         <path>C:\ti\ccsv6\tools\compiler\ti-cgt-arm_5.2.2\lib\</path>
         <kind>archive</kind>
         <file>rtsv7M4_T_le_v4SPD16_eabi.lib</file>
         <name>ldexp.obj</name>
      </input_file>
      <input_file id="fl-149">
         <path>C:\ti\ccsv6\tools\compiler\ti-cgt-arm_5.2.2\lib\</path>
         <kind>archive</kind>
         <file>rtsv7M4_T_le_v4SPD16_eabi.lib</file>
         <name>ltoa.obj</name>
      </input_file>
      <input_file id="fl-14a">
         <path>C:\ti\ccsv6\tools\compiler\ti-cgt-arm_5.2.2\lib\</path>
         <kind>archive</kind>
         <file>rtsv7M4_T_le_v4SPD16_eabi.lib</file>
         <name>memccpy.obj</name>
      </input_file>
      <input_file id="fl-14b">
         <path>C:\ti\ccsv6\tools\compiler\ti-cgt-arm_5.2.2\lib\</path>
         <kind>archive</kind>
         <file>rtsv7M4_T_le_v4SPD16_eabi.lib</file>
         <name>strchr.obj</name>
      </input_file>
      <input_file id="fl-14c">
         <path>C:\ti\ccsv6\tools\compiler\ti-cgt-arm_5.2.2\lib\</path>
         <kind>archive</kind>
         <file>rtsv7M4_T_le_v4SPD16_eabi.lib</file>
         <name>strlen.obj</name>
      </input_file>
      <input_file id="fl-14d">
         <path>C:\ti\ccsv6\tools\compiler\ti-cgt-arm_5.2.2\lib\</path>
         <kind>archive</kind>
         <file>rtsv7M4_T_le_v4SPD16_eabi.lib</file>
         <name>ull_div_t2.obj</name>
      </input_file>
      <input_file id="fl-14e">
         <path>C:\ti\ccsv6\tools\compiler\ti-cgt-arm_5.2.2\lib\</path>
         <kind>archive</kind>
         <file>rtsv7M4_T_le_v4SPD16_eabi.lib</file>
         <name>xdclass.obj</name>
      </input_file>
      <input_file id="fl-14f">
         <path>C:\ti\ccsv6\tools\compiler\ti-cgt-arm_5.2.2\lib\</path>
         <kind>archive</kind>
         <file>rtsv7M4_T_le_v4SPD16_eabi.lib</file>
         <name>xdscale.obj</name>
      </input_file>
      <input_file id="fl-150">
         <path>C:\ti\ccsv6\tools\compiler\ti-cgt-arm_5.2.2\lib\</path>
         <kind>archive</kind>
         <file>rtsv7M4_T_le_v4SPD16_eabi.lib</file>
         <name>xdunscal.obj</name>
      </input_file>
      <input_file id="fl-151">
         <path>C:\ti\ccsv6\tools\compiler\ti-cgt-arm_5.2.2\lib\</path>
         <kind>archive</kind>
         <file>rtsv7M4_T_le_v4SPD16_eabi.lib</file>
         <name>xferaise.obj</name>
      </input_file>
      <input_file id="fl-152">
         <path>C:\ti\ccsv6\tools\compiler\ti-cgt-arm_5.2.2\lib\</path>
         <kind>archive</kind>
         <file>rtsv7M4_T_le_v4SPD16_eabi.lib</file>
         <name>xvalues.obj</name>
      </input_file>
      <input_file id="fl-153">
         <path>C:\ti\ccsv6\tools\compiler\ti-cgt-arm_5.2.2\lib\</path>
         <kind>archive</kind>
         <file>rtsv7M4_T_le_v4SPD16_eabi.lib</file>
         <name>errno.obj</name>
      </input_file>
      <input_file id="fl-154">
         <path>C:\ti\ccsv6\tools\compiler\ti-cgt-arm_5.2.2\lib\</path>
         <kind>archive</kind>
         <file>rtsv7M4_T_le_v4SPD16_eabi.lib</file>
         <name>feraiseexcept.obj</name>
      </input_file>
      <input_file id="fl-155">
         <path>C:\ti\ccsv6\tools\compiler\ti-cgt-arm_5.2.2\lib\</path>
         <kind>archive</kind>
         <file>rtsv7M4_T_le_v4SPD16_eabi.lib</file>
         <name>raise.obj</name>
      </input_file>
      <input_file id="fl-156">
         <path>C:\ti\ccsv6\tools\compiler\ti-cgt-arm_5.2.2\lib\</path>
         <kind>archive</kind>
         <file>rtsv7M4_T_le_v4SPD16_eabi.lib</file>
         <name>signal.obj</name>
      </input_file>
      <input_file id="fl-157">
         <path>C:\ti\ccsv6\tools\compiler\ti-cgt-arm_5.2.2\lib\</path>
         <kind>archive</kind>
         <file>rtsv7M4_T_le_v4SPD16_eabi.lib</file>
         <name>xdnorm.obj</name>
      </input_file>
   </input_file_list>
   <object_component_list>
      <object_component id="oc-f">
         <name>.intvecs</name>
         <load_address>0x0</load_address>
         <run_address>0x0</run_address>
         <size>0x268</size>
         <input_file_ref idref="fl-3"/>
      </object_component>
      <object_component id="oc-170">
         <name>.text</name>
         <load_address>0x268</load_address>
         <run_address>0x268</run_address>
         <size>0x10ba</size>
         <input_file_ref idref="fl-13b"/>
      </object_component>
      <object_component id="oc-30">
         <name>.text</name>
         <load_address>0x1324</load_address>
         <run_address>0x1324</run_address>
         <size>0x7c8</size>
         <input_file_ref idref="fl-2"/>
      </object_component>
      <object_component id="oc-1dc">
         <name>.text</name>
         <load_address>0x1aec</load_address>
         <run_address>0x1aec</run_address>
         <size>0x1f4</size>
         <input_file_ref idref="fl-14d"/>
      </object_component>
      <object_component id="oc-20b">
         <name>.text</name>
         <load_address>0x1ce0</load_address>
         <run_address>0x1ce0</run_address>
         <size>0x1b6</size>
         <input_file_ref idref="fl-141"/>
      </object_component>
      <object_component id="oc-1f1">
         <name>.text</name>
         <load_address>0x1e96</load_address>
         <run_address>0x1e96</run_address>
         <size>0x136</size>
         <input_file_ref idref="fl-143"/>
      </object_component>
      <object_component id="oc-150">
         <name>.text:GPIOPadConfigSet</name>
         <load_address>0x1fcc</load_address>
         <run_address>0x1fcc</run_address>
         <size>0x130</size>
         <input_file_ref idref="fl-9"/>
      </object_component>
      <object_component id="oc-275">
         <name>.text</name>
         <load_address>0x20fc</load_address>
         <run_address>0x20fc</run_address>
         <size>0x110</size>
         <input_file_ref idref="fl-14f"/>
      </object_component>
      <object_component id="oc-c3">
         <name>.text:SysCtlClockGet</name>
         <load_address>0x220c</load_address>
         <run_address>0x220c</run_address>
         <size>0x10c</size>
         <input_file_ref idref="fl-b"/>
      </object_component>
      <object_component id="oc-1ec">
         <name>.text</name>
         <load_address>0x2318</load_address>
         <run_address>0x2318</run_address>
         <size>0xfc</size>
         <input_file_ref idref="fl-144"/>
      </object_component>
      <object_component id="oc-7b">
         <name>.text:SysCtlClockSet</name>
         <load_address>0x2414</load_address>
         <run_address>0x2414</run_address>
         <size>0xf0</size>
         <input_file_ref idref="fl-b"/>
      </object_component>
      <object_component id="oc-299">
         <name>.text</name>
         <load_address>0x2504</load_address>
         <run_address>0x2504</run_address>
         <size>0xbe</size>
         <input_file_ref idref="fl-157"/>
      </object_component>
      <object_component id="oc-39">
         <name>.text</name>
         <load_address>0x25c2</load_address>
         <run_address>0x25c2</run_address>
         <size>0x9c</size>
         <input_file_ref idref="fl-135"/>
      </object_component>
      <object_component id="oc-1e7">
         <name>.text:__aeabi_cdcmple</name>
         <load_address>0x265e</load_address>
         <run_address>0x265e</run_address>
         <size>0x86</size>
         <input_file_ref idref="fl-142"/>
      </object_component>
      <object_component id="oc-1f6">
         <name>.text:__aeabi_cdrcmple</name>
         <load_address>0x26e4</load_address>
         <run_address>0x26e4</run_address>
         <size>0x86</size>
         <input_file_ref idref="fl-142"/>
      </object_component>
      <object_component id="oc-52">
         <name>.text</name>
         <load_address>0x276a</load_address>
         <run_address>0x276a</run_address>
         <size>0x7a</size>
         <input_file_ref idref="fl-136"/>
      </object_component>
      <object_component id="oc-64">
         <name>.text</name>
         <load_address>0x27e4</load_address>
         <run_address>0x27e4</run_address>
         <size>0x6c</size>
         <input_file_ref idref="fl-13e"/>
      </object_component>
      <object_component id="oc-45">
         <name>.text</name>
         <load_address>0x2850</load_address>
         <run_address>0x2850</run_address>
         <size>0x6a</size>
         <input_file_ref idref="fl-132"/>
      </object_component>
      <object_component id="oc-cf">
         <name>.text:IntEnable</name>
         <load_address>0x28bc</load_address>
         <run_address>0x28bc</run_address>
         <size>0x68</size>
         <input_file_ref idref="fl-a"/>
      </object_component>
      <object_component id="oc-26d">
         <name>.text</name>
         <load_address>0x2924</load_address>
         <run_address>0x2924</run_address>
         <size>0x66</size>
         <input_file_ref idref="fl-150"/>
      </object_component>
      <object_component id="oc-bd">
         <name>.text:TimerConfigure</name>
         <load_address>0x298c</load_address>
         <run_address>0x298c</run_address>
         <size>0x60</size>
         <input_file_ref idref="fl-c"/>
      </object_component>
      <object_component id="oc-b1">
         <name>.text</name>
         <load_address>0x29ec</load_address>
         <run_address>0x29ec</run_address>
         <size>0x60</size>
         <input_file_ref idref="fl-138"/>
      </object_component>
      <object_component id="oc-a5">
         <name>.text:GPIOIntTypeSet</name>
         <load_address>0x2a4c</load_address>
         <run_address>0x2a4c</run_address>
         <size>0x56</size>
         <input_file_ref idref="fl-9"/>
      </object_component>
      <object_component id="oc-200">
         <name>.text</name>
         <load_address>0x2aa2</load_address>
         <run_address>0x2aa2</run_address>
         <size>0x56</size>
         <input_file_ref idref="fl-149"/>
      </object_component>
      <object_component id="oc-216">
         <name>.text</name>
         <load_address>0x2af8</load_address>
         <run_address>0x2af8</run_address>
         <size>0x52</size>
         <input_file_ref idref="fl-148"/>
      </object_component>
      <object_component id="oc-24">
         <name>.text</name>
         <load_address>0x2b4c</load_address>
         <run_address>0x2b4c</run_address>
         <size>0x50</size>
         <input_file_ref idref="fl-130"/>
      </object_component>
      <object_component id="oc-22e">
         <name>.text</name>
         <load_address>0x2b9c</load_address>
         <run_address>0x2b9c</run_address>
         <size>0x4c</size>
         <input_file_ref idref="fl-13d"/>
      </object_component>
      <object_component id="oc-138">
         <name>.text</name>
         <load_address>0x2be8</load_address>
         <run_address>0x2be8</run_address>
         <size>0x4c</size>
         <input_file_ref idref="fl-13f"/>
      </object_component>
      <object_component id="oc-1fb">
         <name>.text</name>
         <load_address>0x2c34</load_address>
         <run_address>0x2c34</run_address>
         <size>0x48</size>
         <input_file_ref idref="fl-145"/>
      </object_component>
      <object_component id="oc-70">
         <name>.text</name>
         <load_address>0x2c7c</load_address>
         <run_address>0x2c7c</run_address>
         <size>0x44</size>
         <input_file_ref idref="fl-134"/>
      </object_component>
      <object_component id="oc-161">
         <name>.text:_GPIOIntNumberGet</name>
         <load_address>0x2cc0</load_address>
         <run_address>0x2cc0</run_address>
         <size>0x40</size>
         <input_file_ref idref="fl-9"/>
      </object_component>
      <object_component id="oc-2dc">
         <name>.text</name>
         <load_address>0x2d00</load_address>
         <run_address>0x2d00</run_address>
         <size>0x40</size>
         <input_file_ref idref="fl-156"/>
      </object_component>
      <object_component id="oc-167">
         <name>.text:IntRegister</name>
         <load_address>0x2d40</load_address>
         <run_address>0x2d40</run_address>
         <size>0x34</size>
         <input_file_ref idref="fl-a"/>
      </object_component>
      <object_component id="oc-81">
         <name>.text:SysCtlPeripheralEnable</name>
         <load_address>0x2d74</load_address>
         <run_address>0x2d74</run_address>
         <size>0x34</size>
         <input_file_ref idref="fl-b"/>
      </object_component>
      <object_component id="oc-2a8">
         <name>.text</name>
         <load_address>0x2da8</load_address>
         <run_address>0x2da8</run_address>
         <size>0x34</size>
         <input_file_ref idref="fl-154"/>
      </object_component>
      <object_component id="oc-222">
         <name>.text</name>
         <load_address>0x2ddc</load_address>
         <run_address>0x2ddc</run_address>
         <size>0x30</size>
         <input_file_ref idref="fl-14e"/>
      </object_component>
      <object_component id="oc-27b">
         <name>.text</name>
         <load_address>0x2e0c</load_address>
         <run_address>0x2e0c</run_address>
         <size>0x30</size>
         <input_file_ref idref="fl-151"/>
      </object_component>
      <object_component id="oc-206">
         <name>.text</name>
         <load_address>0x2e3c</load_address>
         <run_address>0x2e3c</run_address>
         <size>0x2e</size>
         <input_file_ref idref="fl-147"/>
      </object_component>
      <object_component id="oc-2cc">
         <name>.text</name>
         <load_address>0x2e6a</load_address>
         <run_address>0x2e6a</run_address>
         <size>0x2e</size>
         <input_file_ref idref="fl-155"/>
      </object_component>
      <object_component id="oc-156">
         <name>.text:GPIODirModeSet</name>
         <load_address>0x2e98</load_address>
         <run_address>0x2e98</run_address>
         <size>0x2a</size>
         <input_file_ref idref="fl-9"/>
      </object_component>
      <object_component id="oc-210">
         <name>.text</name>
         <load_address>0x2ec2</load_address>
         <run_address>0x2ec2</run_address>
         <size>0x2a</size>
         <input_file_ref idref="fl-146"/>
      </object_component>
      <object_component id="oc-228">
         <name>.text</name>
         <load_address>0x2eec</load_address>
         <run_address>0x2eec</run_address>
         <size>0x1c</size>
         <input_file_ref idref="fl-14a"/>
      </object_component>
      <object_component id="oc-9f">
         <name>.text:GPIOIntRegister</name>
         <load_address>0x2f08</load_address>
         <run_address>0x2f08</run_address>
         <size>0x18</size>
         <input_file_ref idref="fl-9"/>
      </object_component>
      <object_component id="oc-87">
         <name>.text:GPIOPinTypeGPIOOutput</name>
         <load_address>0x2f20</load_address>
         <run_address>0x2f20</run_address>
         <size>0x18</size>
         <input_file_ref idref="fl-9"/>
      </object_component>
      <object_component id="oc-6a">
         <name>.text</name>
         <load_address>0x2f38</load_address>
         <run_address>0x2f38</run_address>
         <size>0x18</size>
         <input_file_ref idref="fl-13c"/>
      </object_component>
      <object_component id="oc-21c">
         <name>.text</name>
         <load_address>0x2f50</load_address>
         <run_address>0x2f50</run_address>
         <size>0x16</size>
         <input_file_ref idref="fl-14b"/>
      </object_component>
      <object_component id="oc-1b8">
         <name>.text</name>
         <load_address>0x2f68</load_address>
         <run_address>0x2f68</run_address>
         <size>0x14</size>
         <input_file_ref idref="fl-13a"/>
      </object_component>
      <object_component id="oc-1e1">
         <name>.text</name>
         <load_address>0x2f7c</load_address>
         <run_address>0x2f7c</run_address>
         <size>0x14</size>
         <input_file_ref idref="fl-14c"/>
      </object_component>
      <object_component id="oc-8d">
         <name>.text:GPIOPinTypeGPIOInput</name>
         <load_address>0x2f90</load_address>
         <run_address>0x2f90</run_address>
         <size>0x12</size>
         <input_file_ref idref="fl-9"/>
      </object_component>
      <object_component id="oc-c9">
         <name>.text:TimerLoadSet</name>
         <load_address>0x2fa2</load_address>
         <run_address>0x2fa2</run_address>
         <size>0x12</size>
         <input_file_ref idref="fl-c"/>
      </object_component>
      <object_component id="oc-102">
         <name>.text:IntMasterDisable</name>
         <load_address>0x2fb4</load_address>
         <run_address>0x2fb4</run_address>
         <size>0x10</size>
         <input_file_ref idref="fl-a"/>
      </object_component>
      <object_component id="oc-db">
         <name>.text:IntMasterEnable</name>
         <load_address>0x2fc4</load_address>
         <run_address>0x2fc4</run_address>
         <size>0x10</size>
         <input_file_ref idref="fl-a"/>
      </object_component>
      <object_component id="oc-93">
         <name>.text:GPIOIntDisable</name>
         <load_address>0x2fd4</load_address>
         <run_address>0x2fd4</run_address>
         <size>0xe</size>
         <input_file_ref idref="fl-9"/>
      </object_component>
      <object_component id="oc-b7">
         <name>.text:GPIOIntStatus</name>
         <load_address>0x2fe2</load_address>
         <run_address>0x2fe2</run_address>
         <size>0xe</size>
         <input_file_ref idref="fl-9"/>
      </object_component>
      <object_component id="oc-e1">
         <name>.text:TimerEnable</name>
         <load_address>0x2ff0</load_address>
         <run_address>0x2ff0</run_address>
         <size>0xe</size>
         <input_file_ref idref="fl-c"/>
      </object_component>
      <object_component id="oc-12">
         <name>.text:decompress:none</name>
         <load_address>0x2ffe</load_address>
         <run_address>0x2ffe</run_address>
         <size>0xe</size>
         <input_file_ref idref="fl-131"/>
      </object_component>
      <object_component id="oc-199">
         <name>.text:CPUcpsid</name>
         <load_address>0x300c</load_address>
         <run_address>0x300c</run_address>
         <size>0xc</size>
         <input_file_ref idref="fl-d"/>
      </object_component>
      <object_component id="oc-18b">
         <name>.text:CPUcpsie</name>
         <load_address>0x3018</load_address>
         <run_address>0x3018</run_address>
         <size>0xc</size>
         <input_file_ref idref="fl-d"/>
      </object_component>
      <object_component id="oc-ab">
         <name>.text:GPIOIntEnable</name>
         <load_address>0x3024</load_address>
         <run_address>0x3024</run_address>
         <size>0xc</size>
         <input_file_ref idref="fl-9"/>
      </object_component>
      <object_component id="oc-1e">
         <name>.text:decompress:ZI</name>
         <load_address>0x3030</load_address>
         <run_address>0x3030</run_address>
         <size>0xc</size>
         <input_file_ref idref="fl-133"/>
      </object_component>
      <object_component id="oc-2a">
         <name>.text</name>
         <load_address>0x303c</load_address>
         <run_address>0x303c</run_address>
         <size>0xc</size>
         <input_file_ref idref="fl-3"/>
      </object_component>
      <object_component id="oc-d5">
         <name>.text:TimerIntEnable</name>
         <load_address>0x3048</load_address>
         <run_address>0x3048</run_address>
         <size>0x8</size>
         <input_file_ref idref="fl-c"/>
      </object_component>
      <object_component id="oc-99">
         <name>.text:GPIOIntClear</name>
         <load_address>0x3050</load_address>
         <run_address>0x3050</run_address>
         <size>0x6</size>
         <input_file_ref idref="fl-9"/>
      </object_component>
      <object_component id="oc-108">
         <name>.text:GPIOPinRead</name>
         <load_address>0x3056</load_address>
         <run_address>0x3056</run_address>
         <size>0x6</size>
         <input_file_ref idref="fl-9"/>
      </object_component>
      <object_component id="oc-ed">
         <name>.text:GPIOPinWrite</name>
         <load_address>0x305c</load_address>
         <run_address>0x305c</run_address>
         <size>0x6</size>
         <input_file_ref idref="fl-9"/>
      </object_component>
      <object_component id="oc-f3">
         <name>.text:SysCtlDelay</name>
         <load_address>0x3062</load_address>
         <run_address>0x3062</run_address>
         <size>0x6</size>
         <input_file_ref idref="fl-b"/>
      </object_component>
      <object_component id="oc-18">
         <name>.text:decompress:rle24</name>
         <load_address>0x3068</load_address>
         <run_address>0x3068</run_address>
         <size>0x6</size>
         <input_file_ref idref="fl-132"/>
      </object_component>
      <object_component id="oc-e7">
         <name>.text:TimerIntClear</name>
         <load_address>0x306e</load_address>
         <run_address>0x306e</run_address>
         <size>0x4</size>
         <input_file_ref idref="fl-c"/>
      </object_component>
      <object_component id="oc-5e">
         <name>.text</name>
         <load_address>0x3072</load_address>
         <run_address>0x3072</run_address>
         <size>0x4</size>
         <input_file_ref idref="fl-137"/>
      </object_component>
      <object_component id="oc-289">
         <name>.const:.string:_ctypes_</name>
         <load_address>0x3078</load_address>
         <run_address>0x3078</run_address>
         <size>0x101</size>
         <input_file_ref idref="fl-140"/>
      </object_component>
      <object_component id="oc-1d1">
         <name>.const:g_ppui32GPIOIntMapBlizzard</name>
         <load_address>0x317c</load_address>
         <run_address>0x317c</run_address>
         <size>0xc0</size>
         <input_file_ref idref="fl-9"/>
      </object_component>
      <object_component id="oc-1d4">
         <name>.const:g_ppui32GPIOIntMapSnowflake</name>
         <load_address>0x323c</load_address>
         <run_address>0x323c</run_address>
         <size>0xc0</size>
         <input_file_ref idref="fl-9"/>
      </object_component>
      <object_component id="oc-185">
         <name>.const</name>
         <load_address>0x32fc</load_address>
         <run_address>0x32fc</run_address>
         <size>0x70</size>
         <input_file_ref idref="fl-a"/>
      </object_component>
      <object_component id="oc-180">
         <name>.const:g_pui32Xtals</name>
         <load_address>0x336c</load_address>
         <run_address>0x336c</run_address>
         <size>0x6c</size>
         <input_file_ref idref="fl-b"/>
      </object_component>
      <object_component id="oc-323">
         <name>.cinit..data.load</name>
         <load_address>0x33d8</load_address>
         <run_address>0x33d8</run_address>
         <size>0xf1</size>
      </object_component>
      <object_component id="oc-320">
         <name>__TI_handler_table</name>
         <load_address>0x34cc</load_address>
         <run_address>0x34cc</run_address>
         <size>0xc</size>
      </object_component>
      <object_component id="oc-324">
         <name>.cinit..bss.load</name>
         <load_address>0x34d8</load_address>
         <run_address>0x34d8</run_address>
         <size>0x8</size>
      </object_component>
      <object_component id="oc-322">
         <name>.cinit..vtable.load</name>
         <load_address>0x34e0</load_address>
         <run_address>0x34e0</run_address>
         <size>0x8</size>
      </object_component>
      <object_component id="oc-321">
         <name>__TI_cinit_table</name>
         <load_address>0x34e8</load_address>
         <run_address>0x34e8</run_address>
         <size>0x18</size>
      </object_component>
      <object_component id="oc-1d8">
         <name>.vtable</name>
         <uninitialized>true</uninitialized>
         <run_address>0x20000000</run_address>
         <size>0x26c</size>
         <input_file_ref idref="fl-a"/>
      </object_component>
      <object_component id="oc-29">
         <name>.stack</name>
         <uninitialized>true</uninitialized>
         <run_address>0x2000026c</run_address>
         <size>0x0</size>
         <input_file_ref idref="fl-130"/>
      </object_component>
      <object_component id="oc-325">
         <name>.stack</name>
         <uninitialized>true</uninitialized>
         <run_address>0x2000026c</run_address>
         <size>0x0</size>
      </object_component>
      <object_component id="oc-f7">
         <name>.common:timerCounter</name>
         <uninitialized>true</uninitialized>
         <run_address>0x20000694</run_address>
         <size>0x4</size>
      </object_component>
      <object_component id="oc-f8">
         <name>.common:speed</name>
         <uninitialized>true</uninitialized>
         <run_address>0x20000699</run_address>
         <size>0x1</size>
      </object_component>
      <object_component id="oc-f9">
         <name>.common:stateCount</name>
         <uninitialized>true</uninitialized>
         <run_address>0x20000690</run_address>
         <size>0x4</size>
      </object_component>
      <object_component id="oc-ff">
         <name>.common:buffer</name>
         <uninitialized>true</uninitialized>
         <run_address>0x20000670</run_address>
         <size>0x10</size>
      </object_component>
      <object_component id="oc-f4">
         <name>.common:direction</name>
         <uninitialized>true</uninitialized>
         <run_address>0x20000680</run_address>
         <size>0x4</size>
      </object_component>
      <object_component id="oc-100">
         <name>.common:currentState</name>
         <uninitialized>true</uninitialized>
         <run_address>0x20000698</run_address>
         <size>0x1</size>
      </object_component>
      <object_component id="oc-fe">
         <name>.common:globalCounter</name>
         <uninitialized>true</uninitialized>
         <run_address>0x20000688</run_address>
         <size>0x4</size>
      </object_component>
      <object_component id="oc-101">
         <name>.common:ui32Period</name>
         <uninitialized>true</uninitialized>
         <run_address>0x2000069a</run_address>
         <size>0x1</size>
      </object_component>
      <object_component id="oc-fa">
         <name>.common:frequency</name>
         <uninitialized>true</uninitialized>
         <run_address>0x20000684</run_address>
         <size>0x4</size>
      </object_component>
      <object_component id="oc-10e">
         <name>.common:speedNumber</name>
         <uninitialized>true</uninitialized>
         <run_address>0x2000068c</run_address>
         <size>0x4</size>
      </object_component>
      <object_component id="oc-fb">
         <name>.data</name>
         <load_address>0x200005a0</load_address>
         <run_address>0x200005a0</run_address>
         <size>0x6e</size>
         <input_file_ref idref="fl-2"/>
      </object_component>
      <object_component id="oc-10f">
         <name>.data:lineLengthArray</name>
         <load_address>0x20000610</load_address>
         <run_address>0x20000610</run_address>
         <size>0x40</size>
         <input_file_ref idref="fl-2"/>
      </object_component>
      <object_component id="oc-145">
         <name>.data</name>
         <load_address>0x20000658</load_address>
         <run_address>0x20000658</run_address>
         <size>0x8</size>
         <input_file_ref idref="fl-134"/>
      </object_component>
      <object_component id="oc-76">
         <name>.data</name>
         <load_address>0x2000066c</load_address>
         <run_address>0x2000066c</run_address>
         <size>0x4</size>
         <input_file_ref idref="fl-139"/>
      </object_component>
      <object_component id="oc-142">
         <name>.data</name>
         <load_address>0x20000650</load_address>
         <run_address>0x20000650</run_address>
         <size>0x8</size>
         <input_file_ref idref="fl-13a"/>
      </object_component>
      <object_component id="oc-2a3">
         <name>.data</name>
         <load_address>0x20000520</load_address>
         <run_address>0x20000520</run_address>
         <size>0x80</size>
         <input_file_ref idref="fl-152"/>
      </object_component>
      <object_component id="oc-2ae">
         <name>.data</name>
         <load_address>0x20000668</load_address>
         <run_address>0x20000668</run_address>
         <size>0x4</size>
         <input_file_ref idref="fl-153"/>
      </object_component>
      <object_component id="oc-2d2">
         <name>.data</name>
         <load_address>0x20000660</load_address>
         <run_address>0x20000660</run_address>
         <size>0x8</size>
         <input_file_ref idref="fl-154"/>
      </object_component>
      <object_component id="oc-2ed">
         <name>.data:sigtable</name>
         <load_address>0x20000470</load_address>
         <run_address>0x20000470</run_address>
         <size>0xb0</size>
         <input_file_ref idref="fl-156"/>
      </object_component>
      <object_component id="oc-f5">
         <name>.debug_info</name>
         <load_address>0x0</load_address>
         <run_address>0x0</run_address>
         <size>0x850</size>
         <input_file_ref idref="fl-2"/>
      </object_component>
      <object_component id="oc-fc">
         <name>.debug_info</name>
         <load_address>0x850</load_address>
         <run_address>0x850</run_address>
         <size>0x45d</size>
         <input_file_ref idref="fl-2"/>
      </object_component>
      <object_component id="oc-110">
         <name>.debug_info</name>
         <load_address>0xcad</load_address>
         <run_address>0xcad</run_address>
         <size>0xe1</size>
         <input_file_ref idref="fl-2"/>
      </object_component>
      <object_component id="oc-31">
         <name>.debug_info</name>
         <load_address>0xd8e</load_address>
         <run_address>0xd8e</run_address>
         <size>0xf8f</size>
         <input_file_ref idref="fl-2"/>
      </object_component>
      <object_component id="oc-113">
         <name>.debug_info</name>
         <load_address>0x1d1d</load_address>
         <run_address>0x1d1d</run_address>
         <size>0x8b</size>
         <input_file_ref idref="fl-2"/>
      </object_component>
      <object_component id="oc-118">
         <name>.debug_info</name>
         <load_address>0x1da8</load_address>
         <run_address>0x1da8</run_address>
         <size>0x18b</size>
         <input_file_ref idref="fl-2"/>
      </object_component>
      <object_component id="oc-178">
         <name>.debug_info</name>
         <load_address>0x1f33</load_address>
         <run_address>0x1f33</run_address>
         <size>0x4e</size>
         <input_file_ref idref="fl-2"/>
      </object_component>
      <object_component id="oc-38">
         <name>.debug_info</name>
         <load_address>0x1f81</load_address>
         <run_address>0x1f81</run_address>
         <size>0x14a</size>
         <input_file_ref idref="fl-3"/>
      </object_component>
      <object_component id="oc-10">
         <name>.debug_info</name>
         <load_address>0x20cb</load_address>
         <run_address>0x20cb</run_address>
         <size>0xef</size>
         <input_file_ref idref="fl-3"/>
      </object_component>
      <object_component id="oc-2b">
         <name>.debug_info</name>
         <load_address>0x21ba</load_address>
         <run_address>0x21ba</run_address>
         <size>0x26b</size>
         <input_file_ref idref="fl-3"/>
      </object_component>
      <object_component id="oc-11f">
         <name>.debug_info</name>
         <load_address>0x2425</load_address>
         <run_address>0x2425</run_address>
         <size>0x84</size>
         <input_file_ref idref="fl-3"/>
      </object_component>
      <object_component id="oc-15d">
         <name>.debug_info</name>
         <load_address>0x24a9</load_address>
         <run_address>0x24a9</run_address>
         <size>0x230</size>
         <input_file_ref idref="fl-9"/>
      </object_component>
      <object_component id="oc-1d2">
         <name>.debug_info</name>
         <load_address>0x26d9</load_address>
         <run_address>0x26d9</run_address>
         <size>0x167</size>
         <input_file_ref idref="fl-9"/>
      </object_component>
      <object_component id="oc-1d5">
         <name>.debug_info</name>
         <load_address>0x2840</load_address>
         <run_address>0x2840</run_address>
         <size>0x169</size>
         <input_file_ref idref="fl-9"/>
      </object_component>
      <object_component id="oc-ee">
         <name>.debug_info</name>
         <load_address>0x29a9</load_address>
         <run_address>0x29a9</run_address>
         <size>0x2a3</size>
         <input_file_ref idref="fl-9"/>
      </object_component>
      <object_component id="oc-157">
         <name>.debug_info</name>
         <load_address>0x2c4c</load_address>
         <run_address>0x2c4c</run_address>
         <size>0x2b3</size>
         <input_file_ref idref="fl-9"/>
      </object_component>
      <object_component id="oc-151">
         <name>.debug_info</name>
         <load_address>0x2eff</load_address>
         <run_address>0x2eff</run_address>
         <size>0x316</size>
         <input_file_ref idref="fl-9"/>
      </object_component>
      <object_component id="oc-88">
         <name>.debug_info</name>
         <load_address>0x3215</load_address>
         <run_address>0x3215</run_address>
         <size>0x2b7</size>
         <input_file_ref idref="fl-9"/>
      </object_component>
      <object_component id="oc-8e">
         <name>.debug_info</name>
         <load_address>0x34cc</load_address>
         <run_address>0x34cc</run_address>
         <size>0x2b5</size>
         <input_file_ref idref="fl-9"/>
      </object_component>
      <object_component id="oc-109">
         <name>.debug_info</name>
         <load_address>0x3781</load_address>
         <run_address>0x3781</run_address>
         <size>0x27b</size>
         <input_file_ref idref="fl-9"/>
      </object_component>
      <object_component id="oc-162">
         <name>.debug_info</name>
         <load_address>0x39fc</load_address>
         <run_address>0x39fc</run_address>
         <size>0x27e</size>
         <input_file_ref idref="fl-9"/>
      </object_component>
      <object_component id="oc-a6">
         <name>.debug_info</name>
         <load_address>0x3c7a</load_address>
         <run_address>0x3c7a</run_address>
         <size>0x2bb</size>
         <input_file_ref idref="fl-9"/>
      </object_component>
      <object_component id="oc-b8">
         <name>.debug_info</name>
         <load_address>0x3f35</load_address>
         <run_address>0x3f35</run_address>
         <size>0x27f</size>
         <input_file_ref idref="fl-9"/>
      </object_component>
      <object_component id="oc-a0">
         <name>.debug_info</name>
         <load_address>0x41b4</load_address>
         <run_address>0x41b4</run_address>
         <size>0x2e8</size>
         <input_file_ref idref="fl-9"/>
      </object_component>
      <object_component id="oc-ac">
         <name>.debug_info</name>
         <load_address>0x449c</load_address>
         <run_address>0x449c</run_address>
         <size>0x28f</size>
         <input_file_ref idref="fl-9"/>
      </object_component>
      <object_component id="oc-94">
         <name>.debug_info</name>
         <load_address>0x472b</load_address>
         <run_address>0x472b</run_address>
         <size>0x291</size>
         <input_file_ref idref="fl-9"/>
      </object_component>
      <object_component id="oc-9a">
         <name>.debug_info</name>
         <load_address>0x49bc</load_address>
         <run_address>0x49bc</run_address>
         <size>0x28d</size>
         <input_file_ref idref="fl-9"/>
      </object_component>
      <object_component id="oc-189">
         <name>.debug_info</name>
         <load_address>0x4c49</load_address>
         <run_address>0x4c49</run_address>
         <size>0x20e</size>
         <input_file_ref idref="fl-a"/>
      </object_component>
      <object_component id="oc-186">
         <name>.debug_info</name>
         <load_address>0x4e57</load_address>
         <run_address>0x4e57</run_address>
         <size>0x210</size>
         <input_file_ref idref="fl-a"/>
      </object_component>
      <object_component id="oc-1d9">
         <name>.debug_info</name>
         <load_address>0x5067</load_address>
         <run_address>0x5067</run_address>
         <size>0x157</size>
         <input_file_ref idref="fl-a"/>
      </object_component>
      <object_component id="oc-168">
         <name>.debug_info</name>
         <load_address>0x51be</load_address>
         <run_address>0x51be</run_address>
         <size>0x2c1</size>
         <input_file_ref idref="fl-a"/>
      </object_component>
      <object_component id="oc-dc">
         <name>.debug_info</name>
         <load_address>0x547f</load_address>
         <run_address>0x547f</run_address>
         <size>0x23e</size>
         <input_file_ref idref="fl-a"/>
      </object_component>
      <object_component id="oc-103">
         <name>.debug_info</name>
         <load_address>0x56bd</load_address>
         <run_address>0x56bd</run_address>
         <size>0x240</size>
         <input_file_ref idref="fl-a"/>
      </object_component>
      <object_component id="oc-d0">
         <name>.debug_info</name>
         <load_address>0x58fd</load_address>
         <run_address>0x58fd</run_address>
         <size>0x268</size>
         <input_file_ref idref="fl-a"/>
      </object_component>
      <object_component id="oc-14e">
         <name>.debug_info</name>
         <load_address>0x5b65</load_address>
         <run_address>0x5b65</run_address>
         <size>0x27f</size>
         <input_file_ref idref="fl-b"/>
      </object_component>
      <object_component id="oc-181">
         <name>.debug_info</name>
         <load_address>0x5de4</load_address>
         <run_address>0x5de4</run_address>
         <size>0x14d</size>
         <input_file_ref idref="fl-b"/>
      </object_component>
      <object_component id="oc-83">
         <name>.debug_info</name>
         <load_address>0x5f31</load_address>
         <run_address>0x5f31</run_address>
         <size>0x27d</size>
         <input_file_ref idref="fl-b"/>
      </object_component>
      <object_component id="oc-7d">
         <name>.debug_info</name>
         <load_address>0x61ae</load_address>
         <run_address>0x61ae</run_address>
         <size>0x2db</size>
         <input_file_ref idref="fl-b"/>
      </object_component>
      <object_component id="oc-c6">
         <name>.debug_info</name>
         <load_address>0x6489</load_address>
         <run_address>0x6489</run_address>
         <size>0x2b5</size>
         <input_file_ref idref="fl-b"/>
      </object_component>
      <object_component id="oc-1c8">
         <name>.debug_info</name>
         <load_address>0x673e</load_address>
         <run_address>0x673e</run_address>
         <size>0x5f</size>
         <input_file_ref idref="fl-b"/>
      </object_component>
      <object_component id="oc-17f">
         <name>.debug_info</name>
         <load_address>0x679d</load_address>
         <run_address>0x679d</run_address>
         <size>0x228</size>
         <input_file_ref idref="fl-c"/>
      </object_component>
      <object_component id="oc-cb">
         <name>.debug_info</name>
         <load_address>0x69c5</load_address>
         <run_address>0x69c5</run_address>
         <size>0x2ba</size>
         <input_file_ref idref="fl-c"/>
      </object_component>
      <object_component id="oc-d7">
         <name>.debug_info</name>
         <load_address>0x6c7f</load_address>
         <run_address>0x6c7f</run_address>
         <size>0x294</size>
         <input_file_ref idref="fl-c"/>
      </object_component>
      <object_component id="oc-e9">
         <name>.debug_info</name>
         <load_address>0x6f13</load_address>
         <run_address>0x6f13</run_address>
         <size>0x292</size>
         <input_file_ref idref="fl-c"/>
      </object_component>
      <object_component id="oc-e3">
         <name>.debug_info</name>
         <load_address>0x71a5</load_address>
         <run_address>0x71a5</run_address>
         <size>0x27f</size>
         <input_file_ref idref="fl-c"/>
      </object_component>
      <object_component id="oc-bf">
         <name>.debug_info</name>
         <load_address>0x7424</load_address>
         <run_address>0x7424</run_address>
         <size>0x28c</size>
         <input_file_ref idref="fl-c"/>
      </object_component>
      <object_component id="oc-18c">
         <name>.debug_info</name>
         <load_address>0x76b0</load_address>
         <run_address>0x76b0</run_address>
         <size>0x212</size>
         <input_file_ref idref="fl-d"/>
      </object_component>
      <object_component id="oc-19a">
         <name>.debug_info</name>
         <load_address>0x78c2</load_address>
         <run_address>0x78c2</run_address>
         <size>0x20f</size>
         <input_file_ref idref="fl-d"/>
      </object_component>
      <object_component id="oc-27">
         <name>.debug_info</name>
         <load_address>0x7ad1</load_address>
         <run_address>0x7ad1</run_address>
         <size>0x138</size>
         <input_file_ref idref="fl-130"/>
      </object_component>
      <object_component id="oc-44">
         <name>.debug_info</name>
         <load_address>0x7c09</load_address>
         <run_address>0x7c09</run_address>
         <size>0x123</size>
         <input_file_ref idref="fl-131"/>
      </object_component>
      <object_component id="oc-16">
         <name>.debug_info</name>
         <load_address>0x7d2c</load_address>
         <run_address>0x7d2c</run_address>
         <size>0x1c2</size>
         <input_file_ref idref="fl-131"/>
      </object_component>
      <object_component id="oc-3f">
         <name>.debug_info</name>
         <load_address>0x7eee</load_address>
         <run_address>0x7eee</run_address>
         <size>0x46</size>
         <input_file_ref idref="fl-131"/>
      </object_component>
      <object_component id="oc-125">
         <name>.debug_info</name>
         <load_address>0x7f34</load_address>
         <run_address>0x7f34</run_address>
         <size>0x2c</size>
         <input_file_ref idref="fl-131"/>
      </object_component>
      <object_component id="oc-4c">
         <name>.debug_info</name>
         <load_address>0x7f60</load_address>
         <run_address>0x7f60</run_address>
         <size>0x117</size>
         <input_file_ref idref="fl-132"/>
      </object_component>
      <object_component id="oc-46">
         <name>.debug_info</name>
         <load_address>0x8077</load_address>
         <run_address>0x8077</run_address>
         <size>0x22a</size>
         <input_file_ref idref="fl-132"/>
      </object_component>
      <object_component id="oc-19">
         <name>.debug_info</name>
         <load_address>0x82a1</load_address>
         <run_address>0x82a1</run_address>
         <size>0x1bc</size>
         <input_file_ref idref="fl-132"/>
      </object_component>
      <object_component id="oc-4d">
         <name>.debug_info</name>
         <load_address>0x845d</load_address>
         <run_address>0x845d</run_address>
         <size>0x39</size>
         <input_file_ref idref="fl-132"/>
      </object_component>
      <object_component id="oc-12f">
         <name>.debug_info</name>
         <load_address>0x8496</load_address>
         <run_address>0x8496</run_address>
         <size>0x2c</size>
         <input_file_ref idref="fl-132"/>
      </object_component>
      <object_component id="oc-5d">
         <name>.debug_info</name>
         <load_address>0x84c2</load_address>
         <run_address>0x84c2</run_address>
         <size>0x112</size>
         <input_file_ref idref="fl-133"/>
      </object_component>
      <object_component id="oc-1f">
         <name>.debug_info</name>
         <load_address>0x85d4</load_address>
         <run_address>0x85d4</run_address>
         <size>0x18d</size>
         <input_file_ref idref="fl-133"/>
      </object_component>
      <object_component id="oc-58">
         <name>.debug_info</name>
         <load_address>0x8761</load_address>
         <run_address>0x8761</run_address>
         <size>0x46</size>
         <input_file_ref idref="fl-133"/>
      </object_component>
      <object_component id="oc-149">
         <name>.debug_info</name>
         <load_address>0x87a7</load_address>
         <run_address>0x87a7</run_address>
         <size>0x174</size>
         <input_file_ref idref="fl-134"/>
      </object_component>
      <object_component id="oc-146">
         <name>.debug_info</name>
         <load_address>0x891b</load_address>
         <run_address>0x891b</run_address>
         <size>0x119</size>
         <input_file_ref idref="fl-134"/>
      </object_component>
      <object_component id="oc-74">
         <name>.debug_info</name>
         <load_address>0x8a34</load_address>
         <run_address>0x8a34</run_address>
         <size>0x1f0</size>
         <input_file_ref idref="fl-134"/>
      </object_component>
      <object_component id="oc-3a">
         <name>.debug_info</name>
         <load_address>0x8c24</load_address>
         <run_address>0x8c24</run_address>
         <size>0xfa</size>
         <input_file_ref idref="fl-135"/>
      </object_component>
      <object_component id="oc-55">
         <name>.debug_info</name>
         <load_address>0x8d1e</load_address>
         <run_address>0x8d1e</run_address>
         <size>0x12a</size>
         <input_file_ref idref="fl-136"/>
      </object_component>
      <object_component id="oc-60">
         <name>.debug_info</name>
         <load_address>0x8e48</load_address>
         <run_address>0x8e48</run_address>
         <size>0x12b</size>
         <input_file_ref idref="fl-137"/>
      </object_component>
      <object_component id="oc-177">
         <name>.debug_info</name>
         <load_address>0x8f73</load_address>
         <run_address>0x8f73</run_address>
         <size>0x19e</size>
         <input_file_ref idref="fl-138"/>
      </object_component>
      <object_component id="oc-b5">
         <name>.debug_info</name>
         <load_address>0x9111</load_address>
         <run_address>0x9111</run_address>
         <size>0x2e3</size>
         <input_file_ref idref="fl-138"/>
      </object_component>
      <object_component id="oc-23b">
         <name>.debug_info</name>
         <load_address>0x93f4</load_address>
         <run_address>0x93f4</run_address>
         <size>0x2c</size>
         <input_file_ref idref="fl-138"/>
      </object_component>
      <object_component id="oc-77">
         <name>.debug_info</name>
         <load_address>0x9420</load_address>
         <run_address>0x9420</run_address>
         <size>0xec</size>
         <input_file_ref idref="fl-139"/>
      </object_component>
      <object_component id="oc-1c0">
         <name>.debug_info</name>
         <load_address>0x950c</load_address>
         <run_address>0x950c</run_address>
         <size>0x107</size>
         <input_file_ref idref="fl-13a"/>
      </object_component>
      <object_component id="oc-143">
         <name>.debug_info</name>
         <load_address>0x9613</load_address>
         <run_address>0x9613</run_address>
         <size>0xf6</size>
         <input_file_ref idref="fl-13a"/>
      </object_component>
      <object_component id="oc-1ba">
         <name>.debug_info</name>
         <load_address>0x9709</load_address>
         <run_address>0x9709</run_address>
         <size>0x202</size>
         <input_file_ref idref="fl-13a"/>
      </object_component>
      <object_component id="oc-235">
         <name>.debug_info</name>
         <load_address>0x990b</load_address>
         <run_address>0x990b</run_address>
         <size>0x3ae</size>
         <input_file_ref idref="fl-13b"/>
      </object_component>
      <object_component id="oc-172">
         <name>.debug_info</name>
         <load_address>0x9cb9</load_address>
         <run_address>0x9cb9</run_address>
         <size>0x1813</size>
         <input_file_ref idref="fl-13b"/>
      </object_component>
      <object_component id="oc-236">
         <name>.debug_info</name>
         <load_address>0xb4cc</load_address>
         <run_address>0xb4cc</run_address>
         <size>0x86</size>
         <input_file_ref idref="fl-13b"/>
      </object_component>
      <object_component id="oc-290">
         <name>.debug_info</name>
         <load_address>0xb552</load_address>
         <run_address>0xb552</run_address>
         <size>0x46</size>
         <input_file_ref idref="fl-13b"/>
      </object_component>
      <object_component id="oc-240">
         <name>.debug_info</name>
         <load_address>0xb598</load_address>
         <run_address>0xb598</run_address>
         <size>0x39</size>
         <input_file_ref idref="fl-13b"/>
      </object_component>
      <object_component id="oc-141">
         <name>.debug_info</name>
         <load_address>0xb5d1</load_address>
         <run_address>0xb5d1</run_address>
         <size>0x149</size>
         <input_file_ref idref="fl-13c"/>
      </object_component>
      <object_component id="oc-6c">
         <name>.debug_info</name>
         <load_address>0xb71a</load_address>
         <run_address>0xb71a</run_address>
         <size>0x14a</size>
         <input_file_ref idref="fl-13c"/>
      </object_component>
      <object_component id="oc-1b3">
         <name>.debug_info</name>
         <load_address>0xb864</load_address>
         <run_address>0xb864</run_address>
         <size>0x5e</size>
         <input_file_ref idref="fl-13c"/>
      </object_component>
      <object_component id="oc-28d">
         <name>.debug_info</name>
         <load_address>0xb8c2</load_address>
         <run_address>0xb8c2</run_address>
         <size>0xf7</size>
         <input_file_ref idref="fl-13d"/>
      </object_component>
      <object_component id="oc-22f">
         <name>.debug_info</name>
         <load_address>0xb9b9</load_address>
         <run_address>0xb9b9</run_address>
         <size>0x154</size>
         <input_file_ref idref="fl-13d"/>
      </object_component>
      <object_component id="oc-13f">
         <name>.debug_info</name>
         <load_address>0xbb0d</load_address>
         <run_address>0xbb0d</run_address>
         <size>0x2a0</size>
         <input_file_ref idref="fl-13e"/>
      </object_component>
      <object_component id="oc-65">
         <name>.debug_info</name>
         <load_address>0xbdad</load_address>
         <run_address>0xbdad</run_address>
         <size>0x15a</size>
         <input_file_ref idref="fl-13e"/>
      </object_component>
      <object_component id="oc-1a7">
         <name>.debug_info</name>
         <load_address>0xbf07</load_address>
         <run_address>0xbf07</run_address>
         <size>0x39</size>
         <input_file_ref idref="fl-13e"/>
      </object_component>
      <object_component id="oc-1ac">
         <name>.debug_info</name>
         <load_address>0xbf40</load_address>
         <run_address>0xbf40</run_address>
         <size>0xcd</size>
         <input_file_ref idref="fl-13e"/>
      </object_component>
      <object_component id="oc-1a4">
         <name>.debug_info</name>
         <load_address>0xc00d</load_address>
         <run_address>0xc00d</run_address>
         <size>0x1c3</size>
         <input_file_ref idref="fl-13f"/>
      </object_component>
      <object_component id="oc-139">
         <name>.debug_info</name>
         <load_address>0xc1d0</load_address>
         <run_address>0xc1d0</run_address>
         <size>0x17f</size>
         <input_file_ref idref="fl-13f"/>
      </object_component>
      <object_component id="oc-253">
         <name>.debug_info</name>
         <load_address>0xc34f</load_address>
         <run_address>0xc34f</run_address>
         <size>0x2c</size>
         <input_file_ref idref="fl-13f"/>
      </object_component>
      <object_component id="oc-2bc">
         <name>.debug_info</name>
         <load_address>0xc37b</load_address>
         <run_address>0xc37b</run_address>
         <size>0xd1</size>
         <input_file_ref idref="fl-140"/>
      </object_component>
      <object_component id="oc-28a">
         <name>.debug_info</name>
         <load_address>0xc44c</load_address>
         <run_address>0xc44c</run_address>
         <size>0xdd</size>
         <input_file_ref idref="fl-140"/>
      </object_component>
      <object_component id="oc-20c">
         <name>.debug_info</name>
         <load_address>0xc529</load_address>
         <run_address>0xc529</run_address>
         <size>0x12d</size>
         <input_file_ref idref="fl-141"/>
      </object_component>
      <object_component id="oc-1e9">
         <name>.debug_info</name>
         <load_address>0xc656</load_address>
         <run_address>0xc656</run_address>
         <size>0x109</size>
         <input_file_ref idref="fl-142"/>
      </object_component>
      <object_component id="oc-1f8">
         <name>.debug_info</name>
         <load_address>0xc75f</load_address>
         <run_address>0xc75f</run_address>
         <size>0x10b</size>
         <input_file_ref idref="fl-142"/>
      </object_component>
      <object_component id="oc-1f4">
         <name>.debug_info</name>
         <load_address>0xc86a</load_address>
         <run_address>0xc86a</run_address>
         <size>0x11b</size>
         <input_file_ref idref="fl-143"/>
      </object_component>
      <object_component id="oc-1ed">
         <name>.debug_info</name>
         <load_address>0xc985</load_address>
         <run_address>0xc985</run_address>
         <size>0x11b</size>
         <input_file_ref idref="fl-144"/>
      </object_component>
      <object_component id="oc-1fc">
         <name>.debug_info</name>
         <load_address>0xcaa0</load_address>
         <run_address>0xcaa0</run_address>
         <size>0x10f</size>
         <input_file_ref idref="fl-145"/>
      </object_component>
      <object_component id="oc-274">
         <name>.debug_info</name>
         <load_address>0xcbaf</load_address>
         <run_address>0xcbaf</run_address>
         <size>0x16f</size>
         <input_file_ref idref="fl-146"/>
      </object_component>
      <object_component id="oc-211">
         <name>.debug_info</name>
         <load_address>0xcd1e</load_address>
         <run_address>0xcd1e</run_address>
         <size>0x170</size>
         <input_file_ref idref="fl-146"/>
      </object_component>
      <object_component id="oc-207">
         <name>.debug_info</name>
         <load_address>0xce8e</load_address>
         <run_address>0xce8e</run_address>
         <size>0x10d</size>
         <input_file_ref idref="fl-147"/>
      </object_component>
      <object_component id="oc-282">
         <name>.debug_info</name>
         <load_address>0xcf9b</load_address>
         <run_address>0xcf9b</run_address>
         <size>0x171</size>
         <input_file_ref idref="fl-148"/>
      </object_component>
      <object_component id="oc-217">
         <name>.debug_info</name>
         <load_address>0xd10c</load_address>
         <run_address>0xd10c</run_address>
         <size>0x167</size>
         <input_file_ref idref="fl-148"/>
      </object_component>
      <object_component id="oc-26a">
         <name>.debug_info</name>
         <load_address>0xd273</load_address>
         <run_address>0xd273</run_address>
         <size>0x12f</size>
         <input_file_ref idref="fl-149"/>
      </object_component>
      <object_component id="oc-203">
         <name>.debug_info</name>
         <load_address>0xd3a2</load_address>
         <run_address>0xd3a2</run_address>
         <size>0x1a5</size>
         <input_file_ref idref="fl-149"/>
      </object_component>
      <object_component id="oc-288">
         <name>.debug_info</name>
         <load_address>0xd547</load_address>
         <run_address>0xd547</run_address>
         <size>0xd4</size>
         <input_file_ref idref="fl-14a"/>
      </object_component>
      <object_component id="oc-229">
         <name>.debug_info</name>
         <load_address>0xd61b</load_address>
         <run_address>0xd61b</run_address>
         <size>0x18e</size>
         <input_file_ref idref="fl-14a"/>
      </object_component>
      <object_component id="oc-284">
         <name>.debug_info</name>
         <load_address>0xd7a9</load_address>
         <run_address>0xd7a9</run_address>
         <size>0xd8</size>
         <input_file_ref idref="fl-14b"/>
      </object_component>
      <object_component id="oc-21d">
         <name>.debug_info</name>
         <load_address>0xd881</load_address>
         <run_address>0xd881</run_address>
         <size>0x1f7</size>
         <input_file_ref idref="fl-14b"/>
      </object_component>
      <object_component id="oc-263">
         <name>.debug_info</name>
         <load_address>0xda78</load_address>
         <run_address>0xda78</run_address>
         <size>0xcd</size>
         <input_file_ref idref="fl-14c"/>
      </object_component>
      <object_component id="oc-1e4">
         <name>.debug_info</name>
         <load_address>0xdb45</load_address>
         <run_address>0xdb45</run_address>
         <size>0x1dd</size>
         <input_file_ref idref="fl-14c"/>
      </object_component>
      <object_component id="oc-1de">
         <name>.debug_info</name>
         <load_address>0xdd22</load_address>
         <run_address>0xdd22</run_address>
         <size>0x168</size>
         <input_file_ref idref="fl-14d"/>
      </object_component>
      <object_component id="oc-286">
         <name>.debug_info</name>
         <load_address>0xde8a</load_address>
         <run_address>0xde8a</run_address>
         <size>0x122</size>
         <input_file_ref idref="fl-14e"/>
      </object_component>
      <object_component id="oc-223">
         <name>.debug_info</name>
         <load_address>0xdfac</load_address>
         <run_address>0xdfac</run_address>
         <size>0x15d</size>
         <input_file_ref idref="fl-14e"/>
      </object_component>
      <object_component id="oc-2a7">
         <name>.debug_info</name>
         <load_address>0xe109</load_address>
         <run_address>0xe109</run_address>
         <size>0x182</size>
         <input_file_ref idref="fl-14f"/>
      </object_component>
      <object_component id="oc-276">
         <name>.debug_info</name>
         <load_address>0xe28b</load_address>
         <run_address>0xe28b</run_address>
         <size>0x194</size>
         <input_file_ref idref="fl-14f"/>
      </object_component>
      <object_component id="oc-2c5">
         <name>.debug_info</name>
         <load_address>0xe41f</load_address>
         <run_address>0xe41f</run_address>
         <size>0x86</size>
         <input_file_ref idref="fl-14f"/>
      </object_component>
      <object_component id="oc-2a0">
         <name>.debug_info</name>
         <load_address>0xe4a5</load_address>
         <run_address>0xe4a5</run_address>
         <size>0x16c</size>
         <input_file_ref idref="fl-150"/>
      </object_component>
      <object_component id="oc-270">
         <name>.debug_info</name>
         <load_address>0xe611</load_address>
         <run_address>0xe611</run_address>
         <size>0x175</size>
         <input_file_ref idref="fl-150"/>
      </object_component>
      <object_component id="oc-27c">
         <name>.debug_info</name>
         <load_address>0xe786</load_address>
         <run_address>0xe786</run_address>
         <size>0x155</size>
         <input_file_ref idref="fl-151"/>
      </object_component>
      <object_component id="oc-2a4">
         <name>.debug_info</name>
         <load_address>0xe8db</load_address>
         <run_address>0xe8db</run_address>
         <size>0x1b7</size>
         <input_file_ref idref="fl-152"/>
      </object_component>
      <object_component id="oc-2af">
         <name>.debug_info</name>
         <load_address>0xea92</load_address>
         <run_address>0xea92</run_address>
         <size>0xd8</size>
         <input_file_ref idref="fl-153"/>
      </object_component>
      <object_component id="oc-2eb">
         <name>.debug_info</name>
         <load_address>0xeb6a</load_address>
         <run_address>0xeb6a</run_address>
         <size>0x1af</size>
         <input_file_ref idref="fl-154"/>
      </object_component>
      <object_component id="oc-2d3">
         <name>.debug_info</name>
         <load_address>0xed19</load_address>
         <run_address>0xed19</run_address>
         <size>0x110</size>
         <input_file_ref idref="fl-154"/>
      </object_component>
      <object_component id="oc-2a9">
         <name>.debug_info</name>
         <load_address>0xee29</load_address>
         <run_address>0xee29</run_address>
         <size>0x171</size>
         <input_file_ref idref="fl-154"/>
      </object_component>
      <object_component id="oc-2e6">
         <name>.debug_info</name>
         <load_address>0xef9a</load_address>
         <run_address>0xef9a</run_address>
         <size>0x6f</size>
         <input_file_ref idref="fl-154"/>
      </object_component>
      <object_component id="oc-2e3">
         <name>.debug_info</name>
         <load_address>0xf009</load_address>
         <run_address>0xf009</run_address>
         <size>0xff</size>
         <input_file_ref idref="fl-155"/>
      </object_component>
      <object_component id="oc-2cd">
         <name>.debug_info</name>
         <load_address>0xf108</load_address>
         <run_address>0xf108</run_address>
         <size>0x156</size>
         <input_file_ref idref="fl-155"/>
      </object_component>
      <object_component id="oc-2f4">
         <name>.debug_info</name>
         <load_address>0xf25e</load_address>
         <run_address>0xf25e</run_address>
         <size>0x2c</size>
         <input_file_ref idref="fl-155"/>
      </object_component>
      <object_component id="oc-2f1">
         <name>.debug_info</name>
         <load_address>0xf28a</load_address>
         <run_address>0xf28a</run_address>
         <size>0x11f</size>
         <input_file_ref idref="fl-156"/>
      </object_component>
      <object_component id="oc-2ee">
         <name>.debug_info</name>
         <load_address>0xf3a9</load_address>
         <run_address>0xf3a9</run_address>
         <size>0xdd</size>
         <input_file_ref idref="fl-156"/>
      </object_component>
      <object_component id="oc-2dd">
         <name>.debug_info</name>
         <load_address>0xf486</load_address>
         <run_address>0xf486</run_address>
         <size>0x16c</size>
         <input_file_ref idref="fl-156"/>
      </object_component>
      <object_component id="oc-2c0">
         <name>.debug_info</name>
         <load_address>0xf5f2</load_address>
         <run_address>0xf5f2</run_address>
         <size>0x137</size>
         <input_file_ref idref="fl-157"/>
      </object_component>
      <object_component id="oc-29a">
         <name>.debug_info</name>
         <load_address>0xf729</load_address>
         <run_address>0xf729</run_address>
         <size>0x14f</size>
         <input_file_ref idref="fl-157"/>
      </object_component>
      <object_component id="oc-326">
         <name>.debug_info</name>
         <load_address>0xf878</load_address>
         <run_address>0xf878</run_address>
         <size>0xa9</size>
      </object_component>
      <object_component id="oc-196">
         <name>.debug_line</name>
         <load_address>0x0</load_address>
         <run_address>0x0</run_address>
         <size>0x148</size>
         <input_file_ref idref="fl-2"/>
      </object_component>
      <object_component id="oc-198">
         <name>.debug_line</name>
         <load_address>0x148</load_address>
         <run_address>0x148</run_address>
         <size>0x2d</size>
         <input_file_ref idref="fl-2"/>
      </object_component>
      <object_component id="oc-1a2">
         <name>.debug_line</name>
         <load_address>0x175</load_address>
         <run_address>0x175</run_address>
         <size>0x2d</size>
         <input_file_ref idref="fl-2"/>
      </object_component>
      <object_component id="oc-34">
         <name>.debug_line</name>
         <load_address>0x1a2</load_address>
         <run_address>0x1a2</run_address>
         <size>0x347</size>
         <input_file_ref idref="fl-2"/>
      </object_component>
      <object_component id="oc-116">
         <name>.debug_line</name>
         <load_address>0x4e9</load_address>
         <run_address>0x4e9</run_address>
         <size>0x20</size>
         <input_file_ref idref="fl-2"/>
      </object_component>
      <object_component id="oc-11b">
         <name>.debug_line</name>
         <load_address>0x509</load_address>
         <run_address>0x509</run_address>
         <size>0x60</size>
         <input_file_ref idref="fl-2"/>
      </object_component>
      <object_component id="oc-17b">
         <name>.debug_line</name>
         <load_address>0x569</load_address>
         <run_address>0x569</run_address>
         <size>0x60</size>
         <input_file_ref idref="fl-2"/>
      </object_component>
      <object_component id="oc-11e">
         <name>.debug_line</name>
         <load_address>0x5c9</load_address>
         <run_address>0x5c9</run_address>
         <size>0x41</size>
         <input_file_ref idref="fl-3"/>
      </object_component>
      <object_component id="oc-37">
         <name>.debug_line</name>
         <load_address>0x60a</load_address>
         <run_address>0x60a</run_address>
         <size>0x41</size>
         <input_file_ref idref="fl-3"/>
      </object_component>
      <object_component id="oc-2e">
         <name>.debug_line</name>
         <load_address>0x64b</load_address>
         <run_address>0x64b</run_address>
         <size>0xa1</size>
         <input_file_ref idref="fl-3"/>
      </object_component>
      <object_component id="oc-122">
         <name>.debug_line</name>
         <load_address>0x6ec</load_address>
         <run_address>0x6ec</run_address>
         <size>0x20</size>
         <input_file_ref idref="fl-3"/>
      </object_component>
      <object_component id="oc-1d0">
         <name>.debug_line</name>
         <load_address>0x70c</load_address>
         <run_address>0x70c</run_address>
         <size>0x82</size>
         <input_file_ref idref="fl-9"/>
      </object_component>
      <object_component id="oc-25c">
         <name>.debug_line</name>
         <load_address>0x78e</load_address>
         <run_address>0x78e</run_address>
         <size>0x7d</size>
         <input_file_ref idref="fl-9"/>
      </object_component>
      <object_component id="oc-25e">
         <name>.debug_line</name>
         <load_address>0x80b</load_address>
         <run_address>0x80b</run_address>
         <size>0x7d</size>
         <input_file_ref idref="fl-9"/>
      </object_component>
      <object_component id="oc-f1">
         <name>.debug_line</name>
         <load_address>0x888</load_address>
         <run_address>0x888</run_address>
         <size>0x92</size>
         <input_file_ref idref="fl-9"/>
      </object_component>
      <object_component id="oc-15a">
         <name>.debug_line</name>
         <load_address>0x91a</load_address>
         <run_address>0x91a</run_address>
         <size>0x95</size>
         <input_file_ref idref="fl-9"/>
      </object_component>
      <object_component id="oc-154">
         <name>.debug_line</name>
         <load_address>0x9af</load_address>
         <run_address>0x9af</run_address>
         <size>0xd1</size>
         <input_file_ref idref="fl-9"/>
      </object_component>
      <object_component id="oc-8b">
         <name>.debug_line</name>
         <load_address>0xa80</load_address>
         <run_address>0xa80</run_address>
         <size>0x99</size>
         <input_file_ref idref="fl-9"/>
      </object_component>
      <object_component id="oc-91">
         <name>.debug_line</name>
         <load_address>0xb19</load_address>
         <run_address>0xb19</run_address>
         <size>0x93</size>
         <input_file_ref idref="fl-9"/>
      </object_component>
      <object_component id="oc-10c">
         <name>.debug_line</name>
         <load_address>0xbac</load_address>
         <run_address>0xbac</run_address>
         <size>0x92</size>
         <input_file_ref idref="fl-9"/>
      </object_component>
      <object_component id="oc-165">
         <name>.debug_line</name>
         <load_address>0xc3e</load_address>
         <run_address>0xc3e</run_address>
         <size>0xa9</size>
         <input_file_ref idref="fl-9"/>
      </object_component>
      <object_component id="oc-a9">
         <name>.debug_line</name>
         <load_address>0xce7</load_address>
         <run_address>0xce7</run_address>
         <size>0x99</size>
         <input_file_ref idref="fl-9"/>
      </object_component>
      <object_component id="oc-bb">
         <name>.debug_line</name>
         <load_address>0xd80</load_address>
         <run_address>0xd80</run_address>
         <size>0x92</size>
         <input_file_ref idref="fl-9"/>
      </object_component>
      <object_component id="oc-a3">
         <name>.debug_line</name>
         <load_address>0xe12</load_address>
         <run_address>0xe12</run_address>
         <size>0x99</size>
         <input_file_ref idref="fl-9"/>
      </object_component>
      <object_component id="oc-af">
         <name>.debug_line</name>
         <load_address>0xeab</load_address>
         <run_address>0xeab</run_address>
         <size>0x92</size>
         <input_file_ref idref="fl-9"/>
      </object_component>
      <object_component id="oc-97">
         <name>.debug_line</name>
         <load_address>0xf3d</load_address>
         <run_address>0xf3d</run_address>
         <size>0x92</size>
         <input_file_ref idref="fl-9"/>
      </object_component>
      <object_component id="oc-9d">
         <name>.debug_line</name>
         <load_address>0xfcf</load_address>
         <run_address>0xfcf</run_address>
         <size>0x92</size>
         <input_file_ref idref="fl-9"/>
      </object_component>
      <object_component id="oc-24e">
         <name>.debug_line</name>
         <load_address>0x1061</load_address>
         <run_address>0x1061</run_address>
         <size>0x7c</size>
         <input_file_ref idref="fl-a"/>
      </object_component>
      <object_component id="oc-24c">
         <name>.debug_line</name>
         <load_address>0x10dd</load_address>
         <run_address>0x10dd</run_address>
         <size>0x82</size>
         <input_file_ref idref="fl-a"/>
      </object_component>
      <object_component id="oc-260">
         <name>.debug_line</name>
         <load_address>0x115f</load_address>
         <run_address>0x115f</run_address>
         <size>0x82</size>
         <input_file_ref idref="fl-a"/>
      </object_component>
      <object_component id="oc-16b">
         <name>.debug_line</name>
         <load_address>0x11e1</load_address>
         <run_address>0x11e1</run_address>
         <size>0xaf</size>
         <input_file_ref idref="fl-a"/>
      </object_component>
      <object_component id="oc-df">
         <name>.debug_line</name>
         <load_address>0x1290</load_address>
         <run_address>0x1290</run_address>
         <size>0x97</size>
         <input_file_ref idref="fl-a"/>
      </object_component>
      <object_component id="oc-106">
         <name>.debug_line</name>
         <load_address>0x1327</load_address>
         <run_address>0x1327</run_address>
         <size>0x97</size>
         <input_file_ref idref="fl-a"/>
      </object_component>
      <object_component id="oc-d3">
         <name>.debug_line</name>
         <load_address>0x13be</load_address>
         <run_address>0x13be</run_address>
         <size>0xc2</size>
         <input_file_ref idref="fl-a"/>
      </object_component>
      <object_component id="oc-1c7">
         <name>.debug_line</name>
         <load_address>0x1480</load_address>
         <run_address>0x1480</run_address>
         <size>0x13d</size>
         <input_file_ref idref="fl-b"/>
      </object_component>
      <object_component id="oc-24a">
         <name>.debug_line</name>
         <load_address>0x15bd</load_address>
         <run_address>0x15bd</run_address>
         <size>0x7f</size>
         <input_file_ref idref="fl-b"/>
      </object_component>
      <object_component id="oc-86">
         <name>.debug_line</name>
         <load_address>0x163c</load_address>
[...]
         <object_component_ref idref="oc-fb"/>
      </symbol>
      <symbol id="sm-107">
         <name>RS</name>
         <value>0x200005a0</value>
         <object_component_ref idref="oc-fb"/>
      </symbol>
      <symbol id="sm-108">
         <name>buttonDebouncePin</name>
         <value>0x200005b0</value>
         <object_component_ref idref="oc-fb"/>
      </symbol>
      <symbol id="sm-109">
         <name>E</name>
         <value>0x200005a1</value>
         <object_component_ref idref="oc-fb"/>
      </symbol>
      <symbol id="sm-10a">
         <name>sendCharacter</name>
         <value>0x1613</value>
         <object_component_ref idref="oc-30"/>
      </symbol>
      <symbol id="sm-10b">
         <name>portAISR</name>
         <value>0x1729</value>
         <object_component_ref idref="oc-30"/>
      </symbol>
      <symbol id="sm-10c">
         <name>RSHigh</name>
         <value>0x200005a7</value>
         <object_component_ref idref="oc-fb"/>
      </symbol>
      <symbol id="sm-10d">
         <name>buttonUpPin</name>
         <value>0x200005ae</value>
         <object_component_ref idref="oc-fb"/>
      </symbol>
      <symbol id="sm-10e">
         <name>globalCounterLess</name>
         <value>0x16f9</value>
         <object_component_ref idref="oc-30"/>
      </symbol>
      <symbol id="sm-10f">
         <name>EHigh</name>
         <value>0x200005a8</value>
         <object_component_ref idref="oc-fb"/>
      </symbol>
      <symbol id="sm-110">
         <name>millisDelay</name>
         <value>0x1643</value>
         <object_component_ref idref="oc-30"/>
      </symbol>
      <symbol id="sm-111">
         <name>main</name>
         <value>0x1325</value>
         <object_component_ref idref="oc-30"/>
      </symbol>
      <symbol id="sm-112">
         <name>FourBitInitialize</name>
         <value>0x1597</value>
         <object_component_ref idref="oc-30"/>
      </symbol>
      <symbol id="sm-113">
         <name>send4BitCommand</name>
         <value>0x14fb</value>
         <object_component_ref idref="oc-30"/>
      </symbol>
      <symbol id="sm-114">
         <name>send6BitCommand</name>
         <value>0x1497</value>
         <object_component_ref idref="oc-30"/>
      </symbol>
      <symbol id="sm-115">
         <name>tableLookup</name>
         <value>0x1a05</value>
         <object_component_ref idref="oc-30"/>
      </symbol>
      <symbol id="sm-116">
         <name>calculateSpeed</name>
         <value>0x1841</value>
         <object_component_ref idref="oc-30"/>
      </symbol>
      <symbol id="sm-117">
         <name>dataPrinter</name>
         <value>0x1791</value>
         <object_component_ref idref="oc-30"/>
      </symbol>
      <symbol id="sm-118">
         <name>RWHigh</name>
         <value>0x200005a9</value>
         <object_component_ref idref="oc-fb"/>
      </symbol>
      <symbol id="sm-119">
         <name>globalCounterPlus</name>
         <value>0x16c7</value>
         <object_component_ref idref="oc-30"/>
      </symbol>
      <symbol id="sm-11a">
         <name>bit4High</name>
         <value>0x200005aa</value>
         <object_component_ref idref="oc-fb"/>
      </symbol>
      <symbol id="sm-11b">
         <name>lineSwitcher</name>
         <value>0x1881</value>
         <object_component_ref idref="oc-30"/>
      </symbol>
      <symbol id="sm-11c">
         <name>Timer0IntHandler</name>
         <value>0x1463</value>
         <object_component_ref idref="oc-30"/>
      </symbol>
      <symbol id="sm-11d">
         <name>buttonDownPin</name>
         <value>0x200005af</value>
         <object_component_ref idref="oc-fb"/>
      </symbol>
      <symbol id="sm-11e">
         <name>bit5High</name>
         <value>0x200005ab</value>
         <object_component_ref idref="oc-fb"/>
      </symbol>
      <symbol id="sm-13f">
         <name>ResetISR</name>
         <value>0x303d</value>
         <object_component_ref idref="oc-2a"/>
      </symbol>
      <symbol id="sm-140">
         <name>g_pfnVectors</name>
         <value>0x0</value>
         <object_component_ref idref="oc-f"/>
      </symbol>
      <symbol id="sm-1c6">
         <name>GPIOIntRegister</name>
         <value>0x2f09</value>
         <object_component_ref idref="oc-9f"/>
      </symbol>
      <symbol id="sm-1c7">
         <name>GPIOIntDisable</name>
         <value>0x2fd5</value>
         <object_component_ref idref="oc-93"/>
      </symbol>
      <symbol id="sm-1c8">
         <name>GPIOIntEnable</name>
         <value>0x3025</value>
         <object_component_ref idref="oc-ab"/>
      </symbol>
      <symbol id="sm-1c9">
         <name>GPIOIntTypeSet</name>
         <value>0x2a4d</value>
         <object_component_ref idref="oc-a5"/>
      </symbol>
      <symbol id="sm-1ca">
         <name>GPIOPinTypeGPIOInput</name>
         <value>0x2f91</value>
         <object_component_ref idref="oc-8d"/>
      </symbol>
      <symbol id="sm-1cb">
         <name>GPIOIntClear</name>
         <value>0x3051</value>
         <object_component_ref idref="oc-99"/>
      </symbol>
      <symbol id="sm-1cc">
         <name>GPIOIntStatus</name>
         <value>0x2fe3</value>
         <object_component_ref idref="oc-b7"/>
      </symbol>
      <symbol id="sm-1cd">
         <name>GPIOPinTypeGPIOOutput</name>
         <value>0x2f21</value>
         <object_component_ref idref="oc-87"/>
      </symbol>
      <symbol id="sm-1ce">
         <name>GPIOPinRead</name>
         <value>0x3057</value>
         <object_component_ref idref="oc-108"/>
      </symbol>
      <symbol id="sm-1cf">
         <name>GPIODirModeSet</name>
         <value>0x2e99</value>
         <object_component_ref idref="oc-156"/>
      </symbol>
      <symbol id="sm-1d0">
         <name>GPIOPinWrite</name>
         <value>0x305d</value>
         <object_component_ref idref="oc-ed"/>
      </symbol>
      <symbol id="sm-1d1">
         <name>GPIOPadConfigSet</name>
         <value>0x1fcd</value>
         <object_component_ref idref="oc-150"/>
      </symbol>
      <symbol id="sm-21c">
         <name>IntEnable</name>
         <value>0x28bd</value>
         <object_component_ref idref="oc-cf"/>
      </symbol>
      <symbol id="sm-21d">
         <name>IntRegister</name>
         <value>0x2d41</value>
         <object_component_ref idref="oc-167"/>
      </symbol>
      <symbol id="sm-21e">
         <name>IntMasterDisable</name>
         <value>0x2fb5</value>
         <object_component_ref idref="oc-102"/>
      </symbol>
      <symbol id="sm-21f">
         <name>g_pfnRAMVectors</name>
         <value>0x20000000</value>
         <object_component_ref idref="oc-1d8"/>
      </symbol>
      <symbol id="sm-220">
         <name>IntMasterEnable</name>
         <value>0x2fc5</value>
         <object_component_ref idref="oc-db"/>
      </symbol>
      <symbol id="sm-271">
         <name>SysCtlClockSet</name>
         <value>0x2415</value>
         <object_component_ref idref="oc-7b"/>
      </symbol>
      <symbol id="sm-272">
         <name>SysCtlDelay</name>
         <value>0x3063</value>
         <object_component_ref idref="oc-f3"/>
      </symbol>
      <symbol id="sm-273">
         <name>SysCtlPeripheralEnable</name>
         <value>0x2d75</value>
         <object_component_ref idref="oc-81"/>
      </symbol>
      <symbol id="sm-274">
         <name>SysCtlClockGet</name>
         <value>0x220d</value>
         <object_component_ref idref="oc-c3"/>
      </symbol>
      <symbol id="sm-2a8">
         <name>TimerLoadSet</name>
         <value>0x2fa3</value>
         <object_component_ref idref="oc-c9"/>
      </symbol>
      <symbol id="sm-2a9">
         <name>TimerEnable</name>
         <value>0x2ff1</value>
         <object_component_ref idref="oc-e1"/>
      </symbol>
      <symbol id="sm-2aa">
         <name>TimerIntEnable</name>
         <value>0x3049</value>
         <object_component_ref idref="oc-d5"/>
      </symbol>
      <symbol id="sm-2ab">
         <name>TimerConfigure</name>
         <value>0x298d</value>
         <object_component_ref idref="oc-bd"/>
      </symbol>
      <symbol id="sm-2ac">
         <name>TimerIntClear</name>
         <value>0x306f</value>
         <object_component_ref idref="oc-e7"/>
      </symbol>
      <symbol id="sm-2be">
         <name>CPUcpsie</name>
         <value>0x3019</value>
         <object_component_ref idref="oc-18b"/>
      </symbol>
      <symbol id="sm-2bf">
         <name>CPUcpsid</name>
         <value>0x300d</value>
         <object_component_ref idref="oc-199"/>
      </symbol>
      <symbol id="sm-2d1">
         <name>_c_int00</name>
         <value>0x2b4d</value>
         <object_component_ref idref="oc-24"/>
      </symbol>
      <symbol id="sm-2d2">
         <name>__stack</name>
         <value>0x2000026c</value>
         <object_component_ref idref="oc-29"/>
      </symbol>
      <symbol id="sm-2e9">
         <name>__TI_decompress_none</name>
         <value>0x2fff</value>
         <object_component_ref idref="oc-12"/>
      </symbol>
      <symbol id="sm-311">
         <name>__TI_decompress_rle24</name>
         <value>0x3069</value>
         <object_component_ref idref="oc-18"/>
      </symbol>
      <symbol id="sm-323">
         <name>__TI_zero_init</name>
         <value>0x3031</value>
         <object_component_ref idref="oc-1e"/>
      </symbol>
      <symbol id="sm-342">
         <name>C$$EXIT</name>
         <value>0x2c7d</value>
         <object_component_ref idref="oc-70"/>
      </symbol>
      <symbol id="sm-343">
         <name>abort</name>
         <value>0x2c81</value>
         <object_component_ref idref="oc-70"/>
      </symbol>
      <symbol id="sm-344">
         <name>exit</name>
         <value>0x2c89</value>
         <object_component_ref idref="oc-70"/>
      </symbol>
      <symbol id="sm-345">
         <name>__TI_dtors_ptr</name>
         <value>0x2000065c</value>
         <object_component_ref idref="oc-145"/>
      </symbol>
      <symbol id="sm-346">
         <name>__TI_cleanup_ptr</name>
         <value>0x20000658</value>
         <object_component_ref idref="oc-145"/>
      </symbol>
      <symbol id="sm-361">
         <name>memcpy</name>
         <value>0x25c3</value>
         <object_component_ref idref="oc-39"/>
      </symbol>
      <symbol id="sm-362">
         <name>__aeabi_memcpy</name>
         <value>0x25c3</value>
         <object_component_ref idref="oc-39"/>
      </symbol>
      <symbol id="sm-363">
         <name>__aeabi_memcpy8</name>
         <value>0x25c3</value>
         <object_component_ref idref="oc-39"/>
      </symbol>
      <symbol id="sm-364">
         <name>__aeabi_memcpy4</name>
         <value>0x25c3</value>
         <object_component_ref idref="oc-39"/>
      </symbol>
      <symbol id="sm-373">
         <name>__aeabi_memset</name>
         <value>0x276d</value>
         <object_component_ref idref="oc-52"/>
      </symbol>
      <symbol id="sm-374">
         <name>memset</name>
         <value>0x2773</value>
         <object_component_ref idref="oc-52"/>
      </symbol>
      <symbol id="sm-375">
         <name>__aeabi_memset8</name>
         <value>0x276d</value>
         <object_component_ref idref="oc-52"/>
      </symbol>
      <symbol id="sm-376">
         <name>__aeabi_memset4</name>
         <value>0x276d</value>
         <object_component_ref idref="oc-52"/>
      </symbol>
      <symbol id="sm-377">
         <name>__aeabi_memclr8</name>
         <value>0x276b</value>
         <object_component_ref idref="oc-52"/>
      </symbol>
      <symbol id="sm-378">
         <name>__aeabi_memclr4</name>
         <value>0x276b</value>
         <object_component_ref idref="oc-52"/>
      </symbol>
      <symbol id="sm-379">
         <name>__aeabi_memclr</name>
         <value>0x276b</value>
         <object_component_ref idref="oc-52"/>
      </symbol>
      <symbol id="sm-383">
         <name>_system_pre_init</name>
         <value>0x3073</value>
         <object_component_ref idref="oc-5e"/>
      </symbol>
      <symbol id="sm-39c">
         <name>sprintf</name>
         <value>0x29ed</value>
         <object_component_ref idref="oc-b1"/>
      </symbol>
      <symbol id="sm-3a4">
         <name>main_func_sp</name>
         <value>0x2000066c</value>
         <object_component_ref idref="oc-76"/>
      </symbol>
      <symbol id="sm-3bd">
         <name>_nop</name>
         <value>0x2f77</value>
         <object_component_ref idref="oc-1b8"/>
      </symbol>
      <symbol id="sm-3be">
         <name>_lock</name>
         <value>0x20000650</value>
         <object_component_ref idref="oc-142"/>
      </symbol>
      <symbol id="sm-3bf">
         <name>_unlock</name>
         <value>0x20000654</value>
         <object_component_ref idref="oc-142"/>
      </symbol>
      <symbol id="sm-3c0">
         <name>_register_lock</name>
         <value>0x2f6f</value>
         <object_component_ref idref="oc-1b8"/>
      </symbol>
      <symbol id="sm-3c1">
         <name>_register_unlock</name>
         <value>0x2f69</value>
         <object_component_ref idref="oc-1b8"/>
      </symbol>
      <symbol id="sm-4c6">
         <name>__TI_printfi</name>
         <value>0x101d</value>
         <object_component_ref idref="oc-170"/>
      </symbol>
      <symbol id="sm-4db">
         <name>_args_main</name>
         <value>0x2f39</value>
         <object_component_ref idref="oc-6a"/>
      </symbol>
      <symbol id="sm-4f1">
         <name>atoi</name>
         <value>0x2b9d</value>
         <object_component_ref idref="oc-22e"/>
      </symbol>
      <symbol id="sm-517">
         <name>__TI_auto_init</name>
         <value>0x27e5</value>
         <object_component_ref idref="oc-64"/>
      </symbol>
      <symbol id="sm-531">
         <name>copy_in</name>
         <value>0x2be9</value>
         <object_component_ref idref="oc-138"/>
      </symbol>
      <symbol id="sm-53c">
         <name>_ctypes_</name>
         <value>0x3078</value>
         <object_component_ref idref="oc-289"/>
      </symbol>
      <symbol id="sm-560">
         <name>__aeabi_dsub</name>
         <value>0x1ce1</value>
         <object_component_ref idref="oc-20b"/>
      </symbol>
      <symbol id="sm-561">
         <name>__aeabi_dadd</name>
         <value>0x1ceb</value>
         <object_component_ref idref="oc-20b"/>
      </symbol>
      <symbol id="sm-588">
         <name>__aeabi_cdcmpeq</name>
         <value>0x265f</value>
         <object_component_ref idref="oc-1e7"/>
      </symbol>
      <symbol id="sm-589">
         <name>__aeabi_cdcmple</name>
         <value>0x265f</value>
         <object_component_ref idref="oc-1e7"/>
      </symbol>
      <symbol id="sm-58a">
         <name>__aeabi_cdrcmple</name>
         <value>0x26e5</value>
         <object_component_ref idref="oc-1f6"/>
      </symbol>
      <symbol id="sm-5aa">
         <name>__aeabi_ddiv</name>
         <value>0x1e97</value>
         <object_component_ref idref="oc-1f1"/>
      </symbol>
      <symbol id="sm-5c1">
         <name>__aeabi_dmul</name>
         <value>0x2319</value>
         <object_component_ref idref="oc-1ec"/>
      </symbol>
      <symbol id="sm-5cf">
         <name>__aeabi_d2iz</name>
         <value>0x2c35</value>
         <object_component_ref idref="oc-1fb"/>
      </symbol>
      <symbol id="sm-5dc">
         <name>frexp</name>
         <value>0x2ec3</value>
         <object_component_ref idref="oc-210"/>
      </symbol>
      <symbol id="sm-5e8">
         <name>__aeabi_i2d</name>
         <value>0x2e3d</value>
         <object_component_ref idref="oc-206"/>
      </symbol>
      <symbol id="sm-5f9">
         <name>ldexp</name>
         <value>0x2af9</value>
         <object_component_ref idref="oc-216"/>
      </symbol>
      <symbol id="sm-608">
         <name>ltoa</name>
         <value>0x2aa3</value>
         <object_component_ref idref="oc-200"/>
      </symbol>
      <symbol id="sm-618">
         <name>memccpy</name>
         <value>0x2eed</value>
         <object_component_ref idref="oc-228"/>
      </symbol>
      <symbol id="sm-628">
         <name>strchr</name>
         <value>0x2f51</value>
         <object_component_ref idref="oc-21c"/>
      </symbol>
      <symbol id="sm-636">
         <name>strlen</name>
         <value>0x2f7d</value>
         <object_component_ref idref="oc-1e1"/>
      </symbol>
      <symbol id="sm-660">
         <name>__aeabi_uldivmod</name>
         <value>0x1aed</value>
         <object_component_ref idref="oc-1dc"/>
      </symbol>
      <symbol id="sm-66e">
         <name>_Dclass</name>
         <value>0x2ddd</value>
         <object_component_ref idref="oc-222"/>
      </symbol>
      <symbol id="sm-68f">
         <name>_Dscale</name>
         <value>0x20fd</value>
         <object_component_ref idref="oc-275"/>
      </symbol>
      <symbol id="sm-6a3">
         <name>_Dunscale</name>
         <value>0x2925</value>
         <object_component_ref idref="oc-26d"/>
      </symbol>
      <symbol id="sm-6b2">
         <name>_Feraise</name>
         <value>0x2e0d</value>
         <object_component_ref idref="oc-27b"/>
      </symbol>
      <symbol id="sm-6c2">
         <name>_Rteps</name>
         <value>0x20000580</value>
         <object_component_ref idref="oc-2a3"/>
      </symbol>
      <symbol id="sm-6c3">
         <name>_Zero</name>
         <value>0x20000598</value>
         <object_component_ref idref="oc-2a3"/>
      </symbol>
      <symbol id="sm-6c4">
         <name>_Hugeval</name>
         <value>0x20000540</value>
         <object_component_ref idref="oc-2a3"/>
      </symbol>
      <symbol id="sm-6c5">
         <name>_Snan</name>
         <value>0x20000570</value>
         <object_component_ref idref="oc-2a3"/>
      </symbol>
      <symbol id="sm-6c6">
         <name>_Nan</name>
         <value>0x20000560</value>
         <object_component_ref idref="oc-2a3"/>
      </symbol>
      <symbol id="sm-6c7">
         <name>_Inf</name>
         <value>0x20000550</value>
         <object_component_ref idref="oc-2a3"/>
      </symbol>
      <symbol id="sm-6c8">
         <name>_Xbig</name>
         <value>0x20000590</value>
         <object_component_ref idref="oc-2a3"/>
      </symbol>
      <symbol id="sm-6c9">
         <name>_Eps</name>
         <value>0x20000530</value>
         <object_component_ref idref="oc-2a3"/>
      </symbol>
      <symbol id="sm-6ca">
         <name>_Denorm</name>
         <value>0x20000520</value>
         <object_component_ref idref="oc-2a3"/>
      </symbol>
      <symbol id="sm-6d2">
         <name>_Errno</name>
         <value>0x20000668</value>
         <object_component_ref idref="oc-2ae"/>
      </symbol>
      <symbol id="sm-6f0">
         <name>feraiseexcept</name>
         <value>0x2da9</value>
         <object_component_ref idref="oc-2a8"/>
      </symbol>
      <symbol id="sm-6f1">
         <name>_Tls_setup__Fenv</name>
         <value>0x20000664</value>
         <object_component_ref idref="oc-2d2"/>
      </symbol>
      <symbol id="sm-6f2">
         <name>_Fenv</name>
         <value>0x20000660</value>
         <object_component_ref idref="oc-2d2"/>
      </symbol>
      <symbol id="sm-706">
         <name>raise</name>
         <value>0x2e6b</value>
         <object_component_ref idref="oc-2cc"/>
      </symbol>
      <symbol id="sm-720">
         <name>signal</name>
         <value>0x2d01</value>
         <object_component_ref idref="oc-2dc"/>
      </symbol>
      <symbol id="sm-735">
         <name>_Dnorm</name>
         <value>0x2505</value>
         <object_component_ref idref="oc-299"/>
      </symbol>
      <symbol id="sm-736">
         <name>__TI_static_base__</name>
         <value>0x0</value>
      </symbol>
      <symbol id="sm-739">
         <name>SHT$$INIT_ARRAY$$Limit</name>
         <value>0x0</value>
      </symbol>
      <symbol id="sm-73a">
         <name>SHT$$INIT_ARRAY$$Base</name>
         <value>0x0</value>
      </symbol>
   </symbol_table>
   <title>Link successful</title>
</link_info>
