******************************************************************************
                  TI ARM Linker PC v5.2.2                      
******************************************************************************
>> Linked Mon Mar 21 15:35:57 2016

OUTPUT FILE NAME:   <ICOM5217EXP3C.out>
ENTRY POINT SYMBOL: "_c_int00"  address: 00002b4d


MEMORY CONFIGURATION

         name            origin    length      used     unused   attr    fill
----------------------  --------  ---------  --------  --------  ----  --------
  FLASH                 00000000   00040000  000034fe  0003cb02  R  X
  SRAM                  20000000   00008000  00000697  00007969  RW X


SEGMENT ALLOCATION MAP

run origin  load origin   length   init length attrs members
----------  ----------- ---------- ----------- ----- -------
00000000    00000000    00003500   00003500    r-x
  00000000    00000000    00000268   00000268    r-- .intvecs
  00000268    00000268    00002e0e   00002e0e    r-x .text
  00003078    00003078    00000360   00000360    r-- .const
  000033d8    000033d8    00000128   00000128    r-- .cinit
20000000    20000000    0000069b   00000000    rw-
  20000000    20000000    0000026c   00000000    rw- .vtable
  2000026c    2000026c    00000200   00000000    rw- .stack
  20000470    20000470    00000200   00000000    rw- .data
  20000670    20000670    0000002b   00000000    rw- .bss


SECTION ALLOCATION MAP

 output                                  attributes/
section   page    origin      length       input sections
--------  ----  ----------  ----------   ----------------
.intvecs   0    00000000    00000268     
                  00000000    00000268     tm4c123gh6pm_startup_ccs.obj (.intvecs)

.text      0    00000268    00002e0e     
                  00000268    000010ba     rtsv7M4_T_le_v4SPD16_eabi.lib : _printfi.obj (.text)
                  00001322    00000002     --HOLE-- [fill = 0]
                  00001324    000007c8     main.obj (.text)
                  00001aec    000001f4     rtsv7M4_T_le_v4SPD16_eabi.lib : ull_div_t2.obj (.text)
                  00001ce0    000001b6                                   : fd_add_t2.obj (.text)
                  00001e96    00000136                                   : fd_div_t2.obj (.text)
                  00001fcc    00000130     driverlib.lib : gpio.obj (.text:GPIOPadConfigSet)
                  000020fc    00000110     rtsv7M4_T_le_v4SPD16_eabi.lib : xdscale.obj (.text)
                  0000220c    0000010c     driverlib.lib : sysctl.obj (.text:SysCtlClockGet)
                  00002318    000000fc     rtsv7M4_T_le_v4SPD16_eabi.lib : fd_mul_t2.obj (.text)
                  00002414    000000f0     driverlib.lib : sysctl.obj (.text:SysCtlClockSet)
                  00002504    000000be     rtsv7M4_T_le_v4SPD16_eabi.lib : xdnorm.obj (.text)
                  000025c2    0000009c                                   : memcpy_t2.obj (.text)
                  0000265e    00000086                                   : fd_cmp_t2.obj (.text:__aeabi_cdcmple)
                  000026e4    00000086                                   : fd_cmp_t2.obj (.text:__aeabi_cdrcmple)
                  0000276a    0000007a                                   : memset_t2.obj (.text)
                  000027e4    0000006c                                   : autoinit.obj (.text)
                  00002850    0000006a                                   : copy_decompress_rle.obj (.text)
                  000028ba    00000002     --HOLE-- [fill = 0]
                  000028bc    00000068     driverlib.lib : interrupt.obj (.text:IntEnable)
                  00002924    00000066     rtsv7M4_T_le_v4SPD16_eabi.lib : xdunscal.obj (.text)
                  0000298a    00000002     --HOLE-- [fill = 0]
                  0000298c    00000060     driverlib.lib : timer.obj (.text:TimerConfigure)
                  000029ec    00000060     rtsv7M4_T_le_v4SPD16_eabi.lib : sprintf.obj (.text)
                  00002a4c    00000056     driverlib.lib : gpio.obj (.text:GPIOIntTypeSet)
                  00002aa2    00000056     rtsv7M4_T_le_v4SPD16_eabi.lib : ltoa.obj (.text)
                  00002af8    00000052                                   : ldexp.obj (.text)
                  00002b4a    00000002     --HOLE-- [fill = 0]
                  00002b4c    00000050                                   : boot.obj (.text)
                  00002b9c    0000004c                                   : atoi.obj (.text)
                  00002be8    0000004c                                   : cpy_tbl.obj (.text)
                  00002c34    00000048                                   : fd_toi_t2.obj (.text)
                  00002c7c    00000044                                   : exit.obj (.text)
                  00002cc0    00000040     driverlib.lib : gpio.obj (.text:_GPIOIntNumberGet)
                  00002d00    00000040     rtsv7M4_T_le_v4SPD16_eabi.lib : signal.obj (.text)
                  00002d40    00000034     driverlib.lib : interrupt.obj (.text:IntRegister)
                  00002d74    00000034                   : sysctl.obj (.text:SysCtlPeripheralEnable)
                  00002da8    00000034     rtsv7M4_T_le_v4SPD16_eabi.lib : feraiseexcept.obj (.text)
                  00002ddc    00000030                                   : xdclass.obj (.text)
                  00002e0c    00000030                                   : xferaise.obj (.text)
                  00002e3c    0000002e                                   : i_tofd_t2.obj (.text)
                  00002e6a    0000002e                                   : raise.obj (.text)
                  00002e98    0000002a     driverlib.lib : gpio.obj (.text:GPIODirModeSet)
                  00002ec2    0000002a     rtsv7M4_T_le_v4SPD16_eabi.lib : frexp.obj (.text)
                  00002eec    0000001c                                   : memccpy.obj (.text)
                  00002f08    00000018     driverlib.lib : gpio.obj (.text:GPIOIntRegister)
                  00002f20    00000018                   : gpio.obj (.text:GPIOPinTypeGPIOOutput)
                  00002f38    00000018     rtsv7M4_T_le_v4SPD16_eabi.lib : args_main.obj (.text)
                  00002f50    00000016                                   : strchr.obj (.text)
                  00002f66    00000002     --HOLE-- [fill = 0]
                  00002f68    00000014                                   : _lock.obj (.text)
                  00002f7c    00000014                                   : strlen.obj (.text)
                  00002f90    00000012     driverlib.lib : gpio.obj (.text:GPIOPinTypeGPIOInput)
                  00002fa2    00000012                   : timer.obj (.text:TimerLoadSet)
                  00002fb4    00000010                   : interrupt.obj (.text:IntMasterDisable)
                  00002fc4    00000010                   : interrupt.obj (.text:IntMasterEnable)
                  00002fd4    0000000e                   : gpio.obj (.text:GPIOIntDisable)
                  00002fe2    0000000e                   : gpio.obj (.text:GPIOIntStatus)
                  00002ff0    0000000e                   : timer.obj (.text:TimerEnable)
                  00002ffe    0000000e     rtsv7M4_T_le_v4SPD16_eabi.lib : copy_decompress_none.obj (.text:decompress:none)
                  0000300c    0000000c     driverlib.lib : cpu.obj (.text:CPUcpsid)
                  00003018    0000000c                   : cpu.obj (.text:CPUcpsie)
                  00003024    0000000c                   : gpio.obj (.text:GPIOIntEnable)
                  00003030    0000000c     rtsv7M4_T_le_v4SPD16_eabi.lib : copy_zero_init.obj (.text:decompress:ZI)
                  0000303c    0000000c     tm4c123gh6pm_startup_ccs.obj (.text)
                  00003048    00000008     driverlib.lib : timer.obj (.text:TimerIntEnable)
                  00003050    00000006                   : gpio.obj (.text:GPIOIntClear)
                  00003056    00000006                   : gpio.obj (.text:GPIOPinRead)
                  0000305c    00000006                   : gpio.obj (.text:GPIOPinWrite)
                  00003062    00000006                   : sysctl.obj (.text:SysCtlDelay)
                  00003068    00000006     rtsv7M4_T_le_v4SPD16_eabi.lib : copy_decompress_rle.obj (.text:decompress:rle24)
                  0000306e    00000004     driverlib.lib : timer.obj (.text:TimerIntClear)
                  00003072    00000004     rtsv7M4_T_le_v4SPD16_eabi.lib : pre_init.obj (.text)

.const     0    00003078    00000360     
                  00003078    00000101     rtsv7M4_T_le_v4SPD16_eabi.lib : ctype.obj (.const:.string:_ctypes_)
                  00003179    00000003     --HOLE-- [fill = 0]
                  0000317c    000000c0     driverlib.lib : gpio.obj (.const:g_ppui32GPIOIntMapBlizzard)
                  0000323c    000000c0                   : gpio.obj (.const:g_ppui32GPIOIntMapSnowflake)
                  000032fc    00000070                   : interrupt.obj (.const)
                  0000336c    0000006c                   : sysctl.obj (.const:g_pui32Xtals)

.cinit     0    000033d8    00000128     
                  000033d8    000000f1     (.cinit..data.load) [load image, compression = rle]
                  000034c9    00000003     --HOLE-- [fill = 0]
                  000034cc    0000000c     (__TI_handler_table)
                  000034d8    00000008     (.cinit..bss.load) [load image, compression = zero_init]
                  000034e0    00000008     (.cinit..vtable.load) [load image, compression = zero_init]
                  000034e8    00000018     (__TI_cinit_table)

.init_array 
*          0    00000000    00000000     UNINITIALIZED

.vtable    0    20000000    0000026c     UNINITIALIZED
                  20000000    0000026c     driverlib.lib : interrupt.obj (.vtable)

.stack     0    2000026c    00000200     UNINITIALIZED
                  2000026c    00000200     --HOLE--

.data      0    20000470    00000200     UNINITIALIZED
                  20000470    000000b0     rtsv7M4_T_le_v4SPD16_eabi.lib : signal.obj (.data:sigtable)
                  20000520    00000080                                   : xvalues.obj (.data)
                  200005a0    0000006e     main.obj (.data)
                  2000060e    00000002     --HOLE--
                  20000610    00000040     main.obj (.data:lineLengthArray)
                  20000650    00000008     rtsv7M4_T_le_v4SPD16_eabi.lib : _lock.obj (.data)
                  20000658    00000008                                   : exit.obj (.data)
                  20000660    00000008                                   : feraiseexcept.obj (.data)
                  20000668    00000004                                   : errno.obj (.data)
                  2000066c    00000004                                   : stkdepth_vars.obj (.data)

.bss       0    20000670    0000002b     UNINITIALIZED
                  20000670    00000010     (.common:buffer)
                  20000680    00000004     (.common:direction)
                  20000684    00000004     (.common:frequency)
                  20000688    00000004     (.common:globalCounter)
                  2000068c    00000004     (.common:speedNumber)
                  20000690    00000004     (.common:stateCount)
                  20000694    00000004     (.common:timerCounter)
                  20000698    00000001     (.common:currentState)
                  20000699    00000001     (.common:speed)
                  2000069a    00000001     (.common:ui32Period)

.TI.persistent 
*          0    20000470    00000000     UNINITIALIZED

.TI.noinit 
*          0    20000670    00000000     UNINITIALIZED


LINKER GENERATED COPY TABLES

__TI_cinit_table @ 000034e8 records: 3, size/record: 8, table size: 24
	.data: load addr=000033d8, load size=000000f1 bytes, run addr=20000470, run size=00000200 bytes, compression=rle
	.bss: load addr=000034d8, load size=00000008 bytes, run addr=20000670, run size=0000002b bytes, compression=zero_init
	.vtable: load addr=000034e0, load size=00000008 bytes, run addr=20000000, run size=0000026c bytes, compression=zero_init


LINKER GENERATED HANDLER TABLE

__TI_handler_table @ 000034cc records: 3, size/record: 4, table size: 12
	index: 0, handler: __TI_zero_init
	index: 1, handler: __TI_decompress_rle24
	index: 2, handler: __TI_decompress_none


GLOBAL SYMBOLS: SORTED ALPHABETICALLY BY Name 

address   name                    
-------   ----                    
00002c7d  C$$EXIT                 
0000300d  CPUcpsid                
00003019  CPUcpsie                
200005a1  E                       
200005a8  EHigh                   
00001597  FourBitInitialize       
00002e99  GPIODirModeSet          
00003051  GPIOIntClear            
00002fd5  GPIOIntDisable          
00003025  GPIOIntEnable           
00002f09  GPIOIntRegister         
00002fe3  GPIOIntStatus           
00002a4d  GPIOIntTypeSet          
00001fcd  GPIOPadConfigSet        
00003057  GPIOPinRead             
00002f91  GPIOPinTypeGPIOInput    
00002f21  GPIOPinTypeGPIOOutput   
0000305d  GPIOPinWrite            
000028bd  IntEnable               
00002fb5  IntMasterDisable        
00002fc5  IntMasterEnable         
00002d41  IntRegister             
200005a0  RS                      
200005a7  RSHigh                  
200005a2  RW                      
200005a9  RWHigh                  
0000303d  ResetISR                
UNDEFED   SHT$$INIT_ARRAY$$Base   
UNDEFED   SHT$$INIT_ARRAY$$Limit  
0000220d  SysCtlClockGet          
00002415  SysCtlClockSet          
00003063  SysCtlDelay             
00002d75  SysCtlPeripheralEnable  
00001463  Timer0IntHandler        
0000298d  TimerConfigure          
00002ff1  TimerEnable             
0000306f  TimerIntClear           
00003049  TimerIntEnable          
00002fa3  TimerLoadSet            
00002ddd  _Dclass                 
20000520  _Denorm                 
00002505  _Dnorm                  
000020fd  _Dscale                 
00002925  _Dunscale               
20000530  _Eps                    
20000668  _Errno                  
20000660  _Fenv                   
00002e0d  _Feraise                
20000540  _Hugeval                
20000550  _Inf                    
20000560  _Nan                    
20000580  _Rteps                  
20000570  _Snan                   
20000664  _Tls_setup__Fenv        
20000590  _Xbig                   
20000598  _Zero                   
2000046c  __STACK_END             
00000200  __STACK_SIZE            
2000046c  __STACK_TOP             
000034e8  __TI_CINIT_Base         
00003500  __TI_CINIT_Limit        
000034cc  __TI_Handler_Table_Base 
000034d8  __TI_Handler_Table_Limit
000027e5  __TI_auto_init          
20000658  __TI_cleanup_ptr        
00002fff  __TI_decompress_none    
00003069  __TI_decompress_rle24   
2000065c  __TI_dtors_ptr          
0000101d  __TI_printfi            
00000000  __TI_static_base__      
00003031  __TI_zero_init          
0000265f  __aeabi_cdcmpeq         
0000265f  __aeabi_cdcmple         
000026e5  __aeabi_cdrcmple        
00002c35  __aeabi_d2iz            
00001ceb  __aeabi_dadd            
00001e97  __aeabi_ddiv            
00002319  __aeabi_dmul            
00001ce1  __aeabi_dsub            
00002e3d  __aeabi_i2d             
0000276b  __aeabi_memclr          
0000276b  __aeabi_memclr4         
0000276b  __aeabi_memclr8         
000025c3  __aeabi_memcpy          
000025c3  __aeabi_memcpy4         
000025c3  __aeabi_memcpy8         
0000276d  __aeabi_memset          
0000276d  __aeabi_memset4         
0000276d  __aeabi_memset8         
00001aed  __aeabi_uldivmod        
ffffffff  __binit__               
ffffffff  __c_args__              
2000026c  __stack                 
00002f39  _args_main              
00002b4d  _c_int00                
00003078  _ctypes_                
20000650  _lock                   
00002f77  _nop                    
00002f6f  _register_lock          
00002f69  _register_unlock        
00003073  _system_pre_init        
20000654  _unlock                 
00002c81  abort                   
00002b9d  atoi                    
ffffffff  binit                   
200005a3  bit4                    
200005aa  bit4High                
200005a4  bit5                    
200005ab  bit5High                
200005a5  bit6                    
200005ac  bit6High                
200005a6  bit7                    
200005ad  bit7High                
20000670  buffer                  
200005b0  buttonDebouncePin       
200005af  buttonDownPin           
200005ae  buttonUpPin             
00001841  calculateSpeed          
00002be9  copy_in                 
20000698  currentState            
00001791  dataPrinter             
20000680  direction               
00001695  displayLine             
00002c89  exit                    
00002da9  feraiseexcept           
20000684  frequency               
00002ec3  frexp                   
20000000  g_pfnRAMVectors         
00000000  g_pfnVectors            
20000688  globalCounter           
000016f9  globalCounterLess       
000016c7  globalCounterPlus       
00002af9  ldexp                   
20000610  lineLengthArray         
00001881  lineSwitcher            
00002aa3  ltoa                    
00001325  main                    
2000066c  main_func_sp            
00002eed  memccpy                 
000025c3  memcpy                  
00002773  memset                  
00001643  millisDelay             
00001729  portAISR                
00002e6b  raise                   
000014fb  send4BitCommand         
00001497  send6BitCommand         
00001613  sendCharacter           
00002d01  signal                  
20000699  speed                   
2000068c  speedNumber             
000029ed  sprintf                 
20000690  stateCount              
00002f51  strchr                  
00002f7d  strlen                  
00001a05  tableLookup             
20000694  timerCounter            
2000069a  ui32Period              


GLOBAL SYMBOLS: SORTED BY Symbol Address 

address   name                    
-------   ----                    
00000000  __TI_static_base__      
00000000  g_pfnVectors            
00000200  __STACK_SIZE            
0000101d  __TI_printfi            
00001325  main                    
00001463  Timer0IntHandler        
00001497  send6BitCommand         
000014fb  send4BitCommand         
00001597  FourBitInitialize       
00001613  sendCharacter           
00001643  millisDelay             
00001695  displayLine             
000016c7  globalCounterPlus       
000016f9  globalCounterLess       
00001729  portAISR                
00001791  dataPrinter             
00001841  calculateSpeed          
00001881  lineSwitcher            
00001a05  tableLookup             
00001aed  __aeabi_uldivmod        
00001ce1  __aeabi_dsub            
00001ceb  __aeabi_dadd            
00001e97  __aeabi_ddiv            
00001fcd  GPIOPadConfigSet        
000020fd  _Dscale                 
0000220d  SysCtlClockGet          
00002319  __aeabi_dmul            
00002415  SysCtlClockSet          
00002505  _Dnorm                  
000025c3  __aeabi_memcpy          
000025c3  __aeabi_memcpy4         
000025c3  __aeabi_memcpy8         
000025c3  memcpy                  
0000265f  __aeabi_cdcmpeq         
0000265f  __aeabi_cdcmple         
000026e5  __aeabi_cdrcmple        
0000276b  __aeabi_memclr          
0000276b  __aeabi_memclr4         
0000276b  __aeabi_memclr8         
0000276d  __aeabi_memset          
0000276d  __aeabi_memset4         
0000276d  __aeabi_memset8         
00002773  memset                  
000027e5  __TI_auto_init          
000028bd  IntEnable               
00002925  _Dunscale               
0000298d  TimerConfigure          
000029ed  sprintf                 
00002a4d  GPIOIntTypeSet          
00002aa3  ltoa                    
00002af9  ldexp                   
00002b4d  _c_int00                
00002b9d  atoi                    
00002be9  copy_in                 
00002c35  __aeabi_d2iz            
00002c7d  C$$EXIT                 
00002c81  abort                   
00002c89  exit                    
00002d01  signal                  
00002d41  IntRegister             
00002d75  SysCtlPeripheralEnable  
00002da9  feraiseexcept           
00002ddd  _Dclass                 
00002e0d  _Feraise                
00002e3d  __aeabi_i2d             
00002e6b  raise                   
00002e99  GPIODirModeSet          
00002ec3  frexp                   
00002eed  memccpy                 
00002f09  GPIOIntRegister         
00002f21  GPIOPinTypeGPIOOutput   
00002f39  _args_main              
00002f51  strchr                  
00002f69  _register_unlock        
00002f6f  _register_lock          
00002f77  _nop                    
00002f7d  strlen                  
00002f91  GPIOPinTypeGPIOInput    
00002fa3  TimerLoadSet            
00002fb5  IntMasterDisable        
00002fc5  IntMasterEnable         
00002fd5  GPIOIntDisable          
00002fe3  GPIOIntStatus           
00002ff1  TimerEnable             
00002fff  __TI_decompress_none    
0000300d  CPUcpsid                
00003019  CPUcpsie                
00003025  GPIOIntEnable           
00003031  __TI_zero_init          
0000303d  ResetISR                
00003049  TimerIntEnable          
00003051  GPIOIntClear            
00003057  GPIOPinRead             
0000305d  GPIOPinWrite            
00003063  SysCtlDelay             
00003069  __TI_decompress_rle24   
0000306f  TimerIntClear           
00003073  _system_pre_init        
00003078  _ctypes_                
000034cc  __TI_Handler_Table_Base 
000034d8  __TI_Handler_Table_Limit
000034e8  __TI_CINIT_Base         
00003500  __TI_CINIT_Limit        
20000000  g_pfnRAMVectors         
2000026c  __stack                 
2000046c  __STACK_END             
2000046c  __STACK_TOP             
20000520  _Denorm                 
20000530  _Eps                    
20000540  _Hugeval                
20000550  _Inf                    
20000560  _Nan                    
20000570  _Snan                   
20000580  _Rteps                  
20000590  _Xbig                   
20000598  _Zero                   
200005a0  RS                      
200005a1  E                       
200005a2  RW                      
200005a3  bit4                    
200005a4  bit5                    
200005a5  bit6                    
200005a6  bit7                    
200005a7  RSHigh                  
200005a8  EHigh                   
200005a9  RWHigh                  
200005aa  bit4High                
200005ab  bit5High                
200005ac  bit6High                
200005ad  bit7High                
200005ae  buttonUpPin             
200005af  buttonDownPin           
200005b0  buttonDebouncePin       
20000610  lineLengthArray         
20000650  _lock                   
20000654  _unlock                 
20000658  __TI_cleanup_ptr        
2000065c  __TI_dtors_ptr          
20000660  _Fenv                   
20000664  _Tls_setup__Fenv        
20000668  _Errno                  
2000066c  main_func_sp            
20000670  buffer                  
20000680  direction               
20000684  frequency               
20000688  globalCounter           
2000068c  speedNumber             
20000690  stateCount              
20000694  timerCounter            
20000698  currentState            
20000699  speed                   
2000069a  ui32Period              
ffffffff  __binit__               
ffffffff  __c_args__              
ffffffff  binit                   
UNDEFED   SHT$$INIT_ARRAY$$Base   
UNDEFED   SHT$$INIT_ARRAY$$Limit  

[157 symbols]
