******************************************************************************
                  TI ARM Linker PC v5.2.5                      
******************************************************************************
>> Linked Mon Apr 18 11:41:03 2016

OUTPUT FILE NAME:   <ICOM5217EXP5.3.out>
ENTRY POINT SYMBOL: "_c_int00"  address: 00000899


MEMORY CONFIGURATION

         name            origin    length      used     unused   attr    fill
----------------------  --------  ---------  --------  --------  ----  --------
  FLASH                 00000000   00040000  00000c34  0003f3cc  R  X
  SRAM                  20000000   00008000  0000021c  00007de4  RW X


SEGMENT ALLOCATION MAP

run origin  load origin   length   init length attrs members
----------  ----------- ---------- ----------- ----- -------
00000000    00000000    00000c38   00000c38    r-x
  00000000    00000000    0000026c   0000026c    r-- .intvecs
  0000026c    0000026c    0000088c   0000088c    r-x .text
  00000af8    00000af8    000000fc   000000fc    r-- .const
  00000bf8    00000bf8    00000040   00000040    r-- .cinit
20000000    20000000    0000021c   00000000    rw-
  20000000    20000000    00000200   00000000    rw- .stack
  20000200    20000200    00000018   00000000    rw- .data
  20000218    20000218    00000004   00000000    rw- .bss


SECTION ALLOCATION MAP

 output                                  attributes/
section   page    origin      length       input sections
--------  ----  ----------  ----------   ----------------
.intvecs   0    00000000    0000026c     
                  00000000    0000026c     tm4c123gh6pm_startup_ccs.obj (.intvecs)

.text      0    0000026c    0000088c     
                  0000026c    00000132     driverlib.lib : gpio.obj (.text:GPIOPadConfigSet)
                  0000039e    00000002     --HOLE-- [fill = 0]
                  000003a0    00000110                   : sysctl.obj (.text:SysCtlClockGet)
                  000004b0    00000104     main.obj (.text)
                  000005b4    000000f4     driverlib.lib : sysctl.obj (.text:SysCtlClockSet)
                  000006a8    0000009c     rtsv7M4_T_le_v4SPD16_eabi.lib : memcpy_t2.obj (.text)
                  00000744    0000007a                                   : memset_t2.obj (.text)
                  000007be    00000002     --HOLE-- [fill = 0]
                  000007c0    0000006c                                   : autoinit.obj (.text)
                  0000082c    0000006a                                   : copy_decompress_rle.obj (.text)
                  00000896    00000002     --HOLE-- [fill = 0]
                  00000898    00000050                                   : boot.obj (.text)
                  000008e8    0000004c                                   : cpy_tbl.obj (.text)
                  00000934    00000048     driverlib.lib : gpio.obj (.text:GPIOPinConfigure)
                  0000097c    00000044     rtsv7M4_T_le_v4SPD16_eabi.lib : exit.obj (.text)
                  000009c0    0000003c     driverlib.lib : ssi.obj (.text:SSIConfigSetExpClk)
                  000009fc    00000034                   : sysctl.obj (.text:SysCtlPeripheralEnable)
                  00000a30    0000002a                   : gpio.obj (.text:GPIODirModeSet)
                  00000a5a    00000002     --HOLE-- [fill = 0]
                  00000a5c    00000018     rtsv7M4_T_le_v4SPD16_eabi.lib : args_main.obj (.text)
                  00000a74    00000014                                   : _lock.obj (.text)
                  00000a88    00000012     driverlib.lib : gpio.obj (.text:GPIOPinTypeSSI)
                  00000a9a    0000000e     rtsv7M4_T_le_v4SPD16_eabi.lib : copy_decompress_none.obj (.text:decompress:none)
                  00000aa8    0000000c     driverlib.lib : ssi.obj (.text:SSIDataGet)
                  00000ab4    0000000c     rtsv7M4_T_le_v4SPD16_eabi.lib : copy_zero_init.obj (.text:decompress:ZI)
                  00000ac0    0000000c     tm4c123gh6pm_startup_ccs.obj (.text)
                  00000acc    0000000a     driverlib.lib : ssi.obj (.text:SSIDataPut)
                  00000ad6    0000000a                   : ssi.obj (.text:SSIEnable)
                  00000ae0    00000008                   : ssi.obj (.text:SSIBusy)
                  00000ae8    00000006                   : sysctl.obj (.text:SysCtlDelay)
                  00000aee    00000006     rtsv7M4_T_le_v4SPD16_eabi.lib : copy_decompress_rle.obj (.text:decompress:rle24)
                  00000af4    00000004                                   : pre_init.obj (.text)

.const     0    00000af8    000000fc     
                  00000af8    00000090     driverlib.lib : gpio.obj (.const:g_pui32GPIOBaseAddrs)
                  00000b88    0000006c                   : sysctl.obj (.const:g_pui32Xtals)

.cinit     0    00000bf8    00000040     
                  00000bf8    00000016     (.cinit..data.load) [load image, compression = rle]
                  00000c0e    00000002     --HOLE-- [fill = 0]
                  00000c10    0000000c     (__TI_handler_table)
                  00000c1c    00000004     --HOLE-- [fill = 0]
                  00000c20    00000008     (.cinit..bss.load) [load image, compression = zero_init]
                  00000c28    00000010     (__TI_cinit_table)

.init_array 
*          0    00000000    00000000     UNINITIALIZED

.stack     0    20000000    00000200     UNINITIALIZED
                  20000000    00000200     --HOLE--

.data      0    20000200    00000018     UNINITIALIZED
                  20000200    00000008     rtsv7M4_T_le_v4SPD16_eabi.lib : _lock.obj (.data)
                  20000208    00000008                                   : exit.obj (.data)
                  20000210    00000004     main.obj (.data)
                  20000214    00000004     rtsv7M4_T_le_v4SPD16_eabi.lib : stkdepth_vars.obj (.data)

.bss       0    20000218    00000004     UNINITIALIZED
                  20000218    00000004     (.common:dataReceived)

.TI.persistent 
*          0    20000200    00000000     UNINITIALIZED

.TI.noinit 
*          0    20000218    00000000     UNINITIALIZED


LINKER GENERATED COPY TABLES

__TI_cinit_table @ 00000c28 records: 2, size/record: 8, table size: 16
	.data: load addr=00000bf8, load size=00000016 bytes, run addr=20000200, run size=00000018 bytes, compression=rle
	.bss: load addr=00000c20, load size=00000008 bytes, run addr=20000218, run size=00000004 bytes, compression=zero_init


LINKER GENERATED HANDLER TABLE

__TI_handler_table @ 00000c10 records: 3, size/record: 4, table size: 12
	index: 0, handler: __TI_decompress_rle24
	index: 1, handler: __TI_decompress_none
	index: 2, handler: __TI_zero_init


GLOBAL SYMBOLS: SORTED ALPHABETICALLY BY Name 

address   name                    
-------   ----                    
0000097d  C$$EXIT                 
00000a31  GPIODirModeSet          
0000026d  GPIOPadConfigSet        
00000935  GPIOPinConfigure        
00000a89  GPIOPinTypeSSI          
00000ac1  ResetISR                
000004b1  Reverse                 
UNDEFED   SHT$$INIT_ARRAY$$Base   
UNDEFED   SHT$$INIT_ARRAY$$Limit  
00000ae1  SSIBusy                 
000009c1  SSIConfigSetExpClk      
00000aa9  SSIDataGet              
00000acd  SSIDataPut              
00000ad7  SSIEnable               
000003a1  SysCtlClockGet          
000005b5  SysCtlClockSet          
00000ae9  SysCtlDelay             
000009fd  SysCtlPeripheralEnable  
20000200  __STACK_END             
00000200  __STACK_SIZE            
20000200  __STACK_TOP             
00000c28  __TI_CINIT_Base         
00000c38  __TI_CINIT_Limit        
00000c10  __TI_Handler_Table_Base 
00000c1c  __TI_Handler_Table_Limit
000007c1  __TI_auto_init          
20000208  __TI_cleanup_ptr        
00000a9b  __TI_decompress_none    
00000aef  __TI_decompress_rle24   
2000020c  __TI_dtors_ptr          
00000000  __TI_static_base__      
00000ab5  __TI_zero_init          
00000745  __aeabi_memclr          
00000745  __aeabi_memclr4         
00000745  __aeabi_memclr8         
000006a9  __aeabi_memcpy          
000006a9  __aeabi_memcpy4         
000006a9  __aeabi_memcpy8         
00000747  __aeabi_memset          
00000747  __aeabi_memset4         
00000747  __aeabi_memset8         
ffffffff  __binit__               
ffffffff  __c_args__              
20000000  __stack                 
00000a5d  _args_main              
00000899  _c_int00                
20000200  _lock                   
00000a83  _nop                    
00000a7b  _register_lock          
00000a75  _register_unlock        
00000af5  _system_pre_init        
20000204  _unlock                 
00000981  abort                   
ffffffff  binit                   
000008e9  copy_in                 
20000218  dataReceived            
20000210  dataReceived1           
00000989  exit                    
00000000  g_pfnVectors            
0000050b  main                    
20000214  main_func_sp            
000006a9  memcpy                  
0000074d  memset                  


GLOBAL SYMBOLS: SORTED BY Symbol Address 

address   name                    
-------   ----                    
00000000  __TI_static_base__      
00000000  g_pfnVectors            
00000200  __STACK_SIZE            
0000026d  GPIOPadConfigSet        
000003a1  SysCtlClockGet          
000004b1  Reverse                 
0000050b  main                    
000005b5  SysCtlClockSet          
000006a9  __aeabi_memcpy          
000006a9  __aeabi_memcpy4         
000006a9  __aeabi_memcpy8         
000006a9  memcpy                  
00000745  __aeabi_memclr          
00000745  __aeabi_memclr4         
00000745  __aeabi_memclr8         
00000747  __aeabi_memset          
00000747  __aeabi_memset4         
00000747  __aeabi_memset8         
0000074d  memset                  
000007c1  __TI_auto_init          
00000899  _c_int00                
000008e9  copy_in                 
00000935  GPIOPinConfigure        
0000097d  C$$EXIT                 
00000981  abort                   
00000989  exit                    
000009c1  SSIConfigSetExpClk      
000009fd  SysCtlPeripheralEnable  
00000a31  GPIODirModeSet          
00000a5d  _args_main              
00000a75  _register_unlock        
00000a7b  _register_lock          
00000a83  _nop                    
00000a89  GPIOPinTypeSSI          
00000a9b  __TI_decompress_none    
00000aa9  SSIDataGet              
00000ab5  __TI_zero_init          
00000ac1  ResetISR                
00000acd  SSIDataPut              
00000ad7  SSIEnable               
00000ae1  SSIBusy                 
00000ae9  SysCtlDelay             
00000aef  __TI_decompress_rle24   
00000af5  _system_pre_init        
00000c10  __TI_Handler_Table_Base 
00000c1c  __TI_Handler_Table_Limit
00000c28  __TI_CINIT_Base         
00000c38  __TI_CINIT_Limit        
20000000  __stack                 
20000200  __STACK_END             
20000200  __STACK_TOP             
20000200  _lock                   
20000204  _unlock                 
20000208  __TI_cleanup_ptr        
2000020c  __TI_dtors_ptr          
20000210  dataReceived1           
20000214  main_func_sp            
20000218  dataReceived            
ffffffff  __binit__               
ffffffff  __c_args__              
ffffffff  binit                   
UNDEFED   SHT$$INIT_ARRAY$$Base   
UNDEFED   SHT$$INIT_ARRAY$$Limit  

[63 symbols]
