******************************************************************************
                  TI ARM Linker PC v5.2.2                      
******************************************************************************
>> Linked Wed Mar 09 13:51:47 2016

OUTPUT FILE NAME:   <ICOM5217EXP2A.out>
ENTRY POINT SYMBOL: "_c_int00"  address: 0000266d


MEMORY CONFIGURATION

         name            origin    length      used     unused   attr    fill
----------------------  --------  ---------  --------  --------  ----  --------
  FLASH                 00000000   00040000  00002ea8  0003d158  R  X
  SRAM                  20000000   00008000  000005e4  00007a1c  RW X


SEGMENT ALLOCATION MAP

run origin  load origin   length   init length attrs members
----------  ----------- ---------- ----------- ----- -------
00000000    00000000    00002ea8   00002ea8    r-x
  00000000    00000000    0000026c   0000026c    r-- .intvecs
  0000026c    0000026c    000028c0   000028c0    r-x .text
  00002b2c    00002b2c    000002f4   000002f4    r-- .const
  00002e20    00002e20    00000088   00000088    r-- .cinit
20000000    20000000    000005e8   00000000    rw-
  20000000    20000000    0000026c   00000000    rw- .vtable
  2000026c    2000026c    00000200   00000000    rw- .stack
  20000470    20000470    00000164   00000000    rw- .data
  200005d4    200005d4    00000014   00000000    rw- .bss


SECTION ALLOCATION MAP

 output                                  attributes/
section   page    origin      length       input sections
--------  ----  ----------  ----------   ----------------
.intvecs   0    00000000    0000026c     
                  00000000    0000026c     tm4c123gh6pm_startup_ccs.obj (.intvecs)

.text      0    0000026c    000028c0     
                  0000026c    000010ba     rtsv7M4_T_le_v4SPD16_eabi.lib : _printfi.obj (.text)
                  00001326    00000002     --HOLE-- [fill = 0]
                  00001328    00000450     main.obj (.text)
                  00001778    000001f4     rtsv7M4_T_le_v4SPD16_eabi.lib : ull_div_t2.obj (.text)
                  0000196c    000001b6                                   : fd_add_t2.obj (.text)
                  00001b22    00000136                                   : fd_div_t2.obj (.text)
                  00001c58    00000130     driverlib.lib : gpio.obj (.text:GPIOPadConfigSet)
                  00001d88    00000110     rtsv7M4_T_le_v4SPD16_eabi.lib : xdscale.obj (.text)
                  00001e98    000000fc                                   : fd_mul_t2.obj (.text)
                  00001f94    000000f0     driverlib.lib : sysctl.obj (.text:SysCtlClockSet)
                  00002084    000000be     rtsv7M4_T_le_v4SPD16_eabi.lib : xdnorm.obj (.text)
                  00002142    0000009c                                   : memcpy_t2.obj (.text)
                  000021de    00000086                                   : fd_cmp_t2.obj (.text:__aeabi_cdcmple)
                  00002264    00000086                                   : fd_cmp_t2.obj (.text:__aeabi_cdrcmple)
                  000022ea    0000007a                                   : memset_t2.obj (.text)
                  00002364    0000006c                                   : autoinit.obj (.text)
                  000023d0    0000006a                                   : copy_decompress_rle.obj (.text)
                  0000243a    00000002     --HOLE-- [fill = 0]
                  0000243c    00000068     driverlib.lib : interrupt.obj (.text:IntEnable)
                  000024a4    00000066     rtsv7M4_T_le_v4SPD16_eabi.lib : xdunscal.obj (.text)
                  0000250a    00000002     --HOLE-- [fill = 0]
                  0000250c    00000060                                   : sprintf.obj (.text)
                  0000256c    00000056     driverlib.lib : gpio.obj (.text:GPIOIntTypeSet)
                  000025c2    00000056     rtsv7M4_T_le_v4SPD16_eabi.lib : ltoa.obj (.text)
                  00002618    00000052                                   : ldexp.obj (.text)
                  0000266a    00000002     --HOLE-- [fill = 0]
                  0000266c    00000050                                   : boot.obj (.text)
                  000026bc    0000004c                                   : atoi.obj (.text)
                  00002708    0000004c                                   : cpy_tbl.obj (.text)
                  00002754    00000048                                   : fd_toi_t2.obj (.text)
                  0000279c    00000044                                   : exit.obj (.text)
                  000027e0    00000040     driverlib.lib : gpio.obj (.text:_GPIOIntNumberGet)
                  00002820    00000040     rtsv7M4_T_le_v4SPD16_eabi.lib : signal.obj (.text)
                  00002860    00000034     driverlib.lib : interrupt.obj (.text:IntRegister)
                  00002894    00000034                   : sysctl.obj (.text:SysCtlPeripheralEnable)
                  000028c8    00000034     rtsv7M4_T_le_v4SPD16_eabi.lib : feraiseexcept.obj (.text)
                  000028fc    00000030                                   : xdclass.obj (.text)
                  0000292c    00000030                                   : xferaise.obj (.text)
                  0000295c    0000002e                                   : i_tofd_t2.obj (.text)
                  0000298a    0000002e                                   : raise.obj (.text)
                  000029b8    0000002a     driverlib.lib : gpio.obj (.text:GPIODirModeSet)
                  000029e2    0000002a     rtsv7M4_T_le_v4SPD16_eabi.lib : frexp.obj (.text)
                  00002a0c    0000001c                                   : memccpy.obj (.text)
                  00002a28    00000018     driverlib.lib : gpio.obj (.text:GPIOIntRegister)
                  00002a40    00000018                   : gpio.obj (.text:GPIOPinTypeGPIOOutput)
                  00002a58    00000018     rtsv7M4_T_le_v4SPD16_eabi.lib : args_main.obj (.text)
                  00002a70    00000016                                   : strchr.obj (.text)
                  00002a86    00000002     --HOLE-- [fill = 0]
                  00002a88    00000014                                   : _lock.obj (.text)
                  00002a9c    00000014                                   : strlen.obj (.text)
                  00002ab0    00000012     driverlib.lib : gpio.obj (.text:GPIOPinTypeGPIOInput)
                  00002ac2    0000000e                   : gpio.obj (.text:GPIOIntDisable)
                  00002ad0    0000000e                   : gpio.obj (.text:GPIOIntStatus)
                  00002ade    0000000e     rtsv7M4_T_le_v4SPD16_eabi.lib : copy_decompress_none.obj (.text:decompress:none)
                  00002aec    0000000c     driverlib.lib : gpio.obj (.text:GPIOIntEnable)
                  00002af8    0000000c     rtsv7M4_T_le_v4SPD16_eabi.lib : copy_zero_init.obj (.text:decompress:ZI)
                  00002b04    0000000c     tm4c123gh6pm_startup_ccs.obj (.text)
                  00002b10    00000006     driverlib.lib : gpio.obj (.text:GPIOIntClear)
                  00002b16    00000006                   : gpio.obj (.text:GPIOPinWrite)
                  00002b1c    00000006                   : sysctl.obj (.text:SysCtlDelay)
                  00002b22    00000006     rtsv7M4_T_le_v4SPD16_eabi.lib : copy_decompress_rle.obj (.text:decompress:rle24)
                  00002b28    00000004                                   : pre_init.obj (.text)

.const     0    00002b2c    000002f4     
                  00002b2c    00000101     rtsv7M4_T_le_v4SPD16_eabi.lib : ctype.obj (.const:.string:_ctypes_)
                  00002c2d    00000003     --HOLE-- [fill = 0]
                  00002c30    000000c0     driverlib.lib : gpio.obj (.const:g_ppui32GPIOIntMapBlizzard)
                  00002cf0    000000c0                   : gpio.obj (.const:g_ppui32GPIOIntMapSnowflake)
                  00002db0    00000070                   : interrupt.obj (.const)

.cinit     0    00002e20    00000088     
                  00002e20    00000054     (.cinit..data.load) [load image, compression = rle]
                  00002e74    0000000c     (__TI_handler_table)
                  00002e80    00000008     (.cinit..bss.load) [load image, compression = zero_init]
                  00002e88    00000008     (.cinit..vtable.load) [load image, compression = zero_init]
                  00002e90    00000018     (__TI_cinit_table)

.init_array 
*          0    00000000    00000000     UNINITIALIZED

.vtable    0    20000000    0000026c     UNINITIALIZED
                  20000000    0000026c     driverlib.lib : interrupt.obj (.vtable)

.stack     0    2000026c    00000200     UNINITIALIZED
                  2000026c    00000200     --HOLE--

.data      0    20000470    00000164     UNINITIALIZED
                  20000470    000000b0     rtsv7M4_T_le_v4SPD16_eabi.lib : signal.obj (.data:sigtable)
                  20000520    00000080                                   : xvalues.obj (.data)
                  200005a0    00000014     main.obj (.data)
                  200005b4    00000008     rtsv7M4_T_le_v4SPD16_eabi.lib : _lock.obj (.data)
                  200005bc    00000008                                   : exit.obj (.data)
                  200005c4    00000008                                   : feraiseexcept.obj (.data)
                  200005cc    00000004                                   : errno.obj (.data)
                  200005d0    00000004                                   : stkdepth_vars.obj (.data)

.bss       0    200005d4    00000014     UNINITIALIZED
                  200005d4    00000010     (.common:buffer)
                  200005e4    00000004     (.common:sizeOfInteger)

.TI.persistent 
*          0    20000470    00000000     UNINITIALIZED

.TI.noinit 
*          0    200005d4    00000000     UNINITIALIZED


LINKER GENERATED COPY TABLES

__TI_cinit_table @ 00002e90 records: 3, size/record: 8, table size: 24
	.data: load addr=00002e20, load size=00000054 bytes, run addr=20000470, run size=00000164 bytes, compression=rle
	.bss: load addr=00002e80, load size=00000008 bytes, run addr=200005d4, run size=00000014 bytes, compression=zero_init
	.vtable: load addr=00002e88, load size=00000008 bytes, run addr=20000000, run size=0000026c bytes, compression=zero_init


LINKER GENERATED HANDLER TABLE

__TI_handler_table @ 00002e74 records: 3, size/record: 4, table size: 12
	index: 0, handler: __TI_zero_init
	index: 1, handler: __TI_decompress_rle24
	index: 2, handler: __TI_decompress_none


GLOBAL SYMBOLS: SORTED ALPHABETICALLY BY Name 

address   name                    
-------   ----                    
0000279d  C$$EXIT                 
200005a1  E                       
200005a8  EHigh                   
000014f7  FourBitInitialize       
000029b9  GPIODirModeSet          
00002b11  GPIOIntClear            
00002ac3  GPIOIntDisable          
00002aed  GPIOIntEnable           
00002a29  GPIOIntRegister         
00002ad1  GPIOIntStatus           
0000256d  GPIOIntTypeSet          
00001c59  GPIOPadConfigSet        
00002ab1  GPIOPinTypeGPIOInput    
00002a41  GPIOPinTypeGPIOOutput   
00002b17  GPIOPinWrite            
0000243d  IntEnable               
00002861  IntRegister             
200005a0  RS                      
200005a7  RSHigh                  
200005a2  RW                      
200005a9  RWHigh                  
00002b05  ResetISR                
UNDEFED   SHT$$INIT_ARRAY$$Base   
UNDEFED   SHT$$INIT_ARRAY$$Limit  
00001f95  SysCtlClockSet          
00002b1d  SysCtlDelay             
00002895  SysCtlPeripheralEnable  
000028fd  _Dclass                 
20000520  _Denorm                 
00002085  _Dnorm                  
00001d89  _Dscale                 
000024a5  _Dunscale               
20000530  _Eps                    
200005cc  _Errno                  
200005c4  _Fenv                   
0000292d  _Feraise                
20000540  _Hugeval                
20000550  _Inf                    
20000560  _Nan                    
20000580  _Rteps                  
20000570  _Snan                   
200005c8  _Tls_setup__Fenv        
20000590  _Xbig                   
20000598  _Zero                   
2000046c  __STACK_END             
00000200  __STACK_SIZE            
2000046c  __STACK_TOP             
00002e90  __TI_CINIT_Base         
00002ea8  __TI_CINIT_Limit        
00002e74  __TI_Handler_Table_Base 
00002e80  __TI_Handler_Table_Limit
00002365  __TI_auto_init          
200005bc  __TI_cleanup_ptr        
00002adf  __TI_decompress_none    
00002b23  __TI_decompress_rle24   
200005c0  __TI_dtors_ptr          
00001021  __TI_printfi            
00000000  __TI_static_base__      
00002af9  __TI_zero_init          
000021df  __aeabi_cdcmpeq         
000021df  __aeabi_cdcmple         
00002265  __aeabi_cdrcmple        
00002755  __aeabi_d2iz            
00001977  __aeabi_dadd            
00001b23  __aeabi_ddiv            
00001e99  __aeabi_dmul            
0000196d  __aeabi_dsub            
0000295d  __aeabi_i2d             
000022eb  __aeabi_memclr          
000022eb  __aeabi_memclr4         
000022eb  __aeabi_memclr8         
00002143  __aeabi_memcpy          
00002143  __aeabi_memcpy4         
00002143  __aeabi_memcpy8         
000022ed  __aeabi_memset          
000022ed  __aeabi_memset4         
000022ed  __aeabi_memset8         
00001779  __aeabi_uldivmod        
ffffffff  __binit__               
ffffffff  __c_args__              
2000026c  __stack                 
00002a59  _args_main              
0000266d  _c_int00                
00002b2c  _ctypes_                
200005b4  _lock                   
00002a97  _nop                    
00002a8f  _register_lock          
00002a89  _register_unlock        
00002b29  _system_pre_init        
200005b8  _unlock                 
000027a1  abort                   
000026bd  atoi                    
ffffffff  binit                   
200005a3  bit4                    
200005aa  bit4High                
200005a4  bit5                    
200005ab  bit5High                
200005a5  bit6                    
200005ac  bit6High                
200005a6  bit7                    
200005ad  bit7High                
200005d4  buffer                  
200005af  buttonDownPin           
200005ae  buttonUpPin             
00002709  copy_in                 
000015b3  displayLine             
000027a9  exit                    
000028c9  feraiseexcept           
000029e3  frexp                   
20000000  g_pfnRAMVectors         
00000000  g_pfnVectors            
200005b0  globalCounter           
0000160b  globalCounterLess       
000015e5  globalCounterPlus       
00002619  ldexp                   
000025c3  ltoa                    
00001329  main                    
200005d0  main_func_sp            
00002a0d  memccpy                 
00002143  memcpy                  
000022f3  memset                  
000015a3  millisDelay             
00001661  portAISR                
0000298b  raise                   
0000145b  send4BitCommand         
000013f7  send6BitCommand         
00001573  sendCharacter           
00002821  signal                  
200005e4  sizeOfInteger           
0000250d  sprintf                 
00002a71  strchr                  
00002a9d  strlen                  
000016c1  updateSizeOfInteger     


GLOBAL SYMBOLS: SORTED BY Symbol Address 

address   name                    
-------   ----                    
00000000  __TI_static_base__      
00000000  g_pfnVectors            
00000200  __STACK_SIZE            
00001021  __TI_printfi            
00001329  main                    
000013f7  send6BitCommand         
0000145b  send4BitCommand         
000014f7  FourBitInitialize       
00001573  sendCharacter           
000015a3  millisDelay             
000015b3  displayLine             
000015e5  globalCounterPlus       
0000160b  globalCounterLess       
00001661  portAISR                
000016c1  updateSizeOfInteger     
00001779  __aeabi_uldivmod        
0000196d  __aeabi_dsub            
00001977  __aeabi_dadd            
00001b23  __aeabi_ddiv            
00001c59  GPIOPadConfigSet        
00001d89  _Dscale                 
00001e99  __aeabi_dmul            
00001f95  SysCtlClockSet          
00002085  _Dnorm                  
00002143  __aeabi_memcpy          
00002143  __aeabi_memcpy4         
00002143  __aeabi_memcpy8         
00002143  memcpy                  
000021df  __aeabi_cdcmpeq         
000021df  __aeabi_cdcmple         
00002265  __aeabi_cdrcmple        
000022eb  __aeabi_memclr          
000022eb  __aeabi_memclr4         
000022eb  __aeabi_memclr8         
000022ed  __aeabi_memset          
000022ed  __aeabi_memset4         
000022ed  __aeabi_memset8         
000022f3  memset                  
00002365  __TI_auto_init          
0000243d  IntEnable               
000024a5  _Dunscale               
0000250d  sprintf                 
0000256d  GPIOIntTypeSet          
000025c3  ltoa                    
00002619  ldexp                   
0000266d  _c_int00                
000026bd  atoi                    
00002709  copy_in                 
00002755  __aeabi_d2iz            
0000279d  C$$EXIT                 
000027a1  abort                   
000027a9  exit                    
00002821  signal                  
00002861  IntRegister             
00002895  SysCtlPeripheralEnable  
000028c9  feraiseexcept           
000028fd  _Dclass                 
0000292d  _Feraise                
0000295d  __aeabi_i2d             
0000298b  raise                   
000029b9  GPIODirModeSet          
000029e3  frexp                   
00002a0d  memccpy                 
00002a29  GPIOIntRegister         
00002a41  GPIOPinTypeGPIOOutput   
00002a59  _args_main              
00002a71  strchr                  
00002a89  _register_unlock        
00002a8f  _register_lock          
00002a97  _nop                    
00002a9d  strlen                  
00002ab1  GPIOPinTypeGPIOInput    
00002ac3  GPIOIntDisable          
00002ad1  GPIOIntStatus           
00002adf  __TI_decompress_none    
00002aed  GPIOIntEnable           
00002af9  __TI_zero_init          
00002b05  ResetISR                
00002b11  GPIOIntClear            
00002b17  GPIOPinWrite            
00002b1d  SysCtlDelay             
00002b23  __TI_decompress_rle24   
00002b29  _system_pre_init        
00002b2c  _ctypes_                
00002e74  __TI_Handler_Table_Base 
00002e80  __TI_Handler_Table_Limit
00002e90  __TI_CINIT_Base         
00002ea8  __TI_CINIT_Limit        
20000000  g_pfnRAMVectors         
2000026c  __stack                 
2000046c  __STACK_END             
2000046c  __STACK_TOP             
20000520  _Denorm                 
20000530  _Eps                    
20000540  _Hugeval                
20000550  _Inf                    
20000560  _Nan                    
20000570  _Snan                   
20000580  _Rteps                  
20000590  _Xbig                   
20000598  _Zero                   
200005a0  RS                      
200005a1  E                       
200005a2  RW                      
200005a3  bit4                    
200005a4  bit5                    
200005a5  bit6                    
200005a6  bit7                    
200005a7  RSHigh                  
200005a8  EHigh                   
200005a9  RWHigh                  
200005aa  bit4High                
200005ab  bit5High                
200005ac  bit6High                
200005ad  bit7High                
200005ae  buttonUpPin             
200005af  buttonDownPin           
200005b0  globalCounter           
200005b4  _lock                   
200005b8  _unlock                 
200005bc  __TI_cleanup_ptr        
200005c0  __TI_dtors_ptr          
200005c4  _Fenv                   
200005c8  _Tls_setup__Fenv        
200005cc  _Errno                  
200005d0  main_func_sp            
200005d4  buffer                  
200005e4  sizeOfInteger           
ffffffff  __binit__               
ffffffff  __c_args__              
ffffffff  binit                   
UNDEFED   SHT$$INIT_ARRAY$$Base   
UNDEFED   SHT$$INIT_ARRAY$$Limit  

[133 symbols]
