******************************************************************************
                  TI ARM Linker PC v5.2.2                      
******************************************************************************
>> Linked Fri Mar 11 05:32:38 2016

OUTPUT FILE NAME:   <ICOM5217EXP3B.out>
ENTRY POINT SYMBOL: "_c_int00"  address: 000008d5


MEMORY CONFIGURATION

         name            origin    length      used     unused   attr    fill
----------------------  --------  ---------  --------  --------  ----  --------
  RAM                   00000020   ffffffe0  00000e10  fffff1d0  RWIX


SEGMENT ALLOCATION MAP

run origin  load origin   length   init length attrs members
----------  ----------- ---------- ----------- ----- -------
00000020    00000020    00000a74   00000a74    r-x
  00000020    00000020    00000a74   00000a74    r-x .text
00000a94    00000a94    000002c8   00000000    rw-
  00000a94    00000a94    000000c8   00000000    rw- .data
  00000b5c    00000b5c    00000200   00000000    rw- .stack
00000d60    00000d60    000000d4   000000d4    r--
  00000d60    00000d60    000000d4   000000d4    r-- .cinit


SECTION ALLOCATION MAP

 output                                  attributes/
section   page    origin      length       input sections
--------  ----  ----------  ----------   ----------------
.text      0    00000020    00000a74     
                  00000020    000004a4     main.obj (.text)
                  000004c4    00000130     driverlib.lib : gpio.obj (.text:GPIOPadConfigSet)
                  000005f4    000000f0                   : sysctl.obj (.text:SysCtlClockSet)
                  000006e4    0000009c     rtsv7M4_T_le_v4SPD16_eabi.lib : memcpy_t2.obj (.text)
                  00000780    0000007a                                   : memset_t2.obj (.text)
                  000007fa    00000002     --HOLE-- [fill = 0]
                  000007fc    0000006c                                   : autoinit.obj (.text)
                  00000868    0000006a                                   : copy_decompress_rle.obj (.text)
                  000008d2    00000002     --HOLE-- [fill = 0]
                  000008d4    00000050                                   : boot.obj (.text)
                  00000924    0000004c                                   : cpy_tbl.obj (.text)
                  00000970    00000044                                   : exit.obj (.text)
                  000009b4    00000034     driverlib.lib : sysctl.obj (.text:SysCtlPeripheralEnable)
                  000009e8    0000002a                   : gpio.obj (.text:GPIODirModeSet)
                  00000a12    00000018                   : gpio.obj (.text:GPIOPinTypeGPIOOutput)
                  00000a2a    00000002     --HOLE-- [fill = 0]
                  00000a2c    00000018     rtsv7M4_T_le_v4SPD16_eabi.lib : args_main.obj (.text)
                  00000a44    00000014                                   : _lock.obj (.text)
                  00000a58    00000012     driverlib.lib : gpio.obj (.text:GPIOPinTypeGPIOInput)
                  00000a6a    0000000e     rtsv7M4_T_le_v4SPD16_eabi.lib : copy_decompress_none.obj (.text:decompress:none)
                  00000a78    00000006     driverlib.lib : gpio.obj (.text:GPIOPinRead)
                  00000a7e    00000006                   : gpio.obj (.text:GPIOPinWrite)
                  00000a84    00000006                   : sysctl.obj (.text:SysCtlDelay)
                  00000a8a    00000006     rtsv7M4_T_le_v4SPD16_eabi.lib : copy_decompress_rle.obj (.text:decompress:rle24)
                  00000a90    00000004                                   : pre_init.obj (.text)

.data      0    00000a94    000000c8     UNINITIALIZED
                  00000a94    00000074     main.obj (.data)
                  00000b08    00000040     main.obj (.data:lineLengthArray)
                  00000b48    00000008     rtsv7M4_T_le_v4SPD16_eabi.lib : _lock.obj (.data)
                  00000b50    00000008                                   : exit.obj (.data)
                  00000b58    00000004                                   : stkdepth_vars.obj (.data)

.cinit     0    00000d60    000000d4     
                  00000d60    000000c2     (.cinit..data.load) [load image, compression = rle]
                  00000e22    00000002     --HOLE-- [fill = 0]
                  00000e24    00000008     (__TI_handler_table)
                  00000e2c    00000008     (__TI_cinit_table)

.init_array 
*          0    00000020    00000000     UNINITIALIZED

.TI.persistent 
*          0    00000a94    00000000     UNINITIALIZED

.stack     0    00000b5c    00000200     UNINITIALIZED
                  00000b5c    00000200     --HOLE--


LINKER GENERATED COPY TABLES

__TI_cinit_table @ 00000e2c records: 1, size/record: 8, table size: 8
	.data: load addr=00000d60, load size=000000c2 bytes, run addr=00000a94, run size=000000c8 bytes, compression=rle


LINKER GENERATED HANDLER TABLE

__TI_handler_table @ 00000e24 records: 2, size/record: 4, table size: 8
	index: 0, handler: __TI_decompress_rle24
	index: 1, handler: __TI_decompress_none


GLOBAL SYMBOLS: SORTED ALPHABETICALLY BY Name 

address   name                    
-------   ----                    
00000971  C$$EXIT                 
00000a95  E                       
00000a9c  EHigh                   
000001ad  FourBitInitialize       
000009e9  GPIODirModeSet          
000004c5  GPIOPadConfigSet        
00000a79  GPIOPinRead             
00000a59  GPIOPinTypeGPIOInput    
00000a13  GPIOPinTypeGPIOOutput   
00000a7f  GPIOPinWrite            
00000a94  RS                      
00000a9b  RSHigh                  
00000a96  RW                      
00000a9d  RWHigh                  
UNDEFED   SHT$$INIT_ARRAY$$Base   
UNDEFED   SHT$$INIT_ARRAY$$Limit  
000005f5  SysCtlClockSet          
00000a85  SysCtlDelay             
000009b5  SysCtlPeripheralEnable  
00000d5c  __STACK_END             
00000200  __STACK_SIZE            
00000e2c  __TI_CINIT_Base         
00000e34  __TI_CINIT_Limit        
00000e24  __TI_Handler_Table_Base 
00000e2c  __TI_Handler_Table_Limit
000007fd  __TI_auto_init          
00000b50  __TI_cleanup_ptr        
00000a6b  __TI_decompress_none    
00000a8b  __TI_decompress_rle24   
00000b54  __TI_dtors_ptr          
00000d60  __TI_static_base__      
00000781  __aeabi_memclr          
00000781  __aeabi_memclr4         
00000781  __aeabi_memclr8         
000006e5  __aeabi_memcpy          
000006e5  __aeabi_memcpy4         
000006e5  __aeabi_memcpy8         
00000783  __aeabi_memset          
00000783  __aeabi_memset4         
00000783  __aeabi_memset8         
ffffffff  __binit__               
ffffffff  __c_args__              
00000b5c  __stack                 
00000a2d  _args_main              
000008d5  _c_int00                
00000b48  _lock                   
00000a53  _nop                    
00000a4b  _register_lock          
00000a45  _register_unlock        
00000a91  _system_pre_init        
00000b4c  _unlock                 
00000975  abort                   
ffffffff  binit                   
00000a97  bit4                    
00000a9e  bit4High                
00000a98  bit5                    
00000a9f  bit5High                
00000a99  bit6                    
00000aa0  bit6High                
00000a9a  bit7                    
00000aa1  bit7High                
00000aa3  buttonDownPin           
00000aa2  buttonUpPin             
00000925  copy_in                 
00000b04  currentPhrase           
0000044f  currentPhraseLess       
0000042b  currentPhrasePlus       
00000269  displayLine             
0000097d  exit                    
00000b08  lineLengthArray         
000002d5  lineSwitcher            
00000021  main                    
00000b58  main_func_sp            
000006e5  memcpy                  
00000789  memset                  
00000259  millisDelay             
00000111  send4BitCommand         
000000ad  send6BitCommand         
00000229  sendCharacter           


GLOBAL SYMBOLS: SORTED BY Symbol Address 

address   name                    
-------   ----                    
00000021  main                    
000000ad  send6BitCommand         
00000111  send4BitCommand         
000001ad  FourBitInitialize       
00000200  __STACK_SIZE            
00000229  sendCharacter           
00000259  millisDelay             
00000269  displayLine             
000002d5  lineSwitcher            
0000042b  currentPhrasePlus       
0000044f  currentPhraseLess       
000004c5  GPIOPadConfigSet        
000005f5  SysCtlClockSet          
000006e5  __aeabi_memcpy          
000006e5  __aeabi_memcpy4         
000006e5  __aeabi_memcpy8         
000006e5  memcpy                  
00000781  __aeabi_memclr          
00000781  __aeabi_memclr4         
00000781  __aeabi_memclr8         
00000783  __aeabi_memset          
00000783  __aeabi_memset4         
00000783  __aeabi_memset8         
00000789  memset                  
000007fd  __TI_auto_init          
000008d5  _c_int00                
00000925  copy_in                 
00000971  C$$EXIT                 
00000975  abort                   
0000097d  exit                    
000009b5  SysCtlPeripheralEnable  
000009e9  GPIODirModeSet          
00000a13  GPIOPinTypeGPIOOutput   
00000a2d  _args_main              
00000a45  _register_unlock        
00000a4b  _register_lock          
00000a53  _nop                    
00000a59  GPIOPinTypeGPIOInput    
00000a6b  __TI_decompress_none    
00000a79  GPIOPinRead             
00000a7f  GPIOPinWrite            
00000a85  SysCtlDelay             
00000a8b  __TI_decompress_rle24   
00000a91  _system_pre_init        
00000a94  RS                      
00000a95  E                       
00000a96  RW                      
00000a97  bit4                    
00000a98  bit5                    
00000a99  bit6                    
00000a9a  bit7                    
00000a9b  RSHigh                  
00000a9c  EHigh                   
00000a9d  RWHigh                  
00000a9e  bit4High                
00000a9f  bit5High                
00000aa0  bit6High                
00000aa1  bit7High                
00000aa2  buttonUpPin             
00000aa3  buttonDownPin           
00000b04  currentPhrase           
00000b08  lineLengthArray         
00000b48  _lock                   
00000b4c  _unlock                 
00000b50  __TI_cleanup_ptr        
00000b54  __TI_dtors_ptr          
00000b58  main_func_sp            
00000b5c  __stack                 
00000d5c  __STACK_END             
00000d60  __TI_static_base__      
00000e24  __TI_Handler_Table_Base 
00000e2c  __TI_CINIT_Base         
00000e2c  __TI_Handler_Table_Limit
00000e34  __TI_CINIT_Limit        
ffffffff  __binit__               
ffffffff  __c_args__              
ffffffff  binit                   
UNDEFED   SHT$$INIT_ARRAY$$Base   
UNDEFED   SHT$$INIT_ARRAY$$Limit  

[79 symbols]
