******************************************************************************
                  TI ARM Linker PC v5.2.2                      
******************************************************************************
>> Linked Wed Feb 24 15:09:10 2016

OUTPUT FILE NAME:   <ICOM5217EXP1B.out>
ENTRY POINT SYMBOL: "_c_int00"  address: 00000b21


MEMORY CONFIGURATION

         name            origin    length      used     unused   attr    fill
----------------------  --------  ---------  --------  --------  ----  --------
  FLASH                 00000000   00040000  00000dc0  0003f240  R  X
  SRAM                  20000000   00008000  000002c8  00007d38  RW X


SEGMENT ALLOCATION MAP

run origin  load origin   length   init length attrs members
----------  ----------- ---------- ----------- ----- -------
00000000    00000000    00000dc4   00000dc4    r-x
  00000000    00000000    0000026c   0000026c    r-- .intvecs
  0000026c    0000026c    00000a80   00000a80    r-x .text
  00000cf0    00000cf0    000000d4   000000d4    r-- .cinit
20000000    20000000    000002c8   00000000    rw-
  20000000    20000000    00000200   00000000    rw- .stack
  20000200    20000200    000000c8   00000000    rw- .data


SECTION ALLOCATION MAP

 output                                  attributes/
section   page    origin      length       input sections
--------  ----  ----------  ----------   ----------------
.intvecs   0    00000000    0000026c     
                  00000000    0000026c     tm4c123gh6pm_startup_ccs.obj (.intvecs)

.text      0    0000026c    00000a80     
                  0000026c    000004a4     main.obj (.text)
                  00000710    00000130     driverlib.lib : gpio.obj (.text:GPIOPadConfigSet)
                  00000840    000000f0                   : sysctl.obj (.text:SysCtlClockSet)
                  00000930    0000009c     rtsv7M4_T_le_v4SPD16_eabi.lib : memcpy_t2.obj (.text)
                  000009cc    0000007a                                   : memset_t2.obj (.text)
                  00000a46    00000002     --HOLE-- [fill = 0]
                  00000a48    0000006c                                   : autoinit.obj (.text)
                  00000ab4    0000006a                                   : copy_decompress_rle.obj (.text)
                  00000b1e    00000002     --HOLE-- [fill = 0]
                  00000b20    00000050                                   : boot.obj (.text)
                  00000b70    0000004c                                   : cpy_tbl.obj (.text)
                  00000bbc    00000044                                   : exit.obj (.text)
                  00000c00    00000034     driverlib.lib : sysctl.obj (.text:SysCtlPeripheralEnable)
                  00000c34    0000002a                   : gpio.obj (.text:GPIODirModeSet)
                  00000c5e    00000018                   : gpio.obj (.text:GPIOPinTypeGPIOOutput)
                  00000c76    00000002     --HOLE-- [fill = 0]
                  00000c78    00000018     rtsv7M4_T_le_v4SPD16_eabi.lib : args_main.obj (.text)
                  00000c90    00000014                                   : _lock.obj (.text)
                  00000ca4    00000012     driverlib.lib : gpio.obj (.text:GPIOPinTypeGPIOInput)
                  00000cb6    0000000e     rtsv7M4_T_le_v4SPD16_eabi.lib : copy_decompress_none.obj (.text:decompress:none)
                  00000cc4    0000000c     tm4c123gh6pm_startup_ccs.obj (.text)
                  00000cd0    00000006     driverlib.lib : gpio.obj (.text:GPIOPinRead)
                  00000cd6    00000006                   : gpio.obj (.text:GPIOPinWrite)
                  00000cdc    00000006                   : sysctl.obj (.text:SysCtlDelay)
                  00000ce2    00000006     rtsv7M4_T_le_v4SPD16_eabi.lib : copy_decompress_rle.obj (.text:decompress:rle24)
                  00000ce8    00000004                                   : pre_init.obj (.text)

.cinit     0    00000cf0    000000d4     
                  00000cf0    000000c2     (.cinit..data.load) [load image, compression = rle]
                  00000db2    00000002     --HOLE-- [fill = 0]
                  00000db4    00000008     (__TI_handler_table)
                  00000dbc    00000008     (__TI_cinit_table)

.init_array 
*          0    00000000    00000000     UNINITIALIZED

.stack     0    20000000    00000200     UNINITIALIZED
                  20000000    00000200     --HOLE--

.data      0    20000200    000000c8     UNINITIALIZED
                  20000200    00000074     main.obj (.data)
                  20000274    00000040     main.obj (.data:lineLengthArray)
                  200002b4    00000008     rtsv7M4_T_le_v4SPD16_eabi.lib : _lock.obj (.data)
                  200002bc    00000008                                   : exit.obj (.data)
                  200002c4    00000004                                   : stkdepth_vars.obj (.data)

.TI.persistent 
*          0    20000200    00000000     UNINITIALIZED


LINKER GENERATED COPY TABLES

__TI_cinit_table @ 00000dbc records: 1, size/record: 8, table size: 8
	.data: load addr=00000cf0, load size=000000c2 bytes, run addr=20000200, run size=000000c8 bytes, compression=rle


LINKER GENERATED HANDLER TABLE

__TI_handler_table @ 00000db4 records: 2, size/record: 4, table size: 8
	index: 0, handler: __TI_decompress_rle24
	index: 1, handler: __TI_decompress_none


GLOBAL SYMBOLS: SORTED ALPHABETICALLY BY Name 

address   name                    
-------   ----                    
00000bbd  C$$EXIT                 
20000201  E                       
20000208  EHigh                   
000003f9  FourBitInitialize       
00000c35  GPIODirModeSet          
00000711  GPIOPadConfigSet        
00000cd1  GPIOPinRead             
00000ca5  GPIOPinTypeGPIOInput    
00000c5f  GPIOPinTypeGPIOOutput   
00000cd7  GPIOPinWrite            
20000200  RS                      
20000207  RSHigh                  
20000202  RW                      
20000209  RWHigh                  
00000cc5  ResetISR                
UNDEFED   SHT$$INIT_ARRAY$$Base   
UNDEFED   SHT$$INIT_ARRAY$$Limit  
00000841  SysCtlClockSet          
00000cdd  SysCtlDelay             
00000c01  SysCtlPeripheralEnable  
20000200  __STACK_END             
00000200  __STACK_SIZE            
20000200  __STACK_TOP             
00000dbc  __TI_CINIT_Base         
00000dc4  __TI_CINIT_Limit        
00000db4  __TI_Handler_Table_Base 
00000dbc  __TI_Handler_Table_Limit
00000a49  __TI_auto_init          
200002bc  __TI_cleanup_ptr        
00000cb7  __TI_decompress_none    
00000ce3  __TI_decompress_rle24   
200002c0  __TI_dtors_ptr          
00000000  __TI_static_base__      
000009cd  __aeabi_memclr          
000009cd  __aeabi_memclr4         
000009cd  __aeabi_memclr8         
00000931  __aeabi_memcpy          
00000931  __aeabi_memcpy4         
00000931  __aeabi_memcpy8         
000009cf  __aeabi_memset          
000009cf  __aeabi_memset4         
000009cf  __aeabi_memset8         
ffffffff  __binit__               
ffffffff  __c_args__              
20000000  __stack                 
00000c79  _args_main              
00000b21  _c_int00                
200002b4  _lock                   
00000c9f  _nop                    
00000c97  _register_lock          
00000c91  _register_unlock        
00000ce9  _system_pre_init        
200002b8  _unlock                 
00000bc1  abort                   
ffffffff  binit                   
20000203  bit4                    
2000020a  bit4High                
20000204  bit5                    
2000020b  bit5High                
20000205  bit6                    
2000020c  bit6High                
20000206  bit7                    
2000020d  bit7High                
2000020f  buttonDownPin           
2000020e  buttonUpPin             
00000b71  copy_in                 
20000270  currentPhrase           
0000069b  currentPhraseLess       
00000677  currentPhrasePlus       
000004b5  displayLine             
00000bc9  exit                    
00000000  g_pfnVectors            
20000274  lineLengthArray         
00000521  lineSwitcher            
0000026d  main                    
200002c4  main_func_sp            
00000931  memcpy                  
000009d5  memset                  
000004a5  millisDelay             
0000035d  send4BitCommand         
000002f9  send6BitCommand         
00000475  sendCharacter           


GLOBAL SYMBOLS: SORTED BY Symbol Address 

address   name                    
-------   ----                    
00000000  __TI_static_base__      
00000000  g_pfnVectors            
00000200  __STACK_SIZE            
0000026d  main                    
000002f9  send6BitCommand         
0000035d  send4BitCommand         
000003f9  FourBitInitialize       
00000475  sendCharacter           
000004a5  millisDelay             
000004b5  displayLine             
00000521  lineSwitcher            
00000677  currentPhrasePlus       
0000069b  currentPhraseLess       
00000711  GPIOPadConfigSet        
00000841  SysCtlClockSet          
00000931  __aeabi_memcpy          
00000931  __aeabi_memcpy4         
00000931  __aeabi_memcpy8         
00000931  memcpy                  
000009cd  __aeabi_memclr          
000009cd  __aeabi_memclr4         
000009cd  __aeabi_memclr8         
000009cf  __aeabi_memset          
000009cf  __aeabi_memset4         
000009cf  __aeabi_memset8         
000009d5  memset                  
00000a49  __TI_auto_init          
00000b21  _c_int00                
00000b71  copy_in                 
00000bbd  C$$EXIT                 
00000bc1  abort                   
00000bc9  exit                    
00000c01  SysCtlPeripheralEnable  
00000c35  GPIODirModeSet          
00000c5f  GPIOPinTypeGPIOOutput   
00000c79  _args_main              
00000c91  _register_unlock        
00000c97  _register_lock          
00000c9f  _nop                    
00000ca5  GPIOPinTypeGPIOInput    
00000cb7  __TI_decompress_none    
00000cc5  ResetISR                
00000cd1  GPIOPinRead             
00000cd7  GPIOPinWrite            
00000cdd  SysCtlDelay             
00000ce3  __TI_decompress_rle24   
00000ce9  _system_pre_init        
00000db4  __TI_Handler_Table_Base 
00000dbc  __TI_CINIT_Base         
00000dbc  __TI_Handler_Table_Limit
00000dc4  __TI_CINIT_Limit        
20000000  __stack                 
20000200  RS                      
20000200  __STACK_END             
20000200  __STACK_TOP             
20000201  E                       
20000202  RW                      
20000203  bit4                    
20000204  bit5                    
20000205  bit6                    
20000206  bit7                    
20000207  RSHigh                  
20000208  EHigh                   
20000209  RWHigh                  
2000020a  bit4High                
2000020b  bit5High                
2000020c  bit6High                
2000020d  bit7High                
2000020e  buttonUpPin             
2000020f  buttonDownPin           
20000270  currentPhrase           
20000274  lineLengthArray         
200002b4  _lock                   
200002b8  _unlock                 
200002bc  __TI_cleanup_ptr        
200002c0  __TI_dtors_ptr          
200002c4  main_func_sp            
ffffffff  __binit__               
ffffffff  __c_args__              
ffffffff  binit                   
UNDEFED   SHT$$INIT_ARRAY$$Base   
UNDEFED   SHT$$INIT_ARRAY$$Limit  

[82 symbols]
