******************************************************************************
                  TI ARM Linker PC v5.2.2                      
******************************************************************************
>> Linked Sat Mar 19 17:24:19 2016

OUTPUT FILE NAME:   <ICOM5217EXP2B.out>
ENTRY POINT SYMBOL: "_c_int00"  address: 00002805


MEMORY CONFIGURATION

         name            origin    length      used     unused   attr    fill
----------------------  --------  ---------  --------  --------  ----  --------
  FLASH                 00000000   00040000  000030e6  0003cf1a  R  X
  SRAM                  20000000   00008000  00000681  0000797f  RW X


SEGMENT ALLOCATION MAP

run origin  load origin   length   init length attrs members
----------  ----------- ---------- ----------- ----- -------
00000000    00000000    000030e8   000030e8    r-x
  00000000    00000000    0000026c   0000026c    r-- .intvecs
  0000026c    0000026c    00002a5e   00002a5e    r-x .text
  00002ccc    00002ccc    000002f4   000002f4    r-- .const
  00002fc0    00002fc0    00000128   00000128    r-- .cinit
20000000    20000000    00000685   00000000    rw-
  20000000    20000000    0000026c   00000000    rw- .vtable
  2000026c    2000026c    00000200   00000000    rw- .stack
  20000470    20000470    00000200   00000000    rw- .data
  20000670    20000670    00000015   00000000    rw- .bss


SECTION ALLOCATION MAP

 output                                  attributes/
section   page    origin      length       input sections
--------  ----  ----------  ----------   ----------------
.intvecs   0    00000000    0000026c     
                  00000000    0000026c     tm4c123gh6pm_startup_ccs.obj (.intvecs)

.text      0    0000026c    00002a5e     
                  0000026c    000010ba     rtsv7M4_T_le_v4SPD16_eabi.lib : _printfi.obj (.text)
                  00001326    00000002     --HOLE-- [fill = 0]
                  00001328    000005e8     main.obj (.text)
                  00001910    000001f4     rtsv7M4_T_le_v4SPD16_eabi.lib : ull_div_t2.obj (.text)
                  00001b04    000001b6                                   : fd_add_t2.obj (.text)
                  00001cba    00000136                                   : fd_div_t2.obj (.text)
                  00001df0    00000130     driverlib.lib : gpio.obj (.text:GPIOPadConfigSet)
                  00001f20    00000110     rtsv7M4_T_le_v4SPD16_eabi.lib : xdscale.obj (.text)
                  00002030    000000fc                                   : fd_mul_t2.obj (.text)
                  0000212c    000000f0     driverlib.lib : sysctl.obj (.text:SysCtlClockSet)
                  0000221c    000000be     rtsv7M4_T_le_v4SPD16_eabi.lib : xdnorm.obj (.text)
                  000022da    0000009c                                   : memcpy_t2.obj (.text)
                  00002376    00000086                                   : fd_cmp_t2.obj (.text:__aeabi_cdcmple)
                  000023fc    00000086                                   : fd_cmp_t2.obj (.text:__aeabi_cdrcmple)
                  00002482    0000007a                                   : memset_t2.obj (.text)
                  000024fc    0000006c                                   : autoinit.obj (.text)
                  00002568    0000006a                                   : copy_decompress_rle.obj (.text)
                  000025d2    00000002     --HOLE-- [fill = 0]
                  000025d4    00000068     driverlib.lib : interrupt.obj (.text:IntEnable)
                  0000263c    00000066     rtsv7M4_T_le_v4SPD16_eabi.lib : xdunscal.obj (.text)
                  000026a2    00000002     --HOLE-- [fill = 0]
                  000026a4    00000060                                   : sprintf.obj (.text)
                  00002704    00000056     driverlib.lib : gpio.obj (.text:GPIOIntTypeSet)
                  0000275a    00000056     rtsv7M4_T_le_v4SPD16_eabi.lib : ltoa.obj (.text)
                  000027b0    00000052                                   : ldexp.obj (.text)
                  00002802    00000002     --HOLE-- [fill = 0]
                  00002804    00000050                                   : boot.obj (.text)
                  00002854    0000004c                                   : atoi.obj (.text)
                  000028a0    0000004c                                   : cpy_tbl.obj (.text)
                  000028ec    00000048                                   : fd_toi_t2.obj (.text)
                  00002934    00000044                                   : exit.obj (.text)
                  00002978    00000040     driverlib.lib : gpio.obj (.text:_GPIOIntNumberGet)
                  000029b8    00000040     rtsv7M4_T_le_v4SPD16_eabi.lib : signal.obj (.text)
                  000029f8    00000034     driverlib.lib : interrupt.obj (.text:IntRegister)
                  00002a2c    00000034                   : sysctl.obj (.text:SysCtlPeripheralEnable)
                  00002a60    00000034     rtsv7M4_T_le_v4SPD16_eabi.lib : feraiseexcept.obj (.text)
                  00002a94    00000030                                   : xdclass.obj (.text)
                  00002ac4    00000030                                   : xferaise.obj (.text)
                  00002af4    0000002e                                   : i_tofd_t2.obj (.text)
                  00002b22    0000002e                                   : raise.obj (.text)
                  00002b50    0000002a     driverlib.lib : gpio.obj (.text:GPIODirModeSet)
                  00002b7a    0000002a     rtsv7M4_T_le_v4SPD16_eabi.lib : frexp.obj (.text)
                  00002ba4    0000001c                                   : memccpy.obj (.text)
                  00002bc0    00000018     driverlib.lib : gpio.obj (.text:GPIOIntRegister)
                  00002bd8    00000018                   : gpio.obj (.text:GPIOPinTypeGPIOOutput)
                  00002bf0    00000018     rtsv7M4_T_le_v4SPD16_eabi.lib : args_main.obj (.text)
                  00002c08    00000016                                   : strchr.obj (.text)
                  00002c1e    00000002     --HOLE-- [fill = 0]
                  00002c20    00000014                                   : _lock.obj (.text)
                  00002c34    00000014                                   : strlen.obj (.text)
                  00002c48    00000012     driverlib.lib : gpio.obj (.text:GPIOPinTypeGPIOInput)
                  00002c5a    0000000e                   : gpio.obj (.text:GPIOIntDisable)
                  00002c68    0000000e                   : gpio.obj (.text:GPIOIntStatus)
                  00002c76    0000000e     rtsv7M4_T_le_v4SPD16_eabi.lib : copy_decompress_none.obj (.text:decompress:none)
                  00002c84    0000000c     driverlib.lib : gpio.obj (.text:GPIOIntEnable)
                  00002c90    0000000c     rtsv7M4_T_le_v4SPD16_eabi.lib : copy_zero_init.obj (.text:decompress:ZI)
                  00002c9c    0000000c     tm4c123gh6pm_startup_ccs.obj (.text)
                  00002ca8    00000006     driverlib.lib : gpio.obj (.text:GPIOIntClear)
                  00002cae    00000006                   : gpio.obj (.text:GPIOPinRead)
                  00002cb4    00000006                   : gpio.obj (.text:GPIOPinWrite)
                  00002cba    00000006                   : sysctl.obj (.text:SysCtlDelay)
                  00002cc0    00000006     rtsv7M4_T_le_v4SPD16_eabi.lib : copy_decompress_rle.obj (.text:decompress:rle24)
                  00002cc6    00000004                                   : pre_init.obj (.text)

.const     0    00002ccc    000002f4     
                  00002ccc    00000101     rtsv7M4_T_le_v4SPD16_eabi.lib : ctype.obj (.const:.string:_ctypes_)
                  00002dcd    00000003     --HOLE-- [fill = 0]
                  00002dd0    000000c0     driverlib.lib : gpio.obj (.const:g_ppui32GPIOIntMapBlizzard)
                  00002e90    000000c0                   : gpio.obj (.const:g_ppui32GPIOIntMapSnowflake)
                  00002f50    00000070                   : interrupt.obj (.const)

.cinit     0    00002fc0    00000128     
                  00002fc0    000000f1     (.cinit..data.load) [load image, compression = rle]
                  000030b1    00000003     --HOLE-- [fill = 0]
                  000030b4    0000000c     (__TI_handler_table)
                  000030c0    00000008     (.cinit..bss.load) [load image, compression = zero_init]
                  000030c8    00000008     (.cinit..vtable.load) [load image, compression = zero_init]
                  000030d0    00000018     (__TI_cinit_table)

.init_array 
*          0    00000000    00000000     UNINITIALIZED

.vtable    0    20000000    0000026c     UNINITIALIZED
                  20000000    0000026c     driverlib.lib : interrupt.obj (.vtable)

.stack     0    2000026c    00000200     UNINITIALIZED
                  2000026c    00000200     --HOLE--

.data      0    20000470    00000200     UNINITIALIZED
                  20000470    000000b0     rtsv7M4_T_le_v4SPD16_eabi.lib : signal.obj (.data:sigtable)
                  20000520    00000080                                   : xvalues.obj (.data)
                  200005a0    0000006e     main.obj (.data)
                  2000060e    00000002     --HOLE--
                  20000610    00000040     main.obj (.data:lineLengthArray)
                  20000650    00000008     rtsv7M4_T_le_v4SPD16_eabi.lib : _lock.obj (.data)
                  20000658    00000008                                   : exit.obj (.data)
                  20000660    00000008                                   : feraiseexcept.obj (.data)
                  20000668    00000004                                   : errno.obj (.data)
                  2000066c    00000004                                   : stkdepth_vars.obj (.data)

.bss       0    20000670    00000015     UNINITIALIZED
                  20000670    00000010     (.common:buffer)
                  20000680    00000004     (.common:globalCounter)
                  20000684    00000001     (.common:currentState)

.TI.persistent 
*          0    20000470    00000000     UNINITIALIZED

.TI.noinit 
*          0    20000670    00000000     UNINITIALIZED


LINKER GENERATED COPY TABLES

__TI_cinit_table @ 000030d0 records: 3, size/record: 8, table size: 24
	.data: load addr=00002fc0, load size=000000f1 bytes, run addr=20000470, run size=00000200 bytes, compression=rle
	.bss: load addr=000030c0, load size=00000008 bytes, run addr=20000670, run size=00000015 bytes, compression=zero_init
	.vtable: load addr=000030c8, load size=00000008 bytes, run addr=20000000, run size=0000026c bytes, compression=zero_init


LINKER GENERATED HANDLER TABLE

__TI_handler_table @ 000030b4 records: 3, size/record: 4, table size: 12
	index: 0, handler: __TI_zero_init
	index: 1, handler: __TI_decompress_rle24
	index: 2, handler: __TI_decompress_none


GLOBAL SYMBOLS: SORTED ALPHABETICALLY BY Name 

address   name                    
-------   ----                    
00002935  C$$EXIT                 
200005a1  E                       
200005a8  EHigh                   
000014f1  FourBitInitialize       
00002b51  GPIODirModeSet          
00002ca9  GPIOIntClear            
00002c5b  GPIOIntDisable          
00002c85  GPIOIntEnable           
00002bc1  GPIOIntRegister         
00002c69  GPIOIntStatus           
00002705  GPIOIntTypeSet          
00001df1  GPIOPadConfigSet        
00002caf  GPIOPinRead             
00002c49  GPIOPinTypeGPIOInput    
00002bd9  GPIOPinTypeGPIOOutput   
00002cb5  GPIOPinWrite            
000025d5  IntEnable               
000029f9  IntRegister             
200005a0  RS                      
200005a7  RSHigh                  
200005a2  RW                      
200005a9  RWHigh                  
00002c9d  ResetISR                
UNDEFED   SHT$$INIT_ARRAY$$Base   
UNDEFED   SHT$$INIT_ARRAY$$Limit  
0000212d  SysCtlClockSet          
00002cbb  SysCtlDelay             
00002a2d  SysCtlPeripheralEnable  
00002a95  _Dclass                 
20000520  _Denorm                 
0000221d  _Dnorm                  
00001f21  _Dscale                 
0000263d  _Dunscale               
20000530  _Eps                    
20000668  _Errno                  
20000660  _Fenv                   
00002ac5  _Feraise                
20000540  _Hugeval                
20000550  _Inf                    
20000560  _Nan                    
20000580  _Rteps                  
20000570  _Snan                   
20000664  _Tls_setup__Fenv        
20000590  _Xbig                   
20000598  _Zero                   
2000046c  __STACK_END             
00000200  __STACK_SIZE            
2000046c  __STACK_TOP             
000030d0  __TI_CINIT_Base         
000030e8  __TI_CINIT_Limit        
000030b4  __TI_Handler_Table_Base 
000030c0  __TI_Handler_Table_Limit
000024fd  __TI_auto_init          
20000658  __TI_cleanup_ptr        
00002c77  __TI_decompress_none    
00002cc1  __TI_decompress_rle24   
2000065c  __TI_dtors_ptr          
00001021  __TI_printfi            
00000000  __TI_static_base__      
00002c91  __TI_zero_init          
00002377  __aeabi_cdcmpeq         
00002377  __aeabi_cdcmple         
000023fd  __aeabi_cdrcmple        
000028ed  __aeabi_d2iz            
00001b0f  __aeabi_dadd            
00001cbb  __aeabi_ddiv            
00002031  __aeabi_dmul            
00001b05  __aeabi_dsub            
00002af5  __aeabi_i2d             
00002483  __aeabi_memclr          
00002483  __aeabi_memclr4         
00002483  __aeabi_memclr8         
000022db  __aeabi_memcpy          
000022db  __aeabi_memcpy4         
000022db  __aeabi_memcpy8         
00002485  __aeabi_memset          
00002485  __aeabi_memset4         
00002485  __aeabi_memset8         
00001911  __aeabi_uldivmod        
ffffffff  __binit__               
ffffffff  __c_args__              
2000026c  __stack                 
00002bf1  _args_main              
00002805  _c_int00                
00002ccc  _ctypes_                
20000650  _lock                   
00002c2f  _nop                    
00002c27  _register_lock          
00002c21  _register_unlock        
00002cc7  _system_pre_init        
20000654  _unlock                 
00002939  abort                   
00002855  atoi                    
ffffffff  binit                   
200005a3  bit4                    
200005aa  bit4High                
200005a4  bit5                    
200005ab  bit5High                
200005a5  bit6                    
200005ac  bit6High                
200005a6  bit7                    
200005ad  bit7High                
20000670  buffer                  
200005b0  buttonDebouncePin       
200005af  buttonDownPin           
200005ae  buttonUpPin             
000028a1  copy_in                 
20000684  currentState            
000015ad  displayLine             
00002941  exit                    
00002a61  feraiseexcept           
00002b7b  frexp                   
20000000  g_pfnRAMVectors         
00000000  g_pfnVectors            
20000680  globalCounter           
000015ff  globalCounterLess       
000015df  globalCounterPlus       
000027b1  ldexp                   
20000610  lineLengthArray         
000016b5  lineSwitcher            
0000275b  ltoa                    
00001329  main                    
2000066c  main_func_sp            
00002ba5  memccpy                 
000022db  memcpy                  
0000248b  memset                  
0000159d  millisDelay             
0000164d  portAISR                
0000169f  portCISR                
00002b23  raise                   
00001455  send4BitCommand         
000013f1  send6BitCommand         
0000156d  sendCharacter           
000029b9  signal                  
000026a5  sprintf                 
00002c09  strchr                  
00002c35  strlen                  
0000183d  tableLookup             


GLOBAL SYMBOLS: SORTED BY Symbol Address 

address   name                    
-------   ----                    
00000000  __TI_static_base__      
00000000  g_pfnVectors            
00000200  __STACK_SIZE            
00001021  __TI_printfi            
00001329  main                    
000013f1  send6BitCommand         
00001455  send4BitCommand         
000014f1  FourBitInitialize       
0000156d  sendCharacter           
0000159d  millisDelay             
000015ad  displayLine             
000015df  globalCounterPlus       
000015ff  globalCounterLess       
0000164d  portAISR                
0000169f  portCISR                
000016b5  lineSwitcher            
0000183d  tableLookup             
00001911  __aeabi_uldivmod        
00001b05  __aeabi_dsub            
00001b0f  __aeabi_dadd            
00001cbb  __aeabi_ddiv            
00001df1  GPIOPadConfigSet        
00001f21  _Dscale                 
00002031  __aeabi_dmul            
0000212d  SysCtlClockSet          
0000221d  _Dnorm                  
000022db  __aeabi_memcpy          
000022db  __aeabi_memcpy4         
000022db  __aeabi_memcpy8         
000022db  memcpy                  
00002377  __aeabi_cdcmpeq         
00002377  __aeabi_cdcmple         
000023fd  __aeabi_cdrcmple        
00002483  __aeabi_memclr          
00002483  __aeabi_memclr4         
00002483  __aeabi_memclr8         
00002485  __aeabi_memset          
00002485  __aeabi_memset4         
00002485  __aeabi_memset8         
0000248b  memset                  
000024fd  __TI_auto_init          
000025d5  IntEnable               
0000263d  _Dunscale               
000026a5  sprintf                 
00002705  GPIOIntTypeSet          
0000275b  ltoa                    
000027b1  ldexp                   
00002805  _c_int00                
00002855  atoi                    
000028a1  copy_in                 
000028ed  __aeabi_d2iz            
00002935  C$$EXIT                 
00002939  abort                   
00002941  exit                    
000029b9  signal                  
000029f9  IntRegister             
00002a2d  SysCtlPeripheralEnable  
00002a61  feraiseexcept           
00002a95  _Dclass                 
00002ac5  _Feraise                
00002af5  __aeabi_i2d             
00002b23  raise                   
00002b51  GPIODirModeSet          
00002b7b  frexp                   
00002ba5  memccpy                 
00002bc1  GPIOIntRegister         
00002bd9  GPIOPinTypeGPIOOutput   
00002bf1  _args_main              
00002c09  strchr                  
00002c21  _register_unlock        
00002c27  _register_lock          
00002c2f  _nop                    
00002c35  strlen                  
00002c49  GPIOPinTypeGPIOInput    
00002c5b  GPIOIntDisable          
00002c69  GPIOIntStatus           
00002c77  __TI_decompress_none    
00002c85  GPIOIntEnable           
00002c91  __TI_zero_init          
00002c9d  ResetISR                
00002ca9  GPIOIntClear            
00002caf  GPIOPinRead             
00002cb5  GPIOPinWrite            
00002cbb  SysCtlDelay             
00002cc1  __TI_decompress_rle24   
00002cc7  _system_pre_init        
00002ccc  _ctypes_                
000030b4  __TI_Handler_Table_Base 
000030c0  __TI_Handler_Table_Limit
000030d0  __TI_CINIT_Base         
000030e8  __TI_CINIT_Limit        
20000000  g_pfnRAMVectors         
2000026c  __stack                 
2000046c  __STACK_END             
2000046c  __STACK_TOP             
20000520  _Denorm                 
20000530  _Eps                    
20000540  _Hugeval                
20000550  _Inf                    
20000560  _Nan                    
20000570  _Snan                   
20000580  _Rteps                  
20000590  _Xbig                   
20000598  _Zero                   
200005a0  RS                      
200005a1  E                       
200005a2  RW                      
200005a3  bit4                    
200005a4  bit5                    
200005a5  bit6                    
200005a6  bit7                    
200005a7  RSHigh                  
200005a8  EHigh                   
200005a9  RWHigh                  
200005aa  bit4High                
200005ab  bit5High                
200005ac  bit6High                
200005ad  bit7High                
200005ae  buttonUpPin             
200005af  buttonDownPin           
200005b0  buttonDebouncePin       
20000610  lineLengthArray         
20000650  _lock                   
20000654  _unlock                 
20000658  __TI_cleanup_ptr        
2000065c  __TI_dtors_ptr          
20000660  _Fenv                   
20000664  _Tls_setup__Fenv        
20000668  _Errno                  
2000066c  main_func_sp            
20000670  buffer                  
20000680  globalCounter           
20000684  currentState            
ffffffff  __binit__               
ffffffff  __c_args__              
ffffffff  binit                   
UNDEFED   SHT$$INIT_ARRAY$$Base   
UNDEFED   SHT$$INIT_ARRAY$$Limit  

[138 symbols]
