******************************************************************************
                  TI ARM Linker PC v5.2.2                      
******************************************************************************
>> Linked Wed Apr 06 01:24:03 2016

OUTPUT FILE NAME:   <ICOM5217EXP5.2.out>
ENTRY POINT SYMBOL: "_c_int00"  address: 00000bd9


MEMORY CONFIGURATION

         name            origin    length      used     unused   attr    fill
----------------------  --------  ---------  --------  --------  ----  --------
  FLASH                 00000000   00040000  00001070  0003ef90  R  X
  SRAM                  20000000   00008000  000000a1  00007f5f  RW X


SEGMENT ALLOCATION MAP

run origin  load origin   length   init length attrs members
----------  ----------- ---------- ----------- ----- -------
00000000    00000000    00001070   00001070    r-x
  00000000    00000000    0000026c   0000026c    r-- .intvecs
  0000026c    0000026c    00000c50   00000c50    r-x .text
  00000ebc    00000ebc    0000016c   0000016c    r-- .const
  00001028    00001028    00000048   00000048    r-- .cinit
20000000    20000000    000000a1   00000000    rw-
  20000000    20000000    00000064   00000000    rw- .stack
  20000064    20000064    00000024   00000000    rw- .data
  20000088    20000088    00000019   00000000    rw- .bss


SECTION ALLOCATION MAP

 output                                  attributes/
section   page    origin      length       input sections
--------  ----  ----------  ----------   ----------------
.intvecs   0    00000000    0000026c     
                  00000000    0000026c     tm4c123gh6pm_startup_ccs.obj (.intvecs)

.text      0    0000026c    00000c50     
                  0000026c    000003e8     main.obj (.text)
                  00000654    00000130     driverlib.lib : gpio.obj (.text:GPIOPadConfigSet)
                  00000784    0000010c                   : sysctl.obj (.text:SysCtlClockGet)
                  00000890    000000f0                   : sysctl.obj (.text:SysCtlClockSet)
                  00000980    0000009c     rtsv7M4_T_le_v4SPD16_eabi.lib : memcpy_t2.obj (.text)
                  00000a1c    0000007a                                   : memset_t2.obj (.text)
                  00000a96    00000002     --HOLE-- [fill = 0]
                  00000a98    0000006c                                   : autoinit.obj (.text)
                  00000b04    0000006a                                   : copy_decompress_rle.obj (.text)
                  00000b6e    00000002     --HOLE-- [fill = 0]
                  00000b70    00000068     driverlib.lib : interrupt.obj (.text:IntEnable)
                  00000bd8    00000050     rtsv7M4_T_le_v4SPD16_eabi.lib : boot.obj (.text)
                  00000c28    0000004c                                   : cpy_tbl.obj (.text)
                  00000c74    00000048     driverlib.lib : gpio.obj (.text:GPIOPinConfigure)
                  00000cbc    00000044     rtsv7M4_T_le_v4SPD16_eabi.lib : exit.obj (.text)
                  00000d00    00000042     driverlib.lib : uart.obj (.text:UARTConfigSetExpClk)
                  00000d42    00000002     --HOLE-- [fill = 0]
                  00000d44    00000034                   : sysctl.obj (.text:SysCtlPeripheralEnable)
                  00000d78    0000002a                   : gpio.obj (.text:GPIODirModeSet)
                  00000da2    00000002     --HOLE-- [fill = 0]
                  00000da4    0000001c                   : uart.obj (.text:UARTDisable)
                  00000dc0    00000018                   : gpio.obj (.text:GPIOPinTypeGPIOOutput)
                  00000dd8    00000018     rtsv7M4_T_le_v4SPD16_eabi.lib : args_main.obj (.text)
                  00000df0    00000014     driverlib.lib : uart.obj (.text:UARTEnable)
                  00000e04    00000014     rtsv7M4_T_le_v4SPD16_eabi.lib : _lock.obj (.text)
                  00000e18    00000012     driverlib.lib : gpio.obj (.text:GPIOPinTypeUART)
                  00000e2a    00000010                   : interrupt.obj (.text:IntMasterEnable)
                  00000e3a    0000000e                   : uart.obj (.text:UARTCharGetNonBlocking)
                  00000e48    0000000e     rtsv7M4_T_le_v4SPD16_eabi.lib : copy_decompress_none.obj (.text:decompress:none)
                  00000e56    0000000c     driverlib.lib : cpu.obj (.text:CPUcpsie)
                  00000e62    0000000c                   : uart.obj (.text:UARTCharsAvail)
                  00000e6e    0000000c     rtsv7M4_T_le_v4SPD16_eabi.lib : copy_zero_init.obj (.text:decompress:ZI)
                  00000e7a    0000000c     tm4c123gh6pm_startup_ccs.obj (.text)
                  00000e86    0000000a     driverlib.lib : uart.obj (.text:UARTCharPut)
                  00000e90    0000000a                   : uart.obj (.text:UARTIntStatus)
                  00000e9a    00000008                   : uart.obj (.text:UARTIntEnable)
                  00000ea2    00000006                   : gpio.obj (.text:GPIOPinWrite)
                  00000ea8    00000006                   : sysctl.obj (.text:SysCtlDelay)
                  00000eae    00000006     rtsv7M4_T_le_v4SPD16_eabi.lib : copy_decompress_rle.obj (.text:decompress:rle24)
                  00000eb4    00000004     driverlib.lib : uart.obj (.text:UARTIntClear)
                  00000eb8    00000004     rtsv7M4_T_le_v4SPD16_eabi.lib : pre_init.obj (.text)

.const     0    00000ebc    0000016c     
                  00000ebc    00000090     driverlib.lib : gpio.obj (.const:g_pui32GPIOBaseAddrs)
                  00000f4c    00000070                   : interrupt.obj (.const)
                  00000fbc    0000006c                   : sysctl.obj (.const:g_pui32Xtals)

.cinit     0    00001028    00000048     
                  00001028    0000001f     (.cinit..data.load) [load image, compression = rle]
                  00001047    00000001     --HOLE-- [fill = 0]
                  00001048    0000000c     (__TI_handler_table)
                  00001054    00000004     --HOLE-- [fill = 0]
                  00001058    00000008     (.cinit..bss.load) [load image, compression = zero_init]
                  00001060    00000010     (__TI_cinit_table)

.init_array 
*          0    00000000    00000000     UNINITIALIZED

.stack     0    20000000    00000064     UNINITIALIZED
                  20000000    00000064     --HOLE--

.data      0    20000064    00000024     UNINITIALIZED
                  20000064    0000000e     main.obj (.data)
                  20000072    00000002     --HOLE--
                  20000074    00000008     rtsv7M4_T_le_v4SPD16_eabi.lib : _lock.obj (.data)
                  2000007c    00000008                                   : exit.obj (.data)
                  20000084    00000004                                   : stkdepth_vars.obj (.data)

.bss       0    20000088    00000019     UNINITIALIZED
                  20000088    00000010     (.common:string)
                  20000098    00000004     (.common:i)
                  2000009c    00000004     (.common:j)
                  200000a0    00000001     (.common:temp)

.TI.persistent 
*          0    20000064    00000000     UNINITIALIZED

.TI.noinit 
*          0    20000088    00000000     UNINITIALIZED


LINKER GENERATED COPY TABLES

__TI_cinit_table @ 00001060 records: 2, size/record: 8, table size: 16
	.data: load addr=00001028, load size=0000001f bytes, run addr=20000064, run size=00000024 bytes, compression=rle
	.bss: load addr=00001058, load size=00000008 bytes, run addr=20000088, run size=00000019 bytes, compression=zero_init


LINKER GENERATED HANDLER TABLE

__TI_handler_table @ 00001048 records: 3, size/record: 4, table size: 12
	index: 0, handler: __TI_decompress_rle24
	index: 1, handler: __TI_decompress_none
	index: 2, handler: __TI_zero_init


GLOBAL SYMBOLS: SORTED ALPHABETICALLY BY Name 

address   name                    
-------   ----                    
00000cbd  C$$EXIT                 
00000e57  CPUcpsie                
20000065  E                       
2000006c  EHigh                   
000004f7  FourBitInitialize       
00000d79  GPIODirModeSet          
00000655  GPIOPadConfigSet        
00000c75  GPIOPinConfigure        
00000dc1  GPIOPinTypeGPIOOutput   
00000e19  GPIOPinTypeUART         
00000ea3  GPIOPinWrite            
00000b71  IntEnable               
00000e2b  IntMasterEnable         
20000064  RS                      
2000006b  RSHigh                  
20000066  RW                      
2000006d  RWHigh                  
00000e7b  ResetISR                
UNDEFED   SHT$$INIT_ARRAY$$Base   
UNDEFED   SHT$$INIT_ARRAY$$Limit  
00000785  SysCtlClockGet          
00000891  SysCtlClockSet          
00000ea9  SysCtlDelay             
00000d45  SysCtlPeripheralEnable  
00000e3b  UARTCharGetNonBlocking  
00000e87  UARTCharPut             
00000e63  UARTCharsAvail          
00000d01  UARTConfigSetExpClk     
00000da5  UARTDisable             
00000df1  UARTEnable              
00000eb5  UARTIntClear            
00000e9b  UARTIntEnable           
0000026d  UARTIntHandler          
00000e91  UARTIntStatus           
20000064  __STACK_END             
00000064  __STACK_SIZE            
20000200  __STACK_TOP             
00001060  __TI_CINIT_Base         
00001070  __TI_CINIT_Limit        
00001048  __TI_Handler_Table_Base 
00001054  __TI_Handler_Table_Limit
00000a99  __TI_auto_init          
2000007c  __TI_cleanup_ptr        
00000e49  __TI_decompress_none    
00000eaf  __TI_decompress_rle24   
20000080  __TI_dtors_ptr          
00000000  __TI_static_base__      
00000e6f  __TI_zero_init          
00000a1d  __aeabi_memclr          
00000a1d  __aeabi_memclr4         
00000a1d  __aeabi_memclr8         
00000981  __aeabi_memcpy          
00000981  __aeabi_memcpy4         
00000981  __aeabi_memcpy8         
00000a1f  __aeabi_memset          
00000a1f  __aeabi_memset4         
00000a1f  __aeabi_memset8         
ffffffff  __binit__               
ffffffff  __c_args__              
20000000  __stack                 
00000dd9  _args_main              
00000bd9  _c_int00                
20000074  _lock                   
00000e13  _nop                    
00000e0b  _register_lock          
00000e05  _register_unlock        
00000eb9  _system_pre_init        
20000078  _unlock                 
00000cc1  abort                   
ffffffff  binit                   
20000067  bit4                    
2000006e  bit4High                
20000068  bit5                    
2000006f  bit5High                
20000069  bit6                    
20000070  bit6High                
2000006a  bit7                    
20000071  bit7High                
00000c29  copy_in                 
00000cc9  exit                    
00000000  g_pfnVectors            
20000098  i                       
2000009c  j                       
000002c7  main                    
20000084  main_func_sp            
00000981  memcpy                  
00000a25  memset                  
000005a3  millisDelay             
0000045b  send4BitCommand         
000003f7  send6BitCommand         
00000573  sendCharacter           
20000088  string                  
200000a0  temp                    
000005c9  upper_string            


GLOBAL SYMBOLS: SORTED BY Symbol Address 

address   name                    
-------   ----                    
00000000  __TI_static_base__      
00000000  g_pfnVectors            
00000064  __STACK_SIZE            
0000026d  UARTIntHandler          
000002c7  main                    
000003f7  send6BitCommand         
0000045b  send4BitCommand         
000004f7  FourBitInitialize       
00000573  sendCharacter           
000005a3  millisDelay             
000005c9  upper_string            
00000655  GPIOPadConfigSet        
00000785  SysCtlClockGet          
00000891  SysCtlClockSet          
00000981  __aeabi_memcpy          
00000981  __aeabi_memcpy4         
00000981  __aeabi_memcpy8         
00000981  memcpy                  
00000a1d  __aeabi_memclr          
00000a1d  __aeabi_memclr4         
00000a1d  __aeabi_memclr8         
00000a1f  __aeabi_memset          
00000a1f  __aeabi_memset4         
00000a1f  __aeabi_memset8         
00000a25  memset                  
00000a99  __TI_auto_init          
00000b71  IntEnable               
00000bd9  _c_int00                
00000c29  copy_in                 
00000c75  GPIOPinConfigure        
00000cbd  C$$EXIT                 
00000cc1  abort                   
00000cc9  exit                    
00000d01  UARTConfigSetExpClk     
00000d45  SysCtlPeripheralEnable  
00000d79  GPIODirModeSet          
00000da5  UARTDisable             
00000dc1  GPIOPinTypeGPIOOutput   
00000dd9  _args_main              
00000df1  UARTEnable              
00000e05  _register_unlock        
00000e0b  _register_lock          
00000e13  _nop                    
00000e19  GPIOPinTypeUART         
00000e2b  IntMasterEnable         
00000e3b  UARTCharGetNonBlocking  
00000e49  __TI_decompress_none    
00000e57  CPUcpsie                
00000e63  UARTCharsAvail          
00000e6f  __TI_zero_init          
00000e7b  ResetISR                
00000e87  UARTCharPut             
00000e91  UARTIntStatus           
00000e9b  UARTIntEnable           
00000ea3  GPIOPinWrite            
00000ea9  SysCtlDelay             
00000eaf  __TI_decompress_rle24   
00000eb5  UARTIntClear            
00000eb9  _system_pre_init        
00001048  __TI_Handler_Table_Base 
00001054  __TI_Handler_Table_Limit
00001060  __TI_CINIT_Base         
00001070  __TI_CINIT_Limit        
20000000  __stack                 
20000064  RS                      
20000064  __STACK_END             
20000065  E                       
20000066  RW                      
20000067  bit4                    
20000068  bit5                    
20000069  bit6                    
2000006a  bit7                    
2000006b  RSHigh                  
2000006c  EHigh                   
2000006d  RWHigh                  
2000006e  bit4High                
2000006f  bit5High                
20000070  bit6High                
20000071  bit7High                
20000074  _lock                   
20000078  _unlock                 
2000007c  __TI_cleanup_ptr        
20000080  __TI_dtors_ptr          
20000084  main_func_sp            
20000088  string                  
20000098  i                       
2000009c  j                       
200000a0  temp                    
20000200  __STACK_TOP             
ffffffff  __binit__               
ffffffff  __c_args__              
ffffffff  binit                   
UNDEFED   SHT$$INIT_ARRAY$$Base   
UNDEFED   SHT$$INIT_ARRAY$$Limit  

[94 symbols]
